[0.036s] Invoking command in '/home/zhihuili/RM_prac/build/pure_pursuit_pkg': CMAKE_PREFIX_PATH=${CMAKE_PREFIX_PATH}:/home/zhihuili/RM_prac/install/turtlebot3_dqn:/opt/ros/humble /usr/bin/cmake --build /home/zhihuili/RM_prac/build/pure_pursuit_pkg -- -j14 -l14
[0.105s] [  2%] Built target pure_pursuit_pkg__rs
[0.131s] [ 10%] Built target pure_pursuit_pkg__rosidl_generator_c
[0.145s] [ 10%] Built target ament_cmake_python_symlink_pure_pursuit_pkg
[0.190s] [ 13%] Built target pure_pursuit_pkg__cpp
[0.190s] [ 21%] Built target pure_pursuit_pkg__rosidl_typesupport_introspection_c
[0.238s] [ 28%] Built target pure_pursuit_pkg__rosidl_typesupport_fastrtps_c
[0.254s] [ 36%] Built target pure_pursuit_pkg__rosidl_typesupport_c
[0.258s] [ 44%] Built target pure_pursuit_pkg__rosidl_typesupport_fastrtps_cpp
[0.259s] [ 52%] Built target pure_pursuit_pkg__rosidl_typesupport_introspection_cpp
[0.276s] [ 60%] Built target pure_pursuit_pkg__rosidl_typesupport_cpp
[0.354s] [ 65%] Built target waypoints_node
[0.393s] [ 65%] Built target pure_pursuit_pkg
[0.413s] [ 71%] Built target waypoint_tools_lib
[0.458s] [ 73%] Built target pure_pursuit_pkg__py
[0.538s] [ 78%] Built target pure_pursuit_pkg__rosidl_generator_py
[0.538s] running egg_info
[0.539s] writing pure_pursuit_pkg.egg-info/PKG-INFO
[0.540s] writing dependency_links to pure_pursuit_pkg.egg-info/dependency_links.txt
[0.540s] writing top-level names to pure_pursuit_pkg.egg-info/top_level.txt
[0.545s] reading manifest file 'pure_pursuit_pkg.egg-info/SOURCES.txt'
[0.547s] writing manifest file 'pure_pursuit_pkg.egg-info/SOURCES.txt'
[0.550s] [ 84%] Built target pure_pursuit_odom
[0.582s] [ 92%] Built target pure_pursuit_pkg__rosidl_typesupport_fastrtps_c__pyext
[0.584s] [ 94%] Built target pure_pursuit_pkg__rosidl_typesupport_c__pyext
[0.587s] [100%] Built target pure_pursuit_pkg__rosidl_typesupport_introspection_c__pyext
[0.612s] [100%] Built target ament_cmake_python_build_pure_pursuit_pkg_egg
[0.648s] Invoked command in '/home/zhihuili/RM_prac/build/pure_pursuit_pkg' returned '0': CMAKE_PREFIX_PATH=${CMAKE_PREFIX_PATH}:/home/zhihuili/RM_prac/install/turtlebot3_dqn:/opt/ros/humble /usr/bin/cmake --build /home/zhihuili/RM_prac/build/pure_pursuit_pkg -- -j14 -l14
[0.650s] Invoking command in '/home/zhihuili/RM_prac/build/pure_pursuit_pkg': CMAKE_PREFIX_PATH=${CMAKE_PREFIX_PATH}:/home/zhihuili/RM_prac/install/turtlebot3_dqn:/opt/ros/humble /usr/bin/cmake --install /home/zhihuili/RM_prac/build/pure_pursuit_pkg
[0.671s] -- Install configuration: ""
[0.672s] -- Execute custom install script
[0.673s] -- Up-to-date symlink: /home/zhihuili/RM_prac/install/pure_pursuit_pkg/share/ament_index/resource_index/rosidl_interfaces/pure_pursuit_pkg
[0.673s] -- Up-to-date symlink: /home/zhihuili/RM_prac/install/pure_pursuit_pkg/include/pure_pursuit_pkg/pure_pursuit_pkg/msg/detail/way_point_path__functions.h
[0.673s] -- Up-to-date symlink: /home/zhihuili/RM_prac/install/pure_pursuit_pkg/include/pure_pursuit_pkg/pure_pursuit_pkg/msg/detail/way_point_path__struct.h
[0.673s] -- Up-to-date symlink: /home/zhihuili/RM_prac/install/pure_pursuit_pkg/include/pure_pursuit_pkg/pure_pursuit_pkg/msg/detail/way_point_path__type_support.h
[0.673s] -- Up-to-date symlink: /home/zhihuili/RM_prac/install/pure_pursuit_pkg/include/pure_pursuit_pkg/pure_pursuit_pkg/msg/rosidl_generator_c__visibility_control.h
[0.673s] -- Up-to-date symlink: /home/zhihuili/RM_prac/install/pure_pursuit_pkg/include/pure_pursuit_pkg/pure_pursuit_pkg/msg/way_point_path.h
[0.674s] -- Up-to-date symlink: /home/zhihuili/RM_prac/install/pure_pursuit_pkg/share/pure_pursuit_pkg/environment/library_path.sh
[0.675s] -- Up-to-date symlink: /home/zhihuili/RM_prac/install/pure_pursuit_pkg/share/pure_pursuit_pkg/environment/library_path.dsv
[0.676s] -- Up-to-date symlink: /home/zhihuili/RM_prac/install/pure_pursuit_pkg/include/pure_pursuit_pkg/pure_pursuit_pkg/msg/detail/way_point_path__rosidl_typesupport_fastrtps_c.h
[0.676s] -- Up-to-date symlink: /home/zhihuili/RM_prac/install/pure_pursuit_pkg/include/pure_pursuit_pkg/pure_pursuit_pkg/msg/rosidl_typesupport_fastrtps_c__visibility_control.h
[0.677s] -- Up-to-date symlink: /home/zhihuili/RM_prac/install/pure_pursuit_pkg/include/pure_pursuit_pkg/pure_pursuit_pkg/msg/detail/way_point_path__builder.hpp
[0.679s] -- Up-to-date symlink: /home/zhihuili/RM_prac/install/pure_pursuit_pkg/include/pure_pursuit_pkg/pure_pursuit_pkg/msg/detail/way_point_path__struct.hpp
[0.680s] -- Up-to-date symlink: /home/zhihuili/RM_prac/install/pure_pursuit_pkg/include/pure_pursuit_pkg/pure_pursuit_pkg/msg/detail/way_point_path__traits.hpp
[0.680s] -- Up-to-date symlink: /home/zhihuili/RM_prac/install/pure_pursuit_pkg/include/pure_pursuit_pkg/pure_pursuit_pkg/msg/detail/way_point_path__type_support.hpp
[0.681s] -- Up-to-date symlink: /home/zhihuili/RM_prac/install/pure_pursuit_pkg/include/pure_pursuit_pkg/pure_pursuit_pkg/msg/rosidl_generator_cpp__visibility_control.hpp
[0.681s] -- Up-to-date symlink: /home/zhihuili/RM_prac/install/pure_pursuit_pkg/include/pure_pursuit_pkg/pure_pursuit_pkg/msg/way_point_path.hpp
[0.682s] -- Up-to-date symlink: /home/zhihuili/RM_prac/install/pure_pursuit_pkg/include/pure_pursuit_pkg/pure_pursuit_pkg/msg/detail/way_point_path__rosidl_typesupport_fastrtps_cpp.hpp
[0.682s] -- Up-to-date symlink: /home/zhihuili/RM_prac/install/pure_pursuit_pkg/include/pure_pursuit_pkg/pure_pursuit_pkg/msg/rosidl_typesupport_fastrtps_cpp__visibility_control.h
[0.682s] -- Up-to-date symlink: /home/zhihuili/RM_prac/install/pure_pursuit_pkg/include/pure_pursuit_pkg/pure_pursuit_pkg/msg/detail/way_point_path__rosidl_typesupport_introspection_c.h
[0.682s] -- Up-to-date symlink: /home/zhihuili/RM_prac/install/pure_pursuit_pkg/include/pure_pursuit_pkg/pure_pursuit_pkg/msg/rosidl_typesupport_introspection_c__visibility_control.h
[0.682s] -- Up-to-date symlink: /home/zhihuili/RM_prac/install/pure_pursuit_pkg/include/pure_pursuit_pkg/pure_pursuit_pkg/msg/detail/way_point_path__rosidl_typesupport_introspection_cpp.hpp
[0.683s] -- Up-to-date symlink: /home/zhihuili/RM_prac/install/pure_pursuit_pkg/share/pure_pursuit_pkg/environment/pythonpath.sh
[0.683s] -- Up-to-date symlink: /home/zhihuili/RM_prac/install/pure_pursuit_pkg/share/pure_pursuit_pkg/environment/pythonpath.dsv
[0.683s] -- Up-to-date symlink: /home/zhihuili/RM_prac/install/pure_pursuit_pkg/local/lib/python3.10/dist-packages/pure_pursuit_pkg-0.0.0-py3.10.egg-info/PKG-INFO
[0.683s] -- Up-to-date symlink: /home/zhihuili/RM_prac/install/pure_pursuit_pkg/local/lib/python3.10/dist-packages/pure_pursuit_pkg-0.0.0-py3.10.egg-info/SOURCES.txt
[0.683s] -- Up-to-date symlink: /home/zhihuili/RM_prac/install/pure_pursuit_pkg/local/lib/python3.10/dist-packages/pure_pursuit_pkg-0.0.0-py3.10.egg-info/dependency_links.txt
[0.683s] -- Up-to-date symlink: /home/zhihuili/RM_prac/install/pure_pursuit_pkg/local/lib/python3.10/dist-packages/pure_pursuit_pkg-0.0.0-py3.10.egg-info/top_level.txt
[0.684s] -- Up-to-date symlink: /home/zhihuili/RM_prac/install/pure_pursuit_pkg/local/lib/python3.10/dist-packages/pure_pursuit_pkg/__init__.py
[0.684s] -- Up-to-date symlink: /home/zhihuili/RM_prac/install/pure_pursuit_pkg/local/lib/python3.10/dist-packages/pure_pursuit_pkg/_pure_pursuit_pkg_s.ep.rosidl_typesupport_c.c
[0.684s] -- Up-to-date symlink: /home/zhihuili/RM_prac/install/pure_pursuit_pkg/local/lib/python3.10/dist-packages/pure_pursuit_pkg/_pure_pursuit_pkg_s.ep.rosidl_typesupport_fastrtps_c.c
[0.684s] -- Up-to-date symlink: /home/zhihuili/RM_prac/install/pure_pursuit_pkg/local/lib/python3.10/dist-packages/pure_pursuit_pkg/_pure_pursuit_pkg_s.ep.rosidl_typesupport_introspection_c.c
[0.684s] -- Up-to-date symlink: /home/zhihuili/RM_prac/install/pure_pursuit_pkg/local/lib/python3.10/dist-packages/pure_pursuit_pkg/libpure_pursuit_pkg__rosidl_generator_py.so
[0.684s] -- Up-to-date symlink: /home/zhihuili/RM_prac/install/pure_pursuit_pkg/local/lib/python3.10/dist-packages/pure_pursuit_pkg/msg/__init__.py
[0.685s] -- Up-to-date symlink: /home/zhihuili/RM_prac/install/pure_pursuit_pkg/local/lib/python3.10/dist-packages/pure_pursuit_pkg/msg/_way_point_path.py
[0.686s] -- Up-to-date symlink: /home/zhihuili/RM_prac/install/pure_pursuit_pkg/local/lib/python3.10/dist-packages/pure_pursuit_pkg/msg/_way_point_path_s.c
[0.688s] -- Up-to-date symlink: /home/zhihuili/RM_prac/install/pure_pursuit_pkg/local/lib/python3.10/dist-packages/pure_pursuit_pkg/pure_pursuit_pkg_s__rosidl_typesupport_c.cpython-310-x86_64-linux-gnu.so
[0.690s] -- Up-to-date symlink: /home/zhihuili/RM_prac/install/pure_pursuit_pkg/local/lib/python3.10/dist-packages/pure_pursuit_pkg/pure_pursuit_pkg_s__rosidl_typesupport_fastrtps_c.cpython-310-x86_64-linux-gnu.so
[0.691s] -- Up-to-date symlink: /home/zhihuili/RM_prac/install/pure_pursuit_pkg/local/lib/python3.10/dist-packages/pure_pursuit_pkg/pure_pursuit_pkg_s__rosidl_typesupport_introspection_c.cpython-310-x86_64-linux-gnu.so
[0.703s] -- Up-to-date symlink: /home/zhihuili/RM_prac/install/pure_pursuit_pkg/local/lib/python3.10/dist-packages/pure_pursuit_pkg/pure_pursuit_pkg_s__rosidl_typesupport_fastrtps_c.cpython-310-x86_64-linux-gnu.so
[0.703s] -- Up-to-date symlink: /home/zhihuili/RM_prac/install/pure_pursuit_pkg/local/lib/python3.10/dist-packages/pure_pursuit_pkg/pure_pursuit_pkg_s__rosidl_typesupport_introspection_c.cpython-310-x86_64-linux-gnu.so
[0.705s] -- Up-to-date symlink: /home/zhihuili/RM_prac/install/pure_pursuit_pkg/local/lib/python3.10/dist-packages/pure_pursuit_pkg/pure_pursuit_pkg_s__rosidl_typesupport_c.cpython-310-x86_64-linux-gnu.so
[0.705s] -- Up-to-date symlink: /home/zhihuili/RM_prac/install/pure_pursuit_pkg/share/ament_index/resource_index/rust_packages/pure_pursuit_pkg
[0.710s] -- Up-to-date symlink: /home/zhihuili/RM_prac/install/pure_pursuit_pkg/share/pure_pursuit_pkg/rust/Cargo.toml
[0.710s] -- Up-to-date symlink: /home/zhihuili/RM_prac/install/pure_pursuit_pkg/share/pure_pursuit_pkg/rust/build.rs
[0.710s] -- Up-to-date symlink: /home/zhihuili/RM_prac/install/pure_pursuit_pkg/share/pure_pursuit_pkg/rust/src/lib.rs
[0.710s] -- Up-to-date symlink: /home/zhihuili/RM_prac/install/pure_pursuit_pkg/share/pure_pursuit_pkg/rust/src/msg.rs
[0.710s] -- Up-to-date symlink: /home/zhihuili/RM_prac/install/pure_pursuit_pkg/share/pure_pursuit_pkg/rust/src/msg/rmw.rs
[0.710s] -- Up-to-date symlink: /home/zhihuili/RM_prac/install/pure_pursuit_pkg/share/pure_pursuit_pkg/msg/WayPointPath.idl
[0.711s] -- Up-to-date symlink: /home/zhihuili/RM_prac/install/pure_pursuit_pkg/share/pure_pursuit_pkg/msg/WayPointPath.msg
[0.711s] -- Up-to-date symlink: /home/zhihuili/RM_prac/install/pure_pursuit_pkg/lib/pure_pursuit_pkg/pure_pursuit_odom
[0.711s] -- Up-to-date symlink: /home/zhihuili/RM_prac/install/pure_pursuit_pkg/lib/pure_pursuit_pkg/waypoints_node
[0.711s] -- Up-to-date symlink: /home/zhihuili/RM_prac/install/pure_pursuit_pkg/share/pure_pursuit_pkg/msg/WayPointPath.msg
[0.711s] -- Up-to-date symlink: /home/zhihuili/RM_prac/install/pure_pursuit_pkg/share/pure_pursuit_pkg/config/path.yaml
[0.715s] -- Up-to-date symlink: /home/zhihuili/RM_prac/install/pure_pursuit_pkg/share/pure_pursuit_pkg/launch/pure_pursuit_controller.launch.py
[0.715s] -- Up-to-date symlink: /home/zhihuili/RM_prac/install/pure_pursuit_pkg/share/pure_pursuit_pkg/launch/pure_pursuit_controller_eventhandler.launch.py
[0.715s] -- Up-to-date symlink: /home/zhihuili/RM_prac/install/pure_pursuit_pkg/lib/libwaypoint_tools_lib.so
[0.715s] -- Up-to-date symlink: /home/zhihuili/RM_prac/install/pure_pursuit_pkg/share/ament_index/resource_index/package_run_dependencies/pure_pursuit_pkg
[0.715s] -- Up-to-date symlink: /home/zhihuili/RM_prac/install/pure_pursuit_pkg/share/ament_index/resource_index/parent_prefix_path/pure_pursuit_pkg
[0.715s] -- Up-to-date symlink: /home/zhihuili/RM_prac/install/pure_pursuit_pkg/share/pure_pursuit_pkg/environment/ament_prefix_path.sh
[0.716s] -- Up-to-date symlink: /home/zhihuili/RM_prac/install/pure_pursuit_pkg/share/pure_pursuit_pkg/environment/ament_prefix_path.dsv
[0.716s] -- Up-to-date symlink: /home/zhihuili/RM_prac/install/pure_pursuit_pkg/share/pure_pursuit_pkg/environment/path.sh
[0.716s] -- Up-to-date symlink: /home/zhihuili/RM_prac/install/pure_pursuit_pkg/share/pure_pursuit_pkg/environment/path.dsv
[0.716s] -- Up-to-date symlink: /home/zhihuili/RM_prac/install/pure_pursuit_pkg/share/pure_pursuit_pkg/local_setup.bash
[0.717s] -- Up-to-date symlink: /home/zhihuili/RM_prac/install/pure_pursuit_pkg/share/pure_pursuit_pkg/local_setup.sh
[0.717s] -- Up-to-date symlink: /home/zhihuili/RM_prac/install/pure_pursuit_pkg/share/pure_pursuit_pkg/local_setup.zsh
[0.719s] -- Up-to-date symlink: /home/zhihuili/RM_prac/install/pure_pursuit_pkg/share/pure_pursuit_pkg/local_setup.dsv
[0.721s] -- Symlinking: /home/zhihuili/RM_prac/install/pure_pursuit_pkg/share/pure_pursuit_pkg/package.dsv
[0.727s] -- Up-to-date symlink: /home/zhihuili/RM_prac/install/pure_pursuit_pkg/share/ament_index/resource_index/packages/pure_pursuit_pkg
[0.727s] -- Up-to-date symlink: /home/zhihuili/RM_prac/install/pure_pursuit_pkg/share/pure_pursuit_pkg/cmake/rosidl_cmake-extras.cmake
[0.727s] -- Up-to-date symlink: /home/zhihuili/RM_prac/install/pure_pursuit_pkg/share/pure_pursuit_pkg/cmake/ament_cmake_export_dependencies-extras.cmake
[0.727s] -- Up-to-date symlink: /home/zhihuili/RM_prac/install/pure_pursuit_pkg/share/pure_pursuit_pkg/cmake/ament_cmake_export_include_directories-extras.cmake
[0.727s] -- Up-to-date symlink: /home/zhihuili/RM_prac/install/pure_pursuit_pkg/share/pure_pursuit_pkg/cmake/ament_cmake_export_libraries-extras.cmake
[0.727s] -- Up-to-date symlink: /home/zhihuili/RM_prac/install/pure_pursuit_pkg/share/pure_pursuit_pkg/cmake/ament_cmake_export_targets-extras.cmake
[0.727s] -- Up-to-date symlink: /home/zhihuili/RM_prac/install/pure_pursuit_pkg/share/pure_pursuit_pkg/cmake/rosidl_cmake_export_typesupport_targets-extras.cmake
[0.727s] -- Up-to-date symlink: /home/zhihuili/RM_prac/install/pure_pursuit_pkg/share/pure_pursuit_pkg/cmake/rosidl_cmake_export_typesupport_libraries-extras.cmake
[0.727s] -- Up-to-date symlink: /home/zhihuili/RM_prac/install/pure_pursuit_pkg/share/pure_pursuit_pkg/cmake/pure_pursuit_pkgConfig.cmake
[0.727s] -- Up-to-date symlink: /home/zhihuili/RM_prac/install/pure_pursuit_pkg/share/pure_pursuit_pkg/cmake/pure_pursuit_pkgConfig-version.cmake
[0.727s] -- Up-to-date symlink: /home/zhihuili/RM_prac/install/pure_pursuit_pkg/share/pure_pursuit_pkg/package.xml
[0.727s] -- Up-to-date: /home/zhihuili/RM_prac/install/pure_pursuit_pkg/lib/libpure_pursuit_pkg__rosidl_generator_c.so
[0.727s] -- Up-to-date: /home/zhihuili/RM_prac/install/pure_pursuit_pkg/lib/libpure_pursuit_pkg__rosidl_typesupport_fastrtps_c.so
[0.728s] -- Up-to-date: /home/zhihuili/RM_prac/install/pure_pursuit_pkg/lib/libpure_pursuit_pkg__rosidl_typesupport_fastrtps_cpp.so
[0.728s] -- Up-to-date: /home/zhihuili/RM_prac/install/pure_pursuit_pkg/lib/libpure_pursuit_pkg__rosidl_typesupport_introspection_c.so
[0.728s] -- Up-to-date: /home/zhihuili/RM_prac/install/pure_pursuit_pkg/lib/libpure_pursuit_pkg__rosidl_typesupport_c.so
[0.728s] -- Up-to-date: /home/zhihuili/RM_prac/install/pure_pursuit_pkg/lib/libpure_pursuit_pkg__rosidl_typesupport_introspection_cpp.so
[0.728s] -- Up-to-date: /home/zhihuili/RM_prac/install/pure_pursuit_pkg/lib/libpure_pursuit_pkg__rosidl_typesupport_cpp.so
[0.759s] Listing '/home/zhihuili/RM_prac/install/pure_pursuit_pkg/local/lib/python3.10/dist-packages/pure_pursuit_pkg'...
[0.760s] Listing '/home/zhihuili/RM_prac/install/pure_pursuit_pkg/local/lib/python3.10/dist-packages/pure_pursuit_pkg/msg'...
[0.769s] -- Up-to-date: /home/zhihuili/RM_prac/install/pure_pursuit_pkg/lib/libpure_pursuit_pkg__rosidl_generator_py.so
[0.769s] -- Up-to-date: /home/zhihuili/RM_prac/install/pure_pursuit_pkg/share/pure_pursuit_pkg/cmake/export_pure_pursuit_pkg__rosidl_generator_cExport.cmake
[0.769s] -- Up-to-date: /home/zhihuili/RM_prac/install/pure_pursuit_pkg/share/pure_pursuit_pkg/cmake/export_pure_pursuit_pkg__rosidl_generator_cExport-noconfig.cmake
[0.769s] -- Up-to-date: /home/zhihuili/RM_prac/install/pure_pursuit_pkg/share/pure_pursuit_pkg/cmake/export_pure_pursuit_pkg__rosidl_typesupport_fastrtps_cExport.cmake
[0.769s] -- Up-to-date: /home/zhihuili/RM_prac/install/pure_pursuit_pkg/share/pure_pursuit_pkg/cmake/export_pure_pursuit_pkg__rosidl_typesupport_fastrtps_cExport-noconfig.cmake
[0.770s] -- Up-to-date: /home/zhihuili/RM_prac/install/pure_pursuit_pkg/share/pure_pursuit_pkg/cmake/export_pure_pursuit_pkg__rosidl_generator_cppExport.cmake
[0.770s] -- Up-to-date: /home/zhihuili/RM_prac/install/pure_pursuit_pkg/share/pure_pursuit_pkg/cmake/export_pure_pursuit_pkg__rosidl_typesupport_fastrtps_cppExport.cmake
[0.770s] -- Up-to-date: /home/zhihuili/RM_prac/install/pure_pursuit_pkg/share/pure_pursuit_pkg/cmake/export_pure_pursuit_pkg__rosidl_typesupport_fastrtps_cppExport-noconfig.cmake
[0.770s] -- Up-to-date: /home/zhihuili/RM_prac/install/pure_pursuit_pkg/share/pure_pursuit_pkg/cmake/pure_pursuit_pkg__rosidl_typesupport_introspection_cExport.cmake
[0.770s] -- Up-to-date: /home/zhihuili/RM_prac/install/pure_pursuit_pkg/share/pure_pursuit_pkg/cmake/pure_pursuit_pkg__rosidl_typesupport_introspection_cExport-noconfig.cmake
[0.770s] -- Up-to-date: /home/zhihuili/RM_prac/install/pure_pursuit_pkg/share/pure_pursuit_pkg/cmake/pure_pursuit_pkg__rosidl_typesupport_cExport.cmake
[0.770s] -- Up-to-date: /home/zhihuili/RM_prac/install/pure_pursuit_pkg/share/pure_pursuit_pkg/cmake/pure_pursuit_pkg__rosidl_typesupport_cExport-noconfig.cmake
[0.770s] -- Up-to-date: /home/zhihuili/RM_prac/install/pure_pursuit_pkg/share/pure_pursuit_pkg/cmake/pure_pursuit_pkg__rosidl_typesupport_introspection_cppExport.cmake
[0.770s] -- Up-to-date: /home/zhihuili/RM_prac/install/pure_pursuit_pkg/share/pure_pursuit_pkg/cmake/pure_pursuit_pkg__rosidl_typesupport_introspection_cppExport-noconfig.cmake
[0.770s] -- Up-to-date: /home/zhihuili/RM_prac/install/pure_pursuit_pkg/share/pure_pursuit_pkg/cmake/pure_pursuit_pkg__rosidl_typesupport_cppExport.cmake
[0.771s] -- Up-to-date: /home/zhihuili/RM_prac/install/pure_pursuit_pkg/share/pure_pursuit_pkg/cmake/pure_pursuit_pkg__rosidl_typesupport_cppExport-noconfig.cmake
[0.771s] -- Up-to-date: /home/zhihuili/RM_prac/install/pure_pursuit_pkg/share/pure_pursuit_pkg/cmake/export_pure_pursuit_pkg__rosidl_generator_pyExport.cmake
[0.771s] -- Up-to-date: /home/zhihuili/RM_prac/install/pure_pursuit_pkg/share/pure_pursuit_pkg/cmake/export_pure_pursuit_pkg__rosidl_generator_pyExport-noconfig.cmake
[0.778s] Invoked command in '/home/zhihuili/RM_prac/build/pure_pursuit_pkg' returned '0': CMAKE_PREFIX_PATH=${CMAKE_PREFIX_PATH}:/home/zhihuili/RM_prac/install/turtlebot3_dqn:/opt/ros/humble /usr/bin/cmake --install /home/zhihuili/RM_prac/build/pure_pursuit_pkg
