running egg_info
writing ../../build/turtlebot3_dqn/turtlebot3_dqn.egg-info/PKG-INFO
writing dependency_links to ../../build/turtlebot3_dqn/turtlebot3_dqn.egg-info/dependency_links.txt
writing entry points to ../../build/turtlebot3_dqn/turtlebot3_dqn.egg-info/entry_points.txt
writing requirements to ../../build/turtlebot3_dqn/turtlebot3_dqn.egg-info/requires.txt
writing top-level names to ../../build/turtlebot3_dqn/turtlebot3_dqn.egg-info/top_level.txt
reading manifest file '../../build/turtlebot3_dqn/turtlebot3_dqn.egg-info/SOURCES.txt'
writing manifest file '../../build/turtlebot3_dqn/turtlebot3_dqn.egg-info/SOURCES.txt'
running build
running build_py
copying turtlebot3_dqn/dqn_environment.py -> /home/zhihuili/RM_prac/build/turtlebot3_dqn/build/lib/turtlebot3_dqn
running install
running install_lib
copying /home/zhihuili/RM_prac/build/turtlebot3_dqn/build/lib/turtlebot3_dqn/dqn_environment.py -> /home/zhihuili/RM_prac/install/turtlebot3_dqn/lib/python3.10/site-packages/turtlebot3_dqn
byte-compiling /home/zhihuili/RM_prac/install/turtlebot3_dqn/lib/python3.10/site-packages/turtlebot3_dqn/dqn_environment.py to dqn_environment.cpython-310.pyc
running install_data
copying saved_model/model41.json -> /home/zhihuili/RM_prac/install/turtlebot3_dqn/share/turtlebot3_dqn/saved_model
copying saved_model/model45.json -> /home/zhihuili/RM_prac/install/turtlebot3_dqn/share/turtlebot3_dqn/saved_model
copying saved_model/model43.json -> /home/zhihuili/RM_prac/install/turtlebot3_dqn/share/turtlebot3_dqn/saved_model
copying saved_model/model44.json -> /home/zhihuili/RM_prac/install/turtlebot3_dqn/share/turtlebot3_dqn/saved_model
copying saved_model/model47.h5 -> /home/zhihuili/RM_prac/install/turtlebot3_dqn/share/turtlebot3_dqn/saved_model
copying saved_model/model47.json -> /home/zhihuili/RM_prac/install/turtlebot3_dqn/share/turtlebot3_dqn/saved_model
copying saved_model/model46.json -> /home/zhihuili/RM_prac/install/turtlebot3_dqn/share/turtlebot3_dqn/saved_model
copying saved_model/model40.json -> /home/zhihuili/RM_prac/install/turtlebot3_dqn/share/turtlebot3_dqn/saved_model
copying saved_model/model39.json -> /home/zhihuili/RM_prac/install/turtlebot3_dqn/share/turtlebot3_dqn/saved_model
copying saved_model/model43.h5 -> /home/zhihuili/RM_prac/install/turtlebot3_dqn/share/turtlebot3_dqn/saved_model
copying saved_model/model38.h5 -> /home/zhihuili/RM_prac/install/turtlebot3_dqn/share/turtlebot3_dqn/saved_model
copying saved_model/model39.h5 -> /home/zhihuili/RM_prac/install/turtlebot3_dqn/share/turtlebot3_dqn/saved_model
copying saved_model/model46.h5 -> /home/zhihuili/RM_prac/install/turtlebot3_dqn/share/turtlebot3_dqn/saved_model
copying saved_model/model40.h5 -> /home/zhihuili/RM_prac/install/turtlebot3_dqn/share/turtlebot3_dqn/saved_model
copying saved_model/model41.h5 -> /home/zhihuili/RM_prac/install/turtlebot3_dqn/share/turtlebot3_dqn/saved_model
copying saved_model/model38.json -> /home/zhihuili/RM_prac/install/turtlebot3_dqn/share/turtlebot3_dqn/saved_model
copying saved_model/model45.h5 -> /home/zhihuili/RM_prac/install/turtlebot3_dqn/share/turtlebot3_dqn/saved_model
copying saved_model/model44.h5 -> /home/zhihuili/RM_prac/install/turtlebot3_dqn/share/turtlebot3_dqn/saved_model
running install_egg_info
removing '/home/zhihuili/RM_prac/install/turtlebot3_dqn/lib/python3.10/site-packages/turtlebot3_dqn-1.0.3-py3.10.egg-info' (and everything under it)
Copying ../../build/turtlebot3_dqn/turtlebot3_dqn.egg-info to /home/zhihuili/RM_prac/install/turtlebot3_dqn/lib/python3.10/site-packages/turtlebot3_dqn-1.0.3-py3.10.egg-info
running install_scripts
Installing action_graph script to /home/zhihuili/RM_prac/install/turtlebot3_dqn/lib/turtlebot3_dqn
Installing dqn_agent script to /home/zhihuili/RM_prac/install/turtlebot3_dqn/lib/turtlebot3_dqn
Installing dqn_coppeliasim script to /home/zhihuili/RM_prac/install/turtlebot3_dqn/lib/turtlebot3_dqn
Installing dqn_environment script to /home/zhihuili/RM_prac/install/turtlebot3_dqn/lib/turtlebot3_dqn
Installing dqn_gazebo script to /home/zhihuili/RM_prac/install/turtlebot3_dqn/lib/turtlebot3_dqn
Installing dqn_test script to /home/zhihuili/RM_prac/install/turtlebot3_dqn/lib/turtlebot3_dqn
Installing result_graph script to /home/zhihuili/RM_prac/install/turtlebot3_dqn/lib/turtlebot3_dqn
writing list of installed files to '/home/zhihuili/RM_prac/build/turtlebot3_dqn/install.log'
