[0.091s] Invoking command in '/home/zhihuili/RM_prac/build/turtlebot3_msgs': CMAKE_PREFIX_PATH=${CMAKE_PREFIX_PATH}:/home/zhihuili/RM_prac/install/turtlebot3_dqn:/opt/ros/humble /usr/bin/cmake --build /home/zhihuili/RM_prac/build/turtlebot3_msgs -- -j14 -l14
[0.271s] [  1%] Built target turtlebot3_msgs__cpp
[0.283s] [  2%] Built target turtlebot3_msgs__rs
[0.295s] [ 13%] Built target turtlebot3_msgs__rosidl_generator_c
[0.313s] [ 13%] Built target ament_cmake_python_symlink_turtlebot3_msgs
[0.343s] [ 25%] Built target turtlebot3_msgs__rosidl_typesupport_introspection_cpp
[0.394s] [ 36%] Built target turtlebot3_msgs__rosidl_typesupport_fastrtps_cpp
[0.402s] [ 47%] Built target turtlebot3_msgs__rosidl_typesupport_cpp
[0.403s] [ 58%] Built target turtlebot3_msgs__rosidl_typesupport_introspection_c
[0.408s] [ 70%] Built target turtlebot3_msgs__rosidl_typesupport_fastrtps_c
[0.410s] [ 81%] Built target turtlebot3_msgs__rosidl_typesupport_c
[0.422s] [ 81%] Built target turtlebot3_msgs
[0.446s] [ 82%] Built target turtlebot3_msgs__py
[0.504s] [ 92%] Built target turtlebot3_msgs__rosidl_generator_py
[0.555s] [ 95%] Built target turtlebot3_msgs__rosidl_typesupport_fastrtps_c__pyext
[0.556s] [100%] Built target turtlebot3_msgs__rosidl_typesupport_c__pyext
[0.557s] [100%] Built target turtlebot3_msgs__rosidl_typesupport_introspection_c__pyext
[0.646s] running egg_info
[0.648s] writing turtlebot3_msgs.egg-info/PKG-INFO
[0.648s] writing dependency_links to turtlebot3_msgs.egg-info/dependency_links.txt
[0.649s] writing top-level names to turtlebot3_msgs.egg-info/top_level.txt
[0.651s] reading manifest file 'turtlebot3_msgs.egg-info/SOURCES.txt'
[0.657s] writing manifest file 'turtlebot3_msgs.egg-info/SOURCES.txt'
[0.692s] [100%] Built target ament_cmake_python_build_turtlebot3_msgs_egg
[0.717s] Invoked command in '/home/zhihuili/RM_prac/build/turtlebot3_msgs' returned '0': CMAKE_PREFIX_PATH=${CMAKE_PREFIX_PATH}:/home/zhihuili/RM_prac/install/turtlebot3_dqn:/opt/ros/humble /usr/bin/cmake --build /home/zhihuili/RM_prac/build/turtlebot3_msgs -- -j14 -l14
[0.720s] Invoking command in '/home/zhihuili/RM_prac/build/turtlebot3_msgs': CMAKE_PREFIX_PATH=${CMAKE_PREFIX_PATH}:/home/zhihuili/RM_prac/install/turtlebot3_dqn:/opt/ros/humble /usr/bin/cmake --install /home/zhihuili/RM_prac/build/turtlebot3_msgs
[0.732s] -- Install configuration: ""
[0.733s] -- Execute custom install script
[0.733s] -- Up-to-date symlink: /home/zhihuili/RM_prac/install/turtlebot3_msgs/share/ament_index/resource_index/rosidl_interfaces/turtlebot3_msgs
[0.734s] -- Up-to-date symlink: /home/zhihuili/RM_prac/install/turtlebot3_msgs/include/turtlebot3_msgs/turtlebot3_msgs/action/detail/patrol__functions.h
[0.734s] -- Up-to-date symlink: /home/zhihuili/RM_prac/install/turtlebot3_msgs/include/turtlebot3_msgs/turtlebot3_msgs/action/detail/patrol__struct.h
[0.734s] -- Up-to-date symlink: /home/zhihuili/RM_prac/install/turtlebot3_msgs/include/turtlebot3_msgs/turtlebot3_msgs/action/detail/patrol__type_support.h
[0.735s] -- Up-to-date symlink: /home/zhihuili/RM_prac/install/turtlebot3_msgs/include/turtlebot3_msgs/turtlebot3_msgs/action/patrol.h
[0.735s] -- Up-to-date symlink: /home/zhihuili/RM_prac/install/turtlebot3_msgs/include/turtlebot3_msgs/turtlebot3_msgs/msg/detail/sensor_state__functions.h
[0.735s] -- Up-to-date symlink: /home/zhihuili/RM_prac/install/turtlebot3_msgs/include/turtlebot3_msgs/turtlebot3_msgs/msg/detail/sensor_state__struct.h
[0.735s] -- Up-to-date symlink: /home/zhihuili/RM_prac/install/turtlebot3_msgs/include/turtlebot3_msgs/turtlebot3_msgs/msg/detail/sensor_state__type_support.h
[0.736s] -- Up-to-date symlink: /home/zhihuili/RM_prac/install/turtlebot3_msgs/include/turtlebot3_msgs/turtlebot3_msgs/msg/detail/sound__functions.h
[0.736s] -- Up-to-date symlink: /home/zhihuili/RM_prac/install/turtlebot3_msgs/include/turtlebot3_msgs/turtlebot3_msgs/msg/detail/sound__struct.h
[0.736s] -- Up-to-date symlink: /home/zhihuili/RM_prac/install/turtlebot3_msgs/include/turtlebot3_msgs/turtlebot3_msgs/msg/detail/sound__type_support.h
[0.736s] -- Up-to-date symlink: /home/zhihuili/RM_prac/install/turtlebot3_msgs/include/turtlebot3_msgs/turtlebot3_msgs/msg/detail/version_info__functions.h
[0.736s] -- Up-to-date symlink: /home/zhihuili/RM_prac/install/turtlebot3_msgs/include/turtlebot3_msgs/turtlebot3_msgs/msg/detail/version_info__struct.h
[0.737s] -- Up-to-date symlink: /home/zhihuili/RM_prac/install/turtlebot3_msgs/include/turtlebot3_msgs/turtlebot3_msgs/msg/detail/version_info__type_support.h
[0.737s] -- Up-to-date symlink: /home/zhihuili/RM_prac/install/turtlebot3_msgs/include/turtlebot3_msgs/turtlebot3_msgs/msg/rosidl_generator_c__visibility_control.h
[0.737s] -- Up-to-date symlink: /home/zhihuili/RM_prac/install/turtlebot3_msgs/include/turtlebot3_msgs/turtlebot3_msgs/msg/sensor_state.h
[0.737s] -- Up-to-date symlink: /home/zhihuili/RM_prac/install/turtlebot3_msgs/include/turtlebot3_msgs/turtlebot3_msgs/msg/sound.h
[0.738s] -- Up-to-date symlink: /home/zhihuili/RM_prac/install/turtlebot3_msgs/include/turtlebot3_msgs/turtlebot3_msgs/msg/version_info.h
[0.738s] -- Up-to-date symlink: /home/zhihuili/RM_prac/install/turtlebot3_msgs/include/turtlebot3_msgs/turtlebot3_msgs/srv/detail/dqn__functions.h
[0.738s] -- Up-to-date symlink: /home/zhihuili/RM_prac/install/turtlebot3_msgs/include/turtlebot3_msgs/turtlebot3_msgs/srv/detail/dqn__struct.h
[0.738s] -- Up-to-date symlink: /home/zhihuili/RM_prac/install/turtlebot3_msgs/include/turtlebot3_msgs/turtlebot3_msgs/srv/detail/dqn__type_support.h
[0.738s] -- Up-to-date symlink: /home/zhihuili/RM_prac/install/turtlebot3_msgs/include/turtlebot3_msgs/turtlebot3_msgs/srv/detail/goal__functions.h
[0.739s] -- Up-to-date symlink: /home/zhihuili/RM_prac/install/turtlebot3_msgs/include/turtlebot3_msgs/turtlebot3_msgs/srv/detail/goal__struct.h
[0.739s] -- Up-to-date symlink: /home/zhihuili/RM_prac/install/turtlebot3_msgs/include/turtlebot3_msgs/turtlebot3_msgs/srv/detail/goal__type_support.h
[0.739s] -- Up-to-date symlink: /home/zhihuili/RM_prac/install/turtlebot3_msgs/include/turtlebot3_msgs/turtlebot3_msgs/srv/detail/sound__functions.h
[0.739s] -- Up-to-date symlink: /home/zhihuili/RM_prac/install/turtlebot3_msgs/include/turtlebot3_msgs/turtlebot3_msgs/srv/detail/sound__struct.h
[0.740s] -- Up-to-date symlink: /home/zhihuili/RM_prac/install/turtlebot3_msgs/include/turtlebot3_msgs/turtlebot3_msgs/srv/detail/sound__type_support.h
[0.740s] -- Up-to-date symlink: /home/zhihuili/RM_prac/install/turtlebot3_msgs/include/turtlebot3_msgs/turtlebot3_msgs/srv/dqn.h
[0.740s] -- Up-to-date symlink: /home/zhihuili/RM_prac/install/turtlebot3_msgs/include/turtlebot3_msgs/turtlebot3_msgs/srv/goal.h
[0.740s] -- Up-to-date symlink: /home/zhihuili/RM_prac/install/turtlebot3_msgs/include/turtlebot3_msgs/turtlebot3_msgs/srv/sound.h
[0.741s] -- Up-to-date symlink: /home/zhihuili/RM_prac/install/turtlebot3_msgs/share/turtlebot3_msgs/environment/library_path.sh
[0.741s] -- Up-to-date symlink: /home/zhihuili/RM_prac/install/turtlebot3_msgs/share/turtlebot3_msgs/environment/library_path.dsv
[0.743s] -- Up-to-date symlink: /home/zhihuili/RM_prac/install/turtlebot3_msgs/include/turtlebot3_msgs/turtlebot3_msgs/action/detail/patrol__rosidl_typesupport_fastrtps_c.h
[0.743s] -- Up-to-date symlink: /home/zhihuili/RM_prac/install/turtlebot3_msgs/include/turtlebot3_msgs/turtlebot3_msgs/msg/detail/sensor_state__rosidl_typesupport_fastrtps_c.h
[0.744s] -- Up-to-date symlink: /home/zhihuili/RM_prac/install/turtlebot3_msgs/include/turtlebot3_msgs/turtlebot3_msgs/msg/detail/sound__rosidl_typesupport_fastrtps_c.h
[0.744s] -- Up-to-date symlink: /home/zhihuili/RM_prac/install/turtlebot3_msgs/include/turtlebot3_msgs/turtlebot3_msgs/msg/detail/version_info__rosidl_typesupport_fastrtps_c.h
[0.744s] -- Up-to-date symlink: /home/zhihuili/RM_prac/install/turtlebot3_msgs/include/turtlebot3_msgs/turtlebot3_msgs/msg/rosidl_typesupport_fastrtps_c__visibility_control.h
[0.745s] -- Up-to-date symlink: /home/zhihuili/RM_prac/install/turtlebot3_msgs/include/turtlebot3_msgs/turtlebot3_msgs/srv/detail/dqn__rosidl_typesupport_fastrtps_c.h
[0.745s] -- Up-to-date symlink: /home/zhihuili/RM_prac/install/turtlebot3_msgs/include/turtlebot3_msgs/turtlebot3_msgs/srv/detail/goal__rosidl_typesupport_fastrtps_c.h
[0.746s] -- Up-to-date symlink: /home/zhihuili/RM_prac/install/turtlebot3_msgs/include/turtlebot3_msgs/turtlebot3_msgs/srv/detail/sound__rosidl_typesupport_fastrtps_c.h
[0.747s] -- Up-to-date symlink: /home/zhihuili/RM_prac/install/turtlebot3_msgs/include/turtlebot3_msgs/turtlebot3_msgs/action/detail/patrol__builder.hpp
[0.747s] -- Up-to-date symlink: /home/zhihuili/RM_prac/install/turtlebot3_msgs/include/turtlebot3_msgs/turtlebot3_msgs/action/detail/patrol__struct.hpp
[0.747s] -- Up-to-date symlink: /home/zhihuili/RM_prac/install/turtlebot3_msgs/include/turtlebot3_msgs/turtlebot3_msgs/action/detail/patrol__traits.hpp
[0.748s] -- Up-to-date symlink: /home/zhihuili/RM_prac/install/turtlebot3_msgs/include/turtlebot3_msgs/turtlebot3_msgs/action/detail/patrol__type_support.hpp
[0.748s] -- Up-to-date symlink: /home/zhihuili/RM_prac/install/turtlebot3_msgs/include/turtlebot3_msgs/turtlebot3_msgs/action/patrol.hpp
[0.748s] -- Up-to-date symlink: /home/zhihuili/RM_prac/install/turtlebot3_msgs/include/turtlebot3_msgs/turtlebot3_msgs/msg/detail/sensor_state__builder.hpp
[0.748s] -- Up-to-date symlink: /home/zhihuili/RM_prac/install/turtlebot3_msgs/include/turtlebot3_msgs/turtlebot3_msgs/msg/detail/sensor_state__struct.hpp
[0.748s] -- Up-to-date symlink: /home/zhihuili/RM_prac/install/turtlebot3_msgs/include/turtlebot3_msgs/turtlebot3_msgs/msg/detail/sensor_state__traits.hpp
[0.749s] -- Up-to-date symlink: /home/zhihuili/RM_prac/install/turtlebot3_msgs/include/turtlebot3_msgs/turtlebot3_msgs/msg/detail/sensor_state__type_support.hpp
[0.749s] -- Up-to-date symlink: /home/zhihuili/RM_prac/install/turtlebot3_msgs/include/turtlebot3_msgs/turtlebot3_msgs/msg/detail/sound__builder.hpp
[0.750s] -- Up-to-date symlink: /home/zhihuili/RM_prac/install/turtlebot3_msgs/include/turtlebot3_msgs/turtlebot3_msgs/msg/detail/sound__struct.hpp
[0.750s] -- Up-to-date symlink: /home/zhihuili/RM_prac/install/turtlebot3_msgs/include/turtlebot3_msgs/turtlebot3_msgs/msg/detail/sound__traits.hpp
[0.751s] -- Up-to-date symlink: /home/zhihuili/RM_prac/install/turtlebot3_msgs/include/turtlebot3_msgs/turtlebot3_msgs/msg/detail/sound__type_support.hpp
[0.751s] -- Up-to-date symlink: /home/zhihuili/RM_prac/install/turtlebot3_msgs/include/turtlebot3_msgs/turtlebot3_msgs/msg/detail/version_info__builder.hpp
[0.751s] -- Up-to-date symlink: /home/zhihuili/RM_prac/install/turtlebot3_msgs/include/turtlebot3_msgs/turtlebot3_msgs/msg/detail/version_info__struct.hpp
[0.752s] -- Up-to-date symlink: /home/zhihuili/RM_prac/install/turtlebot3_msgs/include/turtlebot3_msgs/turtlebot3_msgs/msg/detail/version_info__traits.hpp
[0.752s] -- Up-to-date symlink: /home/zhihuili/RM_prac/install/turtlebot3_msgs/include/turtlebot3_msgs/turtlebot3_msgs/msg/detail/version_info__type_support.hpp
[0.752s] -- Up-to-date symlink: /home/zhihuili/RM_prac/install/turtlebot3_msgs/include/turtlebot3_msgs/turtlebot3_msgs/msg/rosidl_generator_cpp__visibility_control.hpp
[0.752s] -- Up-to-date symlink: /home/zhihuili/RM_prac/install/turtlebot3_msgs/include/turtlebot3_msgs/turtlebot3_msgs/msg/sensor_state.hpp
[0.752s] -- Up-to-date symlink: /home/zhihuili/RM_prac/install/turtlebot3_msgs/include/turtlebot3_msgs/turtlebot3_msgs/msg/sound.hpp
[0.752s] -- Up-to-date symlink: /home/zhihuili/RM_prac/install/turtlebot3_msgs/include/turtlebot3_msgs/turtlebot3_msgs/msg/version_info.hpp
[0.752s] -- Up-to-date symlink: /home/zhihuili/RM_prac/install/turtlebot3_msgs/include/turtlebot3_msgs/turtlebot3_msgs/srv/detail/dqn__builder.hpp
[0.752s] -- Up-to-date symlink: /home/zhihuili/RM_prac/install/turtlebot3_msgs/include/turtlebot3_msgs/turtlebot3_msgs/srv/detail/dqn__struct.hpp
[0.753s] -- Up-to-date symlink: /home/zhihuili/RM_prac/install/turtlebot3_msgs/include/turtlebot3_msgs/turtlebot3_msgs/srv/detail/dqn__traits.hpp
[0.753s] -- Up-to-date symlink: /home/zhihuili/RM_prac/install/turtlebot3_msgs/include/turtlebot3_msgs/turtlebot3_msgs/srv/detail/dqn__type_support.hpp
[0.753s] -- Up-to-date symlink: /home/zhihuili/RM_prac/install/turtlebot3_msgs/include/turtlebot3_msgs/turtlebot3_msgs/srv/detail/goal__builder.hpp
[0.754s] -- Up-to-date symlink: /home/zhihuili/RM_prac/install/turtlebot3_msgs/include/turtlebot3_msgs/turtlebot3_msgs/srv/detail/goal__struct.hpp
[0.754s] -- Up-to-date symlink: /home/zhihuili/RM_prac/install/turtlebot3_msgs/include/turtlebot3_msgs/turtlebot3_msgs/srv/detail/goal__traits.hpp
[0.754s] -- Up-to-date symlink: /home/zhihuili/RM_prac/install/turtlebot3_msgs/include/turtlebot3_msgs/turtlebot3_msgs/srv/detail/goal__type_support.hpp
[0.755s] -- Up-to-date symlink: /home/zhihuili/RM_prac/install/turtlebot3_msgs/include/turtlebot3_msgs/turtlebot3_msgs/srv/detail/sound__builder.hpp
[0.755s] -- Up-to-date symlink: /home/zhihuili/RM_prac/install/turtlebot3_msgs/include/turtlebot3_msgs/turtlebot3_msgs/srv/detail/sound__struct.hpp
[0.755s] -- Up-to-date symlink: /home/zhihuili/RM_prac/install/turtlebot3_msgs/include/turtlebot3_msgs/turtlebot3_msgs/srv/detail/sound__traits.hpp
[0.756s] -- Up-to-date symlink: /home/zhihuili/RM_prac/install/turtlebot3_msgs/include/turtlebot3_msgs/turtlebot3_msgs/srv/detail/sound__type_support.hpp
[0.756s] -- Up-to-date symlink: /home/zhihuili/RM_prac/install/turtlebot3_msgs/include/turtlebot3_msgs/turtlebot3_msgs/srv/dqn.hpp
[0.756s] -- Up-to-date symlink: /home/zhihuili/RM_prac/install/turtlebot3_msgs/include/turtlebot3_msgs/turtlebot3_msgs/srv/goal.hpp
[0.756s] -- Up-to-date symlink: /home/zhihuili/RM_prac/install/turtlebot3_msgs/include/turtlebot3_msgs/turtlebot3_msgs/srv/sound.hpp
[0.757s] -- Up-to-date symlink: /home/zhihuili/RM_prac/install/turtlebot3_msgs/include/turtlebot3_msgs/turtlebot3_msgs/action/detail/patrol__rosidl_typesupport_fastrtps_cpp.hpp
[0.757s] -- Up-to-date symlink: /home/zhihuili/RM_prac/install/turtlebot3_msgs/include/turtlebot3_msgs/turtlebot3_msgs/msg/detail/sensor_state__rosidl_typesupport_fastrtps_cpp.hpp
[0.757s] -- Up-to-date symlink: /home/zhihuili/RM_prac/install/turtlebot3_msgs/include/turtlebot3_msgs/turtlebot3_msgs/msg/detail/sound__rosidl_typesupport_fastrtps_cpp.hpp
[0.758s] -- Up-to-date symlink: /home/zhihuili/RM_prac/install/turtlebot3_msgs/include/turtlebot3_msgs/turtlebot3_msgs/msg/detail/version_info__rosidl_typesupport_fastrtps_cpp.hpp
[0.758s] -- Up-to-date symlink: /home/zhihuili/RM_prac/install/turtlebot3_msgs/include/turtlebot3_msgs/turtlebot3_msgs/msg/rosidl_typesupport_fastrtps_cpp__visibility_control.h
[0.758s] -- Up-to-date symlink: /home/zhihuili/RM_prac/install/turtlebot3_msgs/include/turtlebot3_msgs/turtlebot3_msgs/srv/detail/dqn__rosidl_typesupport_fastrtps_cpp.hpp
[0.758s] -- Up-to-date symlink: /home/zhihuili/RM_prac/install/turtlebot3_msgs/include/turtlebot3_msgs/turtlebot3_msgs/srv/detail/goal__rosidl_typesupport_fastrtps_cpp.hpp
[0.759s] -- Up-to-date symlink: /home/zhihuili/RM_prac/install/turtlebot3_msgs/include/turtlebot3_msgs/turtlebot3_msgs/srv/detail/sound__rosidl_typesupport_fastrtps_cpp.hpp
[0.759s] -- Up-to-date symlink: /home/zhihuili/RM_prac/install/turtlebot3_msgs/include/turtlebot3_msgs/turtlebot3_msgs/action/detail/patrol__rosidl_typesupport_introspection_c.h
[0.759s] -- Up-to-date symlink: /home/zhihuili/RM_prac/install/turtlebot3_msgs/include/turtlebot3_msgs/turtlebot3_msgs/msg/detail/sensor_state__rosidl_typesupport_introspection_c.h
[0.759s] -- Up-to-date symlink: /home/zhihuili/RM_prac/install/turtlebot3_msgs/include/turtlebot3_msgs/turtlebot3_msgs/msg/detail/sound__rosidl_typesupport_introspection_c.h
[0.760s] -- Up-to-date symlink: /home/zhihuili/RM_prac/install/turtlebot3_msgs/include/turtlebot3_msgs/turtlebot3_msgs/msg/detail/version_info__rosidl_typesupport_introspection_c.h
[0.760s] -- Up-to-date symlink: /home/zhihuili/RM_prac/install/turtlebot3_msgs/include/turtlebot3_msgs/turtlebot3_msgs/msg/rosidl_typesupport_introspection_c__visibility_control.h
[0.760s] -- Up-to-date symlink: /home/zhihuili/RM_prac/install/turtlebot3_msgs/include/turtlebot3_msgs/turtlebot3_msgs/srv/detail/dqn__rosidl_typesupport_introspection_c.h
[0.760s] -- Up-to-date symlink: /home/zhihuili/RM_prac/install/turtlebot3_msgs/include/turtlebot3_msgs/turtlebot3_msgs/srv/detail/goal__rosidl_typesupport_introspection_c.h
[0.760s] -- Up-to-date symlink: /home/zhihuili/RM_prac/install/turtlebot3_msgs/include/turtlebot3_msgs/turtlebot3_msgs/srv/detail/sound__rosidl_typesupport_introspection_c.h
[0.761s] -- Up-to-date symlink: /home/zhihuili/RM_prac/install/turtlebot3_msgs/include/turtlebot3_msgs/turtlebot3_msgs/action/detail/patrol__rosidl_typesupport_introspection_cpp.hpp
[0.761s] -- Up-to-date symlink: /home/zhihuili/RM_prac/install/turtlebot3_msgs/include/turtlebot3_msgs/turtlebot3_msgs/msg/detail/sensor_state__rosidl_typesupport_introspection_cpp.hpp
[0.761s] -- Up-to-date symlink: /home/zhihuili/RM_prac/install/turtlebot3_msgs/include/turtlebot3_msgs/turtlebot3_msgs/msg/detail/sound__rosidl_typesupport_introspection_cpp.hpp
[0.761s] -- Up-to-date symlink: /home/zhihuili/RM_prac/install/turtlebot3_msgs/include/turtlebot3_msgs/turtlebot3_msgs/msg/detail/version_info__rosidl_typesupport_introspection_cpp.hpp
[0.761s] -- Up-to-date symlink: /home/zhihuili/RM_prac/install/turtlebot3_msgs/include/turtlebot3_msgs/turtlebot3_msgs/srv/detail/dqn__rosidl_typesupport_introspection_cpp.hpp
[0.762s] -- Up-to-date symlink: /home/zhihuili/RM_prac/install/turtlebot3_msgs/include/turtlebot3_msgs/turtlebot3_msgs/srv/detail/goal__rosidl_typesupport_introspection_cpp.hpp
[0.762s] -- Up-to-date symlink: /home/zhihuili/RM_prac/install/turtlebot3_msgs/include/turtlebot3_msgs/turtlebot3_msgs/srv/detail/sound__rosidl_typesupport_introspection_cpp.hpp
[0.762s] -- Up-to-date symlink: /home/zhihuili/RM_prac/install/turtlebot3_msgs/share/turtlebot3_msgs/environment/pythonpath.sh
[0.762s] -- Up-to-date symlink: /home/zhihuili/RM_prac/install/turtlebot3_msgs/share/turtlebot3_msgs/environment/pythonpath.dsv
[0.763s] -- Up-to-date symlink: /home/zhihuili/RM_prac/install/turtlebot3_msgs/local/lib/python3.10/dist-packages/turtlebot3_msgs-2.4.0-py3.10.egg-info/PKG-INFO
[0.763s] -- Up-to-date symlink: /home/zhihuili/RM_prac/install/turtlebot3_msgs/local/lib/python3.10/dist-packages/turtlebot3_msgs-2.4.0-py3.10.egg-info/SOURCES.txt
[0.763s] -- Up-to-date symlink: /home/zhihuili/RM_prac/install/turtlebot3_msgs/local/lib/python3.10/dist-packages/turtlebot3_msgs-2.4.0-py3.10.egg-info/dependency_links.txt
[0.763s] -- Up-to-date symlink: /home/zhihuili/RM_prac/install/turtlebot3_msgs/local/lib/python3.10/dist-packages/turtlebot3_msgs-2.4.0-py3.10.egg-info/top_level.txt
[0.763s] -- Up-to-date symlink: /home/zhihuili/RM_prac/install/turtlebot3_msgs/local/lib/python3.10/dist-packages/turtlebot3_msgs/__init__.py
[0.763s] -- Up-to-date symlink: /home/zhihuili/RM_prac/install/turtlebot3_msgs/local/lib/python3.10/dist-packages/turtlebot3_msgs/_turtlebot3_msgs_s.ep.rosidl_typesupport_c.c
[0.763s] -- Up-to-date symlink: /home/zhihuili/RM_prac/install/turtlebot3_msgs/local/lib/python3.10/dist-packages/turtlebot3_msgs/_turtlebot3_msgs_s.ep.rosidl_typesupport_fastrtps_c.c
[0.763s] -- Up-to-date symlink: /home/zhihuili/RM_prac/install/turtlebot3_msgs/local/lib/python3.10/dist-packages/turtlebot3_msgs/_turtlebot3_msgs_s.ep.rosidl_typesupport_introspection_c.c
[0.763s] -- Up-to-date symlink: /home/zhihuili/RM_prac/install/turtlebot3_msgs/local/lib/python3.10/dist-packages/turtlebot3_msgs/action/__init__.py
[0.763s] -- Up-to-date symlink: /home/zhihuili/RM_prac/install/turtlebot3_msgs/local/lib/python3.10/dist-packages/turtlebot3_msgs/action/_patrol.py
[0.764s] -- Up-to-date symlink: /home/zhihuili/RM_prac/install/turtlebot3_msgs/local/lib/python3.10/dist-packages/turtlebot3_msgs/action/_patrol_s.c
[0.764s] -- Up-to-date symlink: /home/zhihuili/RM_prac/install/turtlebot3_msgs/local/lib/python3.10/dist-packages/turtlebot3_msgs/libturtlebot3_msgs__rosidl_generator_py.so
[0.764s] -- Up-to-date symlink: /home/zhihuili/RM_prac/install/turtlebot3_msgs/local/lib/python3.10/dist-packages/turtlebot3_msgs/msg/__init__.py
[0.764s] -- Up-to-date symlink: /home/zhihuili/RM_prac/install/turtlebot3_msgs/local/lib/python3.10/dist-packages/turtlebot3_msgs/msg/_sensor_state.py
[0.764s] -- Up-to-date symlink: /home/zhihuili/RM_prac/install/turtlebot3_msgs/local/lib/python3.10/dist-packages/turtlebot3_msgs/msg/_sensor_state_s.c
[0.764s] -- Up-to-date symlink: /home/zhihuili/RM_prac/install/turtlebot3_msgs/local/lib/python3.10/dist-packages/turtlebot3_msgs/msg/_sound.py
[0.764s] -- Up-to-date symlink: /home/zhihuili/RM_prac/install/turtlebot3_msgs/local/lib/python3.10/dist-packages/turtlebot3_msgs/msg/_sound_s.c
[0.764s] -- Up-to-date symlink: /home/zhihuili/RM_prac/install/turtlebot3_msgs/local/lib/python3.10/dist-packages/turtlebot3_msgs/msg/_version_info.py
[0.764s] -- Up-to-date symlink: /home/zhihuili/RM_prac/install/turtlebot3_msgs/local/lib/python3.10/dist-packages/turtlebot3_msgs/msg/_version_info_s.c
[0.764s] -- Up-to-date symlink: /home/zhihuili/RM_prac/install/turtlebot3_msgs/local/lib/python3.10/dist-packages/turtlebot3_msgs/srv/__init__.py
[0.764s] -- Up-to-date symlink: /home/zhihuili/RM_prac/install/turtlebot3_msgs/local/lib/python3.10/dist-packages/turtlebot3_msgs/srv/_dqn.py
[0.765s] -- Up-to-date symlink: /home/zhihuili/RM_prac/install/turtlebot3_msgs/local/lib/python3.10/dist-packages/turtlebot3_msgs/srv/_dqn_s.c
[0.765s] -- Up-to-date symlink: /home/zhihuili/RM_prac/install/turtlebot3_msgs/local/lib/python3.10/dist-packages/turtlebot3_msgs/srv/_goal.py
[0.765s] -- Up-to-date symlink: /home/zhihuili/RM_prac/install/turtlebot3_msgs/local/lib/python3.10/dist-packages/turtlebot3_msgs/srv/_goal_s.c
[0.765s] -- Up-to-date symlink: /home/zhihuili/RM_prac/install/turtlebot3_msgs/local/lib/python3.10/dist-packages/turtlebot3_msgs/srv/_sound.py
[0.765s] -- Up-to-date symlink: /home/zhihuili/RM_prac/install/turtlebot3_msgs/local/lib/python3.10/dist-packages/turtlebot3_msgs/srv/_sound_s.c
[0.765s] -- Up-to-date symlink: /home/zhihuili/RM_prac/install/turtlebot3_msgs/local/lib/python3.10/dist-packages/turtlebot3_msgs/turtlebot3_msgs_s__rosidl_typesupport_c.cpython-310-x86_64-linux-gnu.so
[0.765s] -- Up-to-date symlink: /home/zhihuili/RM_prac/install/turtlebot3_msgs/local/lib/python3.10/dist-packages/turtlebot3_msgs/turtlebot3_msgs_s__rosidl_typesupport_fastrtps_c.cpython-310-x86_64-linux-gnu.so
[0.765s] -- Up-to-date symlink: /home/zhihuili/RM_prac/install/turtlebot3_msgs/local/lib/python3.10/dist-packages/turtlebot3_msgs/turtlebot3_msgs_s__rosidl_typesupport_introspection_c.cpython-310-x86_64-linux-gnu.so
[0.766s] -- Up-to-date symlink: /home/zhihuili/RM_prac/install/turtlebot3_msgs/local/lib/python3.10/dist-packages/turtlebot3_msgs/turtlebot3_msgs_s__rosidl_typesupport_fastrtps_c.cpython-310-x86_64-linux-gnu.so
[0.766s] -- Up-to-date symlink: /home/zhihuili/RM_prac/install/turtlebot3_msgs/local/lib/python3.10/dist-packages/turtlebot3_msgs/turtlebot3_msgs_s__rosidl_typesupport_introspection_c.cpython-310-x86_64-linux-gnu.so
[0.766s] -- Up-to-date symlink: /home/zhihuili/RM_prac/install/turtlebot3_msgs/local/lib/python3.10/dist-packages/turtlebot3_msgs/turtlebot3_msgs_s__rosidl_typesupport_c.cpython-310-x86_64-linux-gnu.so
[0.766s] -- Up-to-date symlink: /home/zhihuili/RM_prac/install/turtlebot3_msgs/share/ament_index/resource_index/rust_packages/turtlebot3_msgs
[0.766s] -- Up-to-date symlink: /home/zhihuili/RM_prac/install/turtlebot3_msgs/share/turtlebot3_msgs/rust/Cargo.toml
[0.766s] -- Up-to-date symlink: /home/zhihuili/RM_prac/install/turtlebot3_msgs/share/turtlebot3_msgs/rust/build.rs
[0.766s] -- Up-to-date symlink: /home/zhihuili/RM_prac/install/turtlebot3_msgs/share/turtlebot3_msgs/rust/src/action.rs
[0.766s] -- Up-to-date symlink: /home/zhihuili/RM_prac/install/turtlebot3_msgs/share/turtlebot3_msgs/rust/src/action/rmw.rs
[0.767s] -- Up-to-date symlink: /home/zhihuili/RM_prac/install/turtlebot3_msgs/share/turtlebot3_msgs/rust/src/lib.rs
[0.767s] -- Up-to-date symlink: /home/zhihuili/RM_prac/install/turtlebot3_msgs/share/turtlebot3_msgs/rust/src/msg.rs
[0.767s] -- Up-to-date symlink: /home/zhihuili/RM_prac/install/turtlebot3_msgs/share/turtlebot3_msgs/rust/src/msg/rmw.rs
[0.767s] -- Up-to-date symlink: /home/zhihuili/RM_prac/install/turtlebot3_msgs/share/turtlebot3_msgs/rust/src/srv.rs
[0.767s] -- Up-to-date symlink: /home/zhihuili/RM_prac/install/turtlebot3_msgs/share/turtlebot3_msgs/rust/src/srv/rmw.rs
[0.768s] -- Up-to-date symlink: /home/zhihuili/RM_prac/install/turtlebot3_msgs/share/turtlebot3_msgs/msg/SensorState.idl
[0.768s] -- Up-to-date symlink: /home/zhihuili/RM_prac/install/turtlebot3_msgs/share/turtlebot3_msgs/msg/Sound.idl
[0.768s] -- Up-to-date symlink: /home/zhihuili/RM_prac/install/turtlebot3_msgs/share/turtlebot3_msgs/msg/VersionInfo.idl
[0.768s] -- Up-to-date symlink: /home/zhihuili/RM_prac/install/turtlebot3_msgs/share/turtlebot3_msgs/srv/Sound.idl
[0.768s] -- Up-to-date symlink: /home/zhihuili/RM_prac/install/turtlebot3_msgs/share/turtlebot3_msgs/srv/Dqn.idl
[0.768s] -- Up-to-date symlink: /home/zhihuili/RM_prac/install/turtlebot3_msgs/share/turtlebot3_msgs/srv/Goal.idl
[0.768s] -- Up-to-date symlink: /home/zhihuili/RM_prac/install/turtlebot3_msgs/share/turtlebot3_msgs/action/Patrol.idl
[0.769s] -- Up-to-date symlink: /home/zhihuili/RM_prac/install/turtlebot3_msgs/share/turtlebot3_msgs/msg/SensorState.msg
[0.769s] -- Up-to-date symlink: /home/zhihuili/RM_prac/install/turtlebot3_msgs/share/turtlebot3_msgs/msg/Sound.msg
[0.769s] -- Up-to-date symlink: /home/zhihuili/RM_prac/install/turtlebot3_msgs/share/turtlebot3_msgs/msg/VersionInfo.msg
[0.769s] -- Up-to-date symlink: /home/zhihuili/RM_prac/install/turtlebot3_msgs/share/turtlebot3_msgs/srv/Sound.srv
[0.769s] -- Up-to-date symlink: /home/zhihuili/RM_prac/install/turtlebot3_msgs/share/turtlebot3_msgs/srv/Sound_Request.msg
[0.769s] -- Up-to-date symlink: /home/zhihuili/RM_prac/install/turtlebot3_msgs/share/turtlebot3_msgs/srv/Sound_Response.msg
[0.769s] -- Up-to-date symlink: /home/zhihuili/RM_prac/install/turtlebot3_msgs/share/turtlebot3_msgs/srv/Dqn.srv
[0.770s] -- Up-to-date symlink: /home/zhihuili/RM_prac/install/turtlebot3_msgs/share/turtlebot3_msgs/srv/Dqn_Request.msg
[0.770s] -- Up-to-date symlink: /home/zhihuili/RM_prac/install/turtlebot3_msgs/share/turtlebot3_msgs/srv/Dqn_Response.msg
[0.770s] -- Up-to-date symlink: /home/zhihuili/RM_prac/install/turtlebot3_msgs/share/turtlebot3_msgs/srv/Goal.srv
[0.770s] -- Up-to-date symlink: /home/zhihuili/RM_prac/install/turtlebot3_msgs/share/turtlebot3_msgs/srv/Goal_Request.msg
[0.770s] -- Up-to-date symlink: /home/zhihuili/RM_prac/install/turtlebot3_msgs/share/turtlebot3_msgs/srv/Goal_Response.msg
[0.770s] -- Up-to-date symlink: /home/zhihuili/RM_prac/install/turtlebot3_msgs/share/turtlebot3_msgs/action/Patrol.action
[0.770s] -- Up-to-date symlink: /home/zhihuili/RM_prac/install/turtlebot3_msgs/share/ament_index/resource_index/package_run_dependencies/turtlebot3_msgs
[0.770s] -- Up-to-date symlink: /home/zhihuili/RM_prac/install/turtlebot3_msgs/share/ament_index/resource_index/parent_prefix_path/turtlebot3_msgs
[0.770s] -- Up-to-date symlink: /home/zhihuili/RM_prac/install/turtlebot3_msgs/share/turtlebot3_msgs/environment/ament_prefix_path.sh
[0.771s] -- Up-to-date symlink: /home/zhihuili/RM_prac/install/turtlebot3_msgs/share/turtlebot3_msgs/environment/ament_prefix_path.dsv
[0.771s] -- Up-to-date symlink: /home/zhihuili/RM_prac/install/turtlebot3_msgs/share/turtlebot3_msgs/environment/path.sh
[0.771s] -- Up-to-date symlink: /home/zhihuili/RM_prac/install/turtlebot3_msgs/share/turtlebot3_msgs/environment/path.dsv
[0.771s] -- Up-to-date symlink: /home/zhihuili/RM_prac/install/turtlebot3_msgs/share/turtlebot3_msgs/local_setup.bash
[0.771s] -- Up-to-date symlink: /home/zhihuili/RM_prac/install/turtlebot3_msgs/share/turtlebot3_msgs/local_setup.sh
[0.771s] -- Up-to-date symlink: /home/zhihuili/RM_prac/install/turtlebot3_msgs/share/turtlebot3_msgs/local_setup.zsh
[0.771s] -- Up-to-date symlink: /home/zhihuili/RM_prac/install/turtlebot3_msgs/share/turtlebot3_msgs/local_setup.dsv
[0.771s] -- Symlinking: /home/zhihuili/RM_prac/install/turtlebot3_msgs/share/turtlebot3_msgs/package.dsv
[0.777s] -- Up-to-date symlink: /home/zhihuili/RM_prac/install/turtlebot3_msgs/share/ament_index/resource_index/packages/turtlebot3_msgs
[0.778s] -- Up-to-date symlink: /home/zhihuili/RM_prac/install/turtlebot3_msgs/share/turtlebot3_msgs/cmake/rosidl_cmake-extras.cmake
[0.778s] -- Up-to-date symlink: /home/zhihuili/RM_prac/install/turtlebot3_msgs/share/turtlebot3_msgs/cmake/ament_cmake_export_dependencies-extras.cmake
[0.778s] -- Up-to-date symlink: /home/zhihuili/RM_prac/install/turtlebot3_msgs/share/turtlebot3_msgs/cmake/ament_cmake_export_include_directories-extras.cmake
[0.778s] -- Up-to-date symlink: /home/zhihuili/RM_prac/install/turtlebot3_msgs/share/turtlebot3_msgs/cmake/ament_cmake_export_libraries-extras.cmake
[0.778s] -- Up-to-date symlink: /home/zhihuili/RM_prac/install/turtlebot3_msgs/share/turtlebot3_msgs/cmake/ament_cmake_export_targets-extras.cmake
[0.778s] -- Up-to-date symlink: /home/zhihuili/RM_prac/install/turtlebot3_msgs/share/turtlebot3_msgs/cmake/rosidl_cmake_export_typesupport_targets-extras.cmake
[0.778s] -- Up-to-date symlink: /home/zhihuili/RM_prac/install/turtlebot3_msgs/share/turtlebot3_msgs/cmake/rosidl_cmake_export_typesupport_libraries-extras.cmake
[0.779s] -- Up-to-date symlink: /home/zhihuili/RM_prac/install/turtlebot3_msgs/share/turtlebot3_msgs/cmake/turtlebot3_msgsConfig.cmake
[0.779s] -- Up-to-date symlink: /home/zhihuili/RM_prac/install/turtlebot3_msgs/share/turtlebot3_msgs/cmake/turtlebot3_msgsConfig-version.cmake
[0.779s] -- Up-to-date symlink: /home/zhihuili/RM_prac/install/turtlebot3_msgs/share/turtlebot3_msgs/package.xml
[0.779s] -- Up-to-date: /home/zhihuili/RM_prac/install/turtlebot3_msgs/lib/libturtlebot3_msgs__rosidl_generator_c.so
[0.780s] -- Up-to-date: /home/zhihuili/RM_prac/install/turtlebot3_msgs/lib/libturtlebot3_msgs__rosidl_typesupport_fastrtps_c.so
[0.780s] -- Up-to-date: /home/zhihuili/RM_prac/install/turtlebot3_msgs/lib/libturtlebot3_msgs__rosidl_typesupport_fastrtps_cpp.so
[0.780s] -- Up-to-date: /home/zhihuili/RM_prac/install/turtlebot3_msgs/lib/libturtlebot3_msgs__rosidl_typesupport_introspection_c.so
[0.781s] -- Up-to-date: /home/zhihuili/RM_prac/install/turtlebot3_msgs/lib/libturtlebot3_msgs__rosidl_typesupport_c.so
[0.781s] -- Up-to-date: /home/zhihuili/RM_prac/install/turtlebot3_msgs/lib/libturtlebot3_msgs__rosidl_typesupport_introspection_cpp.so
[0.781s] -- Up-to-date: /home/zhihuili/RM_prac/install/turtlebot3_msgs/lib/libturtlebot3_msgs__rosidl_typesupport_cpp.so
[0.835s] Listing '/home/zhihuili/RM_prac/install/turtlebot3_msgs/local/lib/python3.10/dist-packages/turtlebot3_msgs'...
[0.835s] Listing '/home/zhihuili/RM_prac/install/turtlebot3_msgs/local/lib/python3.10/dist-packages/turtlebot3_msgs/action'...
[0.835s] Listing '/home/zhihuili/RM_prac/install/turtlebot3_msgs/local/lib/python3.10/dist-packages/turtlebot3_msgs/msg'...
[0.835s] Listing '/home/zhihuili/RM_prac/install/turtlebot3_msgs/local/lib/python3.10/dist-packages/turtlebot3_msgs/srv'...
[0.842s] -- Up-to-date: /home/zhihuili/RM_prac/install/turtlebot3_msgs/lib/libturtlebot3_msgs__rosidl_generator_py.so
[0.843s] -- Up-to-date: /home/zhihuili/RM_prac/install/turtlebot3_msgs/share/turtlebot3_msgs/cmake/export_turtlebot3_msgs__rosidl_generator_cExport.cmake
[0.843s] -- Up-to-date: /home/zhihuili/RM_prac/install/turtlebot3_msgs/share/turtlebot3_msgs/cmake/export_turtlebot3_msgs__rosidl_generator_cExport-noconfig.cmake
[0.844s] -- Up-to-date: /home/zhihuili/RM_prac/install/turtlebot3_msgs/share/turtlebot3_msgs/cmake/export_turtlebot3_msgs__rosidl_typesupport_fastrtps_cExport.cmake
[0.844s] -- Up-to-date: /home/zhihuili/RM_prac/install/turtlebot3_msgs/share/turtlebot3_msgs/cmake/export_turtlebot3_msgs__rosidl_typesupport_fastrtps_cExport-noconfig.cmake
[0.844s] -- Up-to-date: /home/zhihuili/RM_prac/install/turtlebot3_msgs/share/turtlebot3_msgs/cmake/export_turtlebot3_msgs__rosidl_generator_cppExport.cmake
[0.844s] -- Up-to-date: /home/zhihuili/RM_prac/install/turtlebot3_msgs/share/turtlebot3_msgs/cmake/export_turtlebot3_msgs__rosidl_typesupport_fastrtps_cppExport.cmake
[0.844s] -- Up-to-date: /home/zhihuili/RM_prac/install/turtlebot3_msgs/share/turtlebot3_msgs/cmake/export_turtlebot3_msgs__rosidl_typesupport_fastrtps_cppExport-noconfig.cmake
[0.845s] -- Up-to-date: /home/zhihuili/RM_prac/install/turtlebot3_msgs/share/turtlebot3_msgs/cmake/turtlebot3_msgs__rosidl_typesupport_introspection_cExport.cmake
[0.845s] -- Up-to-date: /home/zhihuili/RM_prac/install/turtlebot3_msgs/share/turtlebot3_msgs/cmake/turtlebot3_msgs__rosidl_typesupport_introspection_cExport-noconfig.cmake
[0.845s] -- Up-to-date: /home/zhihuili/RM_prac/install/turtlebot3_msgs/share/turtlebot3_msgs/cmake/turtlebot3_msgs__rosidl_typesupport_cExport.cmake
[0.845s] -- Up-to-date: /home/zhihuili/RM_prac/install/turtlebot3_msgs/share/turtlebot3_msgs/cmake/turtlebot3_msgs__rosidl_typesupport_cExport-noconfig.cmake
[0.845s] -- Up-to-date: /home/zhihuili/RM_prac/install/turtlebot3_msgs/share/turtlebot3_msgs/cmake/turtlebot3_msgs__rosidl_typesupport_introspection_cppExport.cmake
[0.846s] -- Up-to-date: /home/zhihuili/RM_prac/install/turtlebot3_msgs/share/turtlebot3_msgs/cmake/turtlebot3_msgs__rosidl_typesupport_introspection_cppExport-noconfig.cmake
[0.846s] -- Up-to-date: /home/zhihuili/RM_prac/install/turtlebot3_msgs/share/turtlebot3_msgs/cmake/turtlebot3_msgs__rosidl_typesupport_cppExport.cmake
[0.846s] -- Up-to-date: /home/zhihuili/RM_prac/install/turtlebot3_msgs/share/turtlebot3_msgs/cmake/turtlebot3_msgs__rosidl_typesupport_cppExport-noconfig.cmake
[0.846s] -- Up-to-date: /home/zhihuili/RM_prac/install/turtlebot3_msgs/share/turtlebot3_msgs/cmake/export_turtlebot3_msgs__rosidl_generator_pyExport.cmake
[0.846s] -- Up-to-date: /home/zhihuili/RM_prac/install/turtlebot3_msgs/share/turtlebot3_msgs/cmake/export_turtlebot3_msgs__rosidl_generator_pyExport-noconfig.cmake
[0.887s] Invoked command in '/home/zhihuili/RM_prac/build/turtlebot3_msgs' returned '0': CMAKE_PREFIX_PATH=${CMAKE_PREFIX_PATH}:/home/zhihuili/RM_prac/install/turtlebot3_dqn:/opt/ros/humble /usr/bin/cmake --install /home/zhihuili/RM_prac/build/turtlebot3_msgs
