[0.079s] Invoking command in '/home/zhihuili/RM_prac/build/turtlebot3_msgs': CMAKE_PREFIX_PATH=${CMAKE_PREFIX_PATH}:/home/zhihuili/RM_prac/install/turtlebot3_dqn:/opt/ros/humble /usr/bin/cmake --build /home/zhihuili/RM_prac/build/turtlebot3_msgs -- -j14 -l14
[0.231s] [  0%] Built target ament_cmake_python_symlink_turtlebot3_msgs
[0.238s] [ 11%] Built target turtlebot3_msgs__rosidl_generator_c
[0.238s] [ 12%] Built target turtlebot3_msgs__cpp
[0.347s] [ 23%] Built target turtlebot3_msgs__rosidl_typesupport_fastrtps_c
[0.675s] [ 40%] Built target turtlebot3_msgs__rosidl_typesupport_c
[0.675s] [ 51%] Built target turtlebot3_msgs__rosidl_typesupport_introspection_c
[0.675s] [ 61%] Built target turtlebot3_msgs__rosidl_typesupport_cpp
[0.675s] [ 68%] Built target turtlebot3_msgs__rosidl_typesupport_introspection_cpp
[0.691s] [ 70%] Built target turtlebot3_msgs__rs
[0.733s] running egg_info
[0.733s] writing turtlebot3_msgs.egg-info/PKG-INFO
[0.733s] writing dependency_links to turtlebot3_msgs.egg-info/dependency_links.txt
[0.733s] writing top-level names to turtlebot3_msgs.egg-info/top_level.txt
[0.733s] reading manifest file 'turtlebot3_msgs.egg-info/SOURCES.txt'
[0.733s] writing manifest file 'turtlebot3_msgs.egg-info/SOURCES.txt'
[0.733s] [ 81%] Built target turtlebot3_msgs__rosidl_typesupport_fastrtps_cpp
[0.790s] [ 81%] Built target ament_cmake_python_build_turtlebot3_msgs_egg
[0.814s] [ 81%] Built target turtlebot3_msgs
[0.876s] [ 82%] Built target turtlebot3_msgs__py
[0.974s] [ 92%] Built target turtlebot3_msgs__rosidl_generator_py
[1.017s] [ 95%] Built target turtlebot3_msgs__rosidl_typesupport_c__pyext
[1.043s] [ 97%] Built target turtlebot3_msgs__rosidl_typesupport_fastrtps_c__pyext
[1.091s] [100%] Built target turtlebot3_msgs__rosidl_typesupport_introspection_c__pyext
[1.283s] Invoked command in '/home/zhihuili/RM_prac/build/turtlebot3_msgs' returned '0': CMAKE_PREFIX_PATH=${CMAKE_PREFIX_PATH}:/home/zhihuili/RM_prac/install/turtlebot3_dqn:/opt/ros/humble /usr/bin/cmake --build /home/zhihuili/RM_prac/build/turtlebot3_msgs -- -j14 -l14
[1.285s] Invoking command in '/home/zhihuili/RM_prac/build/turtlebot3_msgs': CMAKE_PREFIX_PATH=${CMAKE_PREFIX_PATH}:/home/zhihuili/RM_prac/install/turtlebot3_dqn:/opt/ros/humble /usr/bin/cmake --install /home/zhihuili/RM_prac/build/turtlebot3_msgs
[1.301s] -- Install configuration: ""
[1.302s] -- Execute custom install script
[1.302s] -- Up-to-date symlink: /home/zhihuili/RM_prac/install/turtlebot3_msgs/share/ament_index/resource_index/rosidl_interfaces/turtlebot3_msgs
[1.303s] -- Up-to-date symlink: /home/zhihuili/RM_prac/install/turtlebot3_msgs/include/turtlebot3_msgs/turtlebot3_msgs/action/detail/patrol__functions.h
[1.303s] -- Up-to-date symlink: /home/zhihuili/RM_prac/install/turtlebot3_msgs/include/turtlebot3_msgs/turtlebot3_msgs/action/detail/patrol__struct.h
[1.303s] -- Up-to-date symlink: /home/zhihuili/RM_prac/install/turtlebot3_msgs/include/turtlebot3_msgs/turtlebot3_msgs/action/detail/patrol__type_support.h
[1.303s] -- Up-to-date symlink: /home/zhihuili/RM_prac/install/turtlebot3_msgs/include/turtlebot3_msgs/turtlebot3_msgs/action/patrol.h
[1.303s] -- Up-to-date symlink: /home/zhihuili/RM_prac/install/turtlebot3_msgs/include/turtlebot3_msgs/turtlebot3_msgs/msg/detail/sensor_state__functions.h
[1.303s] -- Up-to-date symlink: /home/zhihuili/RM_prac/install/turtlebot3_msgs/include/turtlebot3_msgs/turtlebot3_msgs/msg/detail/sensor_state__struct.h
[1.304s] -- Up-to-date symlink: /home/zhihuili/RM_prac/install/turtlebot3_msgs/include/turtlebot3_msgs/turtlebot3_msgs/msg/detail/sensor_state__type_support.h
[1.304s] -- Up-to-date symlink: /home/zhihuili/RM_prac/install/turtlebot3_msgs/include/turtlebot3_msgs/turtlebot3_msgs/msg/detail/sound__functions.h
[1.304s] -- Up-to-date symlink: /home/zhihuili/RM_prac/install/turtlebot3_msgs/include/turtlebot3_msgs/turtlebot3_msgs/msg/detail/sound__struct.h
[1.304s] -- Up-to-date symlink: /home/zhihuili/RM_prac/install/turtlebot3_msgs/include/turtlebot3_msgs/turtlebot3_msgs/msg/detail/sound__type_support.h
[1.304s] -- Up-to-date symlink: /home/zhihuili/RM_prac/install/turtlebot3_msgs/include/turtlebot3_msgs/turtlebot3_msgs/msg/detail/version_info__functions.h
[1.305s] -- Up-to-date symlink: /home/zhihuili/RM_prac/install/turtlebot3_msgs/include/turtlebot3_msgs/turtlebot3_msgs/msg/detail/version_info__struct.h
[1.305s] -- Up-to-date symlink: /home/zhihuili/RM_prac/install/turtlebot3_msgs/include/turtlebot3_msgs/turtlebot3_msgs/msg/detail/version_info__type_support.h
[1.305s] -- Up-to-date symlink: /home/zhihuili/RM_prac/install/turtlebot3_msgs/include/turtlebot3_msgs/turtlebot3_msgs/msg/rosidl_generator_c__visibility_control.h
[1.305s] -- Up-to-date symlink: /home/zhihuili/RM_prac/install/turtlebot3_msgs/include/turtlebot3_msgs/turtlebot3_msgs/msg/sensor_state.h
[1.305s] -- Up-to-date symlink: /home/zhihuili/RM_prac/install/turtlebot3_msgs/include/turtlebot3_msgs/turtlebot3_msgs/msg/sound.h
[1.305s] -- Up-to-date symlink: /home/zhihuili/RM_prac/install/turtlebot3_msgs/include/turtlebot3_msgs/turtlebot3_msgs/msg/version_info.h
[1.306s] -- Up-to-date symlink: /home/zhihuili/RM_prac/install/turtlebot3_msgs/include/turtlebot3_msgs/turtlebot3_msgs/srv/detail/dqn__functions.h
[1.306s] -- Up-to-date symlink: /home/zhihuili/RM_prac/install/turtlebot3_msgs/include/turtlebot3_msgs/turtlebot3_msgs/srv/detail/dqn__struct.h
[1.306s] -- Up-to-date symlink: /home/zhihuili/RM_prac/install/turtlebot3_msgs/include/turtlebot3_msgs/turtlebot3_msgs/srv/detail/dqn__type_support.h
[1.306s] -- Up-to-date symlink: /home/zhihuili/RM_prac/install/turtlebot3_msgs/include/turtlebot3_msgs/turtlebot3_msgs/srv/detail/goal__functions.h
[1.306s] -- Up-to-date symlink: /home/zhihuili/RM_prac/install/turtlebot3_msgs/include/turtlebot3_msgs/turtlebot3_msgs/srv/detail/goal__struct.h
[1.306s] -- Up-to-date symlink: /home/zhihuili/RM_prac/install/turtlebot3_msgs/include/turtlebot3_msgs/turtlebot3_msgs/srv/detail/goal__type_support.h
[1.306s] -- Up-to-date symlink: /home/zhihuili/RM_prac/install/turtlebot3_msgs/include/turtlebot3_msgs/turtlebot3_msgs/srv/detail/sound__functions.h
[1.307s] -- Up-to-date symlink: /home/zhihuili/RM_prac/install/turtlebot3_msgs/include/turtlebot3_msgs/turtlebot3_msgs/srv/detail/sound__struct.h
[1.307s] -- Up-to-date symlink: /home/zhihuili/RM_prac/install/turtlebot3_msgs/include/turtlebot3_msgs/turtlebot3_msgs/srv/detail/sound__type_support.h
[1.307s] -- Up-to-date symlink: /home/zhihuili/RM_prac/install/turtlebot3_msgs/include/turtlebot3_msgs/turtlebot3_msgs/srv/dqn.h
[1.307s] -- Up-to-date symlink: /home/zhihuili/RM_prac/install/turtlebot3_msgs/include/turtlebot3_msgs/turtlebot3_msgs/srv/goal.h
[1.307s] -- Up-to-date symlink: /home/zhihuili/RM_prac/install/turtlebot3_msgs/include/turtlebot3_msgs/turtlebot3_msgs/srv/sound.h
[1.307s] -- Up-to-date symlink: /home/zhihuili/RM_prac/install/turtlebot3_msgs/share/turtlebot3_msgs/environment/library_path.sh
[1.307s] -- Up-to-date symlink: /home/zhihuili/RM_prac/install/turtlebot3_msgs/share/turtlebot3_msgs/environment/library_path.dsv
[1.307s] -- Up-to-date symlink: /home/zhihuili/RM_prac/install/turtlebot3_msgs/include/turtlebot3_msgs/turtlebot3_msgs/action/detail/patrol__rosidl_typesupport_fastrtps_c.h
[1.307s] -- Up-to-date symlink: /home/zhihuili/RM_prac/install/turtlebot3_msgs/include/turtlebot3_msgs/turtlebot3_msgs/msg/detail/sensor_state__rosidl_typesupport_fastrtps_c.h
[1.307s] -- Up-to-date symlink: /home/zhihuili/RM_prac/install/turtlebot3_msgs/include/turtlebot3_msgs/turtlebot3_msgs/msg/detail/sound__rosidl_typesupport_fastrtps_c.h
[1.307s] -- Up-to-date symlink: /home/zhihuili/RM_prac/install/turtlebot3_msgs/include/turtlebot3_msgs/turtlebot3_msgs/msg/detail/version_info__rosidl_typesupport_fastrtps_c.h
[1.307s] -- Up-to-date symlink: /home/zhihuili/RM_prac/install/turtlebot3_msgs/include/turtlebot3_msgs/turtlebot3_msgs/msg/rosidl_typesupport_fastrtps_c__visibility_control.h
[1.308s] -- Up-to-date symlink: /home/zhihuili/RM_prac/install/turtlebot3_msgs/include/turtlebot3_msgs/turtlebot3_msgs/srv/detail/dqn__rosidl_typesupport_fastrtps_c.h
[1.308s] -- Up-to-date symlink: /home/zhihuili/RM_prac/install/turtlebot3_msgs/include/turtlebot3_msgs/turtlebot3_msgs/srv/detail/goal__rosidl_typesupport_fastrtps_c.h
[1.308s] -- Up-to-date symlink: /home/zhihuili/RM_prac/install/turtlebot3_msgs/include/turtlebot3_msgs/turtlebot3_msgs/srv/detail/sound__rosidl_typesupport_fastrtps_c.h
[1.308s] -- Up-to-date symlink: /home/zhihuili/RM_prac/install/turtlebot3_msgs/include/turtlebot3_msgs/turtlebot3_msgs/action/detail/patrol__builder.hpp
[1.308s] -- Up-to-date symlink: /home/zhihuili/RM_prac/install/turtlebot3_msgs/include/turtlebot3_msgs/turtlebot3_msgs/action/detail/patrol__struct.hpp
[1.308s] -- Up-to-date symlink: /home/zhihuili/RM_prac/install/turtlebot3_msgs/include/turtlebot3_msgs/turtlebot3_msgs/action/detail/patrol__traits.hpp
[1.308s] -- Up-to-date symlink: /home/zhihuili/RM_prac/install/turtlebot3_msgs/include/turtlebot3_msgs/turtlebot3_msgs/action/detail/patrol__type_support.hpp
[1.308s] -- Up-to-date symlink: /home/zhihuili/RM_prac/install/turtlebot3_msgs/include/turtlebot3_msgs/turtlebot3_msgs/action/patrol.hpp
[1.308s] -- Up-to-date symlink: /home/zhihuili/RM_prac/install/turtlebot3_msgs/include/turtlebot3_msgs/turtlebot3_msgs/msg/detail/sensor_state__builder.hpp
[1.309s] -- Up-to-date symlink: /home/zhihuili/RM_prac/install/turtlebot3_msgs/include/turtlebot3_msgs/turtlebot3_msgs/msg/detail/sensor_state__struct.hpp
[1.309s] -- Up-to-date symlink: /home/zhihuili/RM_prac/install/turtlebot3_msgs/include/turtlebot3_msgs/turtlebot3_msgs/msg/detail/sensor_state__traits.hpp
[1.309s] -- Up-to-date symlink: /home/zhihuili/RM_prac/install/turtlebot3_msgs/include/turtlebot3_msgs/turtlebot3_msgs/msg/detail/sensor_state__type_support.hpp
[1.309s] -- Up-to-date symlink: /home/zhihuili/RM_prac/install/turtlebot3_msgs/include/turtlebot3_msgs/turtlebot3_msgs/msg/detail/sound__builder.hpp
[1.309s] -- Up-to-date symlink: /home/zhihuili/RM_prac/install/turtlebot3_msgs/include/turtlebot3_msgs/turtlebot3_msgs/msg/detail/sound__struct.hpp
[1.309s] -- Up-to-date symlink: /home/zhihuili/RM_prac/install/turtlebot3_msgs/include/turtlebot3_msgs/turtlebot3_msgs/msg/detail/sound__traits.hpp
[1.309s] -- Up-to-date symlink: /home/zhihuili/RM_prac/install/turtlebot3_msgs/include/turtlebot3_msgs/turtlebot3_msgs/msg/detail/sound__type_support.hpp
[1.309s] -- Up-to-date symlink: /home/zhihuili/RM_prac/install/turtlebot3_msgs/include/turtlebot3_msgs/turtlebot3_msgs/msg/detail/version_info__builder.hpp
[1.309s] -- Up-to-date symlink: /home/zhihuili/RM_prac/install/turtlebot3_msgs/include/turtlebot3_msgs/turtlebot3_msgs/msg/detail/version_info__struct.hpp
[1.310s] -- Up-to-date symlink: /home/zhihuili/RM_prac/install/turtlebot3_msgs/include/turtlebot3_msgs/turtlebot3_msgs/msg/detail/version_info__traits.hpp
[1.310s] -- Up-to-date symlink: /home/zhihuili/RM_prac/install/turtlebot3_msgs/include/turtlebot3_msgs/turtlebot3_msgs/msg/detail/version_info__type_support.hpp
[1.310s] -- Up-to-date symlink: /home/zhihuili/RM_prac/install/turtlebot3_msgs/include/turtlebot3_msgs/turtlebot3_msgs/msg/rosidl_generator_cpp__visibility_control.hpp
[1.310s] -- Up-to-date symlink: /home/zhihuili/RM_prac/install/turtlebot3_msgs/include/turtlebot3_msgs/turtlebot3_msgs/msg/sensor_state.hpp
[1.310s] -- Up-to-date symlink: /home/zhihuili/RM_prac/install/turtlebot3_msgs/include/turtlebot3_msgs/turtlebot3_msgs/msg/sound.hpp
[1.310s] -- Up-to-date symlink: /home/zhihuili/RM_prac/install/turtlebot3_msgs/include/turtlebot3_msgs/turtlebot3_msgs/msg/version_info.hpp
[1.311s] -- Up-to-date symlink: /home/zhihuili/RM_prac/install/turtlebot3_msgs/include/turtlebot3_msgs/turtlebot3_msgs/srv/detail/dqn__builder.hpp
[1.311s] -- Up-to-date symlink: /home/zhihuili/RM_prac/install/turtlebot3_msgs/include/turtlebot3_msgs/turtlebot3_msgs/srv/detail/dqn__struct.hpp
[1.311s] -- Up-to-date symlink: /home/zhihuili/RM_prac/install/turtlebot3_msgs/include/turtlebot3_msgs/turtlebot3_msgs/srv/detail/dqn__traits.hpp
[1.311s] -- Up-to-date symlink: /home/zhihuili/RM_prac/install/turtlebot3_msgs/include/turtlebot3_msgs/turtlebot3_msgs/srv/detail/dqn__type_support.hpp
[1.311s] -- Up-to-date symlink: /home/zhihuili/RM_prac/install/turtlebot3_msgs/include/turtlebot3_msgs/turtlebot3_msgs/srv/detail/goal__builder.hpp
[1.311s] -- Up-to-date symlink: /home/zhihuili/RM_prac/install/turtlebot3_msgs/include/turtlebot3_msgs/turtlebot3_msgs/srv/detail/goal__struct.hpp
[1.312s] -- Up-to-date symlink: /home/zhihuili/RM_prac/install/turtlebot3_msgs/include/turtlebot3_msgs/turtlebot3_msgs/srv/detail/goal__traits.hpp
[1.312s] -- Up-to-date symlink: /home/zhihuili/RM_prac/install/turtlebot3_msgs/include/turtlebot3_msgs/turtlebot3_msgs/srv/detail/goal__type_support.hpp
[1.312s] -- Up-to-date symlink: /home/zhihuili/RM_prac/install/turtlebot3_msgs/include/turtlebot3_msgs/turtlebot3_msgs/srv/detail/sound__builder.hpp
[1.312s] -- Up-to-date symlink: /home/zhihuili/RM_prac/install/turtlebot3_msgs/include/turtlebot3_msgs/turtlebot3_msgs/srv/detail/sound__struct.hpp
[1.312s] -- Up-to-date symlink: /home/zhihuili/RM_prac/install/turtlebot3_msgs/include/turtlebot3_msgs/turtlebot3_msgs/srv/detail/sound__traits.hpp
[1.312s] -- Up-to-date symlink: /home/zhihuili/RM_prac/install/turtlebot3_msgs/include/turtlebot3_msgs/turtlebot3_msgs/srv/detail/sound__type_support.hpp
[1.312s] -- Up-to-date symlink: /home/zhihuili/RM_prac/install/turtlebot3_msgs/include/turtlebot3_msgs/turtlebot3_msgs/srv/dqn.hpp
[1.312s] -- Up-to-date symlink: /home/zhihuili/RM_prac/install/turtlebot3_msgs/include/turtlebot3_msgs/turtlebot3_msgs/srv/goal.hpp
[1.313s] -- Up-to-date symlink: /home/zhihuili/RM_prac/install/turtlebot3_msgs/include/turtlebot3_msgs/turtlebot3_msgs/srv/sound.hpp
[1.313s] -- Up-to-date symlink: /home/zhihuili/RM_prac/install/turtlebot3_msgs/include/turtlebot3_msgs/turtlebot3_msgs/action/detail/patrol__rosidl_typesupport_fastrtps_cpp.hpp
[1.313s] -- Up-to-date symlink: /home/zhihuili/RM_prac/install/turtlebot3_msgs/include/turtlebot3_msgs/turtlebot3_msgs/msg/detail/sensor_state__rosidl_typesupport_fastrtps_cpp.hpp
[1.313s] -- Up-to-date symlink: /home/zhihuili/RM_prac/install/turtlebot3_msgs/include/turtlebot3_msgs/turtlebot3_msgs/msg/detail/sound__rosidl_typesupport_fastrtps_cpp.hpp
[1.313s] -- Up-to-date symlink: /home/zhihuili/RM_prac/install/turtlebot3_msgs/include/turtlebot3_msgs/turtlebot3_msgs/msg/detail/version_info__rosidl_typesupport_fastrtps_cpp.hpp
[1.314s] -- Up-to-date symlink: /home/zhihuili/RM_prac/install/turtlebot3_msgs/include/turtlebot3_msgs/turtlebot3_msgs/msg/rosidl_typesupport_fastrtps_cpp__visibility_control.h
[1.314s] -- Up-to-date symlink: /home/zhihuili/RM_prac/install/turtlebot3_msgs/include/turtlebot3_msgs/turtlebot3_msgs/srv/detail/dqn__rosidl_typesupport_fastrtps_cpp.hpp
[1.314s] -- Up-to-date symlink: /home/zhihuili/RM_prac/install/turtlebot3_msgs/include/turtlebot3_msgs/turtlebot3_msgs/srv/detail/goal__rosidl_typesupport_fastrtps_cpp.hpp
[1.315s] -- Up-to-date symlink: /home/zhihuili/RM_prac/install/turtlebot3_msgs/include/turtlebot3_msgs/turtlebot3_msgs/srv/detail/sound__rosidl_typesupport_fastrtps_cpp.hpp
[1.315s] -- Up-to-date symlink: /home/zhihuili/RM_prac/install/turtlebot3_msgs/include/turtlebot3_msgs/turtlebot3_msgs/action/detail/patrol__rosidl_typesupport_introspection_c.h
[1.316s] -- Up-to-date symlink: /home/zhihuili/RM_prac/install/turtlebot3_msgs/include/turtlebot3_msgs/turtlebot3_msgs/msg/detail/sensor_state__rosidl_typesupport_introspection_c.h
[1.316s] -- Up-to-date symlink: /home/zhihuili/RM_prac/install/turtlebot3_msgs/include/turtlebot3_msgs/turtlebot3_msgs/msg/detail/sound__rosidl_typesupport_introspection_c.h
[1.316s] -- Up-to-date symlink: /home/zhihuili/RM_prac/install/turtlebot3_msgs/include/turtlebot3_msgs/turtlebot3_msgs/msg/detail/version_info__rosidl_typesupport_introspection_c.h
[1.316s] -- Up-to-date symlink: /home/zhihuili/RM_prac/install/turtlebot3_msgs/include/turtlebot3_msgs/turtlebot3_msgs/msg/rosidl_typesupport_introspection_c__visibility_control.h
[1.316s] -- Up-to-date symlink: /home/zhihuili/RM_prac/install/turtlebot3_msgs/include/turtlebot3_msgs/turtlebot3_msgs/srv/detail/dqn__rosidl_typesupport_introspection_c.h
[1.316s] -- Up-to-date symlink: /home/zhihuili/RM_prac/install/turtlebot3_msgs/include/turtlebot3_msgs/turtlebot3_msgs/srv/detail/goal__rosidl_typesupport_introspection_c.h
[1.316s] -- Up-to-date symlink: /home/zhihuili/RM_prac/install/turtlebot3_msgs/include/turtlebot3_msgs/turtlebot3_msgs/srv/detail/sound__rosidl_typesupport_introspection_c.h
[1.316s] -- Up-to-date symlink: /home/zhihuili/RM_prac/install/turtlebot3_msgs/include/turtlebot3_msgs/turtlebot3_msgs/action/detail/patrol__rosidl_typesupport_introspection_cpp.hpp
[1.317s] -- Up-to-date symlink: /home/zhihuili/RM_prac/install/turtlebot3_msgs/include/turtlebot3_msgs/turtlebot3_msgs/msg/detail/sensor_state__rosidl_typesupport_introspection_cpp.hpp
[1.317s] -- Up-to-date symlink: /home/zhihuili/RM_prac/install/turtlebot3_msgs/include/turtlebot3_msgs/turtlebot3_msgs/msg/detail/sound__rosidl_typesupport_introspection_cpp.hpp
[1.317s] -- Up-to-date symlink: /home/zhihuili/RM_prac/install/turtlebot3_msgs/include/turtlebot3_msgs/turtlebot3_msgs/msg/detail/version_info__rosidl_typesupport_introspection_cpp.hpp
[1.317s] -- Up-to-date symlink: /home/zhihuili/RM_prac/install/turtlebot3_msgs/include/turtlebot3_msgs/turtlebot3_msgs/srv/detail/dqn__rosidl_typesupport_introspection_cpp.hpp
[1.317s] -- Up-to-date symlink: /home/zhihuili/RM_prac/install/turtlebot3_msgs/include/turtlebot3_msgs/turtlebot3_msgs/srv/detail/goal__rosidl_typesupport_introspection_cpp.hpp
[1.317s] -- Up-to-date symlink: /home/zhihuili/RM_prac/install/turtlebot3_msgs/include/turtlebot3_msgs/turtlebot3_msgs/srv/detail/sound__rosidl_typesupport_introspection_cpp.hpp
[1.317s] -- Up-to-date symlink: /home/zhihuili/RM_prac/install/turtlebot3_msgs/share/turtlebot3_msgs/environment/pythonpath.sh
[1.317s] -- Up-to-date symlink: /home/zhihuili/RM_prac/install/turtlebot3_msgs/share/turtlebot3_msgs/environment/pythonpath.dsv
[1.317s] -- Up-to-date symlink: /home/zhihuili/RM_prac/install/turtlebot3_msgs/local/lib/python3.10/dist-packages/turtlebot3_msgs-2.4.0-py3.10.egg-info/PKG-INFO
[1.317s] -- Up-to-date symlink: /home/zhihuili/RM_prac/install/turtlebot3_msgs/local/lib/python3.10/dist-packages/turtlebot3_msgs-2.4.0-py3.10.egg-info/SOURCES.txt
[1.317s] -- Up-to-date symlink: /home/zhihuili/RM_prac/install/turtlebot3_msgs/local/lib/python3.10/dist-packages/turtlebot3_msgs-2.4.0-py3.10.egg-info/dependency_links.txt
[1.317s] -- Up-to-date symlink: /home/zhihuili/RM_prac/install/turtlebot3_msgs/local/lib/python3.10/dist-packages/turtlebot3_msgs-2.4.0-py3.10.egg-info/top_level.txt
[1.318s] -- Up-to-date symlink: /home/zhihuili/RM_prac/install/turtlebot3_msgs/local/lib/python3.10/dist-packages/turtlebot3_msgs/__init__.py
[1.318s] -- Up-to-date symlink: /home/zhihuili/RM_prac/install/turtlebot3_msgs/local/lib/python3.10/dist-packages/turtlebot3_msgs/_turtlebot3_msgs_s.ep.rosidl_typesupport_c.c
[1.318s] -- Up-to-date symlink: /home/zhihuili/RM_prac/install/turtlebot3_msgs/local/lib/python3.10/dist-packages/turtlebot3_msgs/_turtlebot3_msgs_s.ep.rosidl_typesupport_fastrtps_c.c
[1.319s] -- Up-to-date symlink: /home/zhihuili/RM_prac/install/turtlebot3_msgs/local/lib/python3.10/dist-packages/turtlebot3_msgs/_turtlebot3_msgs_s.ep.rosidl_typesupport_introspection_c.c
[1.319s] -- Up-to-date symlink: /home/zhihuili/RM_prac/install/turtlebot3_msgs/local/lib/python3.10/dist-packages/turtlebot3_msgs/action/__init__.py
[1.319s] -- Up-to-date symlink: /home/zhihuili/RM_prac/install/turtlebot3_msgs/local/lib/python3.10/dist-packages/turtlebot3_msgs/action/_patrol.py
[1.319s] -- Up-to-date symlink: /home/zhihuili/RM_prac/install/turtlebot3_msgs/local/lib/python3.10/dist-packages/turtlebot3_msgs/action/_patrol_s.c
[1.320s] -- Up-to-date symlink: /home/zhihuili/RM_prac/install/turtlebot3_msgs/local/lib/python3.10/dist-packages/turtlebot3_msgs/libturtlebot3_msgs__rosidl_generator_py.so
[1.320s] -- Up-to-date symlink: /home/zhihuili/RM_prac/install/turtlebot3_msgs/local/lib/python3.10/dist-packages/turtlebot3_msgs/msg/__init__.py
[1.320s] -- Up-to-date symlink: /home/zhihuili/RM_prac/install/turtlebot3_msgs/local/lib/python3.10/dist-packages/turtlebot3_msgs/msg/_sensor_state.py
[1.320s] -- Up-to-date symlink: /home/zhihuili/RM_prac/install/turtlebot3_msgs/local/lib/python3.10/dist-packages/turtlebot3_msgs/msg/_sensor_state_s.c
[1.320s] -- Up-to-date symlink: /home/zhihuili/RM_prac/install/turtlebot3_msgs/local/lib/python3.10/dist-packages/turtlebot3_msgs/msg/_sound.py
[1.320s] -- Up-to-date symlink: /home/zhihuili/RM_prac/install/turtlebot3_msgs/local/lib/python3.10/dist-packages/turtlebot3_msgs/msg/_sound_s.c
[1.320s] -- Up-to-date symlink: /home/zhihuili/RM_prac/install/turtlebot3_msgs/local/lib/python3.10/dist-packages/turtlebot3_msgs/msg/_version_info.py
[1.321s] -- Up-to-date symlink: /home/zhihuili/RM_prac/install/turtlebot3_msgs/local/lib/python3.10/dist-packages/turtlebot3_msgs/msg/_version_info_s.c
[1.321s] -- Up-to-date symlink: /home/zhihuili/RM_prac/install/turtlebot3_msgs/local/lib/python3.10/dist-packages/turtlebot3_msgs/srv/__init__.py
[1.321s] -- Up-to-date symlink: /home/zhihuili/RM_prac/install/turtlebot3_msgs/local/lib/python3.10/dist-packages/turtlebot3_msgs/srv/_dqn.py
[1.321s] -- Up-to-date symlink: /home/zhihuili/RM_prac/install/turtlebot3_msgs/local/lib/python3.10/dist-packages/turtlebot3_msgs/srv/_dqn_s.c
[1.321s] -- Up-to-date symlink: /home/zhihuili/RM_prac/install/turtlebot3_msgs/local/lib/python3.10/dist-packages/turtlebot3_msgs/srv/_goal.py
[1.321s] -- Up-to-date symlink: /home/zhihuili/RM_prac/install/turtlebot3_msgs/local/lib/python3.10/dist-packages/turtlebot3_msgs/srv/_goal_s.c
[1.321s] -- Up-to-date symlink: /home/zhihuili/RM_prac/install/turtlebot3_msgs/local/lib/python3.10/dist-packages/turtlebot3_msgs/srv/_sound.py
[1.321s] -- Up-to-date symlink: /home/zhihuili/RM_prac/install/turtlebot3_msgs/local/lib/python3.10/dist-packages/turtlebot3_msgs/srv/_sound_s.c
[1.321s] -- Up-to-date symlink: /home/zhihuili/RM_prac/install/turtlebot3_msgs/local/lib/python3.10/dist-packages/turtlebot3_msgs/turtlebot3_msgs_s__rosidl_typesupport_c.cpython-310-x86_64-linux-gnu.so
[1.321s] -- Up-to-date symlink: /home/zhihuili/RM_prac/install/turtlebot3_msgs/local/lib/python3.10/dist-packages/turtlebot3_msgs/turtlebot3_msgs_s__rosidl_typesupport_fastrtps_c.cpython-310-x86_64-linux-gnu.so
[1.321s] -- Up-to-date symlink: /home/zhihuili/RM_prac/install/turtlebot3_msgs/local/lib/python3.10/dist-packages/turtlebot3_msgs/turtlebot3_msgs_s__rosidl_typesupport_introspection_c.cpython-310-x86_64-linux-gnu.so
[1.321s] -- Up-to-date symlink: /home/zhihuili/RM_prac/install/turtlebot3_msgs/local/lib/python3.10/dist-packages/turtlebot3_msgs/turtlebot3_msgs_s__rosidl_typesupport_fastrtps_c.cpython-310-x86_64-linux-gnu.so
[1.321s] -- Up-to-date symlink: /home/zhihuili/RM_prac/install/turtlebot3_msgs/local/lib/python3.10/dist-packages/turtlebot3_msgs/turtlebot3_msgs_s__rosidl_typesupport_introspection_c.cpython-310-x86_64-linux-gnu.so
[1.321s] -- Up-to-date symlink: /home/zhihuili/RM_prac/install/turtlebot3_msgs/local/lib/python3.10/dist-packages/turtlebot3_msgs/turtlebot3_msgs_s__rosidl_typesupport_c.cpython-310-x86_64-linux-gnu.so
[1.321s] -- Up-to-date symlink: /home/zhihuili/RM_prac/install/turtlebot3_msgs/share/ament_index/resource_index/rust_packages/turtlebot3_msgs
[1.322s] -- Up-to-date symlink: /home/zhihuili/RM_prac/install/turtlebot3_msgs/share/turtlebot3_msgs/rust/Cargo.toml
[1.322s] -- Up-to-date symlink: /home/zhihuili/RM_prac/install/turtlebot3_msgs/share/turtlebot3_msgs/rust/build.rs
[1.323s] -- Up-to-date symlink: /home/zhihuili/RM_prac/install/turtlebot3_msgs/share/turtlebot3_msgs/rust/src/action.rs
[1.323s] -- Up-to-date symlink: /home/zhihuili/RM_prac/install/turtlebot3_msgs/share/turtlebot3_msgs/rust/src/action/rmw.rs
[1.323s] -- Up-to-date symlink: /home/zhihuili/RM_prac/install/turtlebot3_msgs/share/turtlebot3_msgs/rust/src/lib.rs
[1.323s] -- Up-to-date symlink: /home/zhihuili/RM_prac/install/turtlebot3_msgs/share/turtlebot3_msgs/rust/src/msg.rs
[1.323s] -- Up-to-date symlink: /home/zhihuili/RM_prac/install/turtlebot3_msgs/share/turtlebot3_msgs/rust/src/msg/rmw.rs
[1.323s] -- Up-to-date symlink: /home/zhihuili/RM_prac/install/turtlebot3_msgs/share/turtlebot3_msgs/rust/src/srv.rs
[1.323s] -- Up-to-date symlink: /home/zhihuili/RM_prac/install/turtlebot3_msgs/share/turtlebot3_msgs/rust/src/srv/rmw.rs
[1.324s] -- Up-to-date symlink: /home/zhihuili/RM_prac/install/turtlebot3_msgs/share/turtlebot3_msgs/msg/SensorState.idl
[1.324s] -- Up-to-date symlink: /home/zhihuili/RM_prac/install/turtlebot3_msgs/share/turtlebot3_msgs/msg/Sound.idl
[1.324s] -- Up-to-date symlink: /home/zhihuili/RM_prac/install/turtlebot3_msgs/share/turtlebot3_msgs/msg/VersionInfo.idl
[1.324s] -- Up-to-date symlink: /home/zhihuili/RM_prac/install/turtlebot3_msgs/share/turtlebot3_msgs/srv/Sound.idl
[1.324s] -- Up-to-date symlink: /home/zhihuili/RM_prac/install/turtlebot3_msgs/share/turtlebot3_msgs/srv/Dqn.idl
[1.324s] -- Up-to-date symlink: /home/zhihuili/RM_prac/install/turtlebot3_msgs/share/turtlebot3_msgs/srv/Goal.idl
[1.324s] -- Up-to-date symlink: /home/zhihuili/RM_prac/install/turtlebot3_msgs/share/turtlebot3_msgs/action/Patrol.idl
[1.324s] -- Up-to-date symlink: /home/zhihuili/RM_prac/install/turtlebot3_msgs/share/turtlebot3_msgs/msg/SensorState.msg
[1.324s] -- Up-to-date symlink: /home/zhihuili/RM_prac/install/turtlebot3_msgs/share/turtlebot3_msgs/msg/Sound.msg
[1.324s] -- Up-to-date symlink: /home/zhihuili/RM_prac/install/turtlebot3_msgs/share/turtlebot3_msgs/msg/VersionInfo.msg
[1.324s] -- Up-to-date symlink: /home/zhihuili/RM_prac/install/turtlebot3_msgs/share/turtlebot3_msgs/srv/Sound.srv
[1.324s] -- Up-to-date symlink: /home/zhihuili/RM_prac/install/turtlebot3_msgs/share/turtlebot3_msgs/srv/Sound_Request.msg
[1.324s] -- Up-to-date symlink: /home/zhihuili/RM_prac/install/turtlebot3_msgs/share/turtlebot3_msgs/srv/Sound_Response.msg
[1.324s] -- Up-to-date symlink: /home/zhihuili/RM_prac/install/turtlebot3_msgs/share/turtlebot3_msgs/srv/Dqn.srv
[1.324s] -- Up-to-date symlink: /home/zhihuili/RM_prac/install/turtlebot3_msgs/share/turtlebot3_msgs/srv/Dqn_Request.msg
[1.324s] -- Up-to-date symlink: /home/zhihuili/RM_prac/install/turtlebot3_msgs/share/turtlebot3_msgs/srv/Dqn_Response.msg
[1.324s] -- Up-to-date symlink: /home/zhihuili/RM_prac/install/turtlebot3_msgs/share/turtlebot3_msgs/srv/Goal.srv
[1.324s] -- Up-to-date symlink: /home/zhihuili/RM_prac/install/turtlebot3_msgs/share/turtlebot3_msgs/srv/Goal_Request.msg
[1.324s] -- Up-to-date symlink: /home/zhihuili/RM_prac/install/turtlebot3_msgs/share/turtlebot3_msgs/srv/Goal_Response.msg
[1.324s] -- Up-to-date symlink: /home/zhihuili/RM_prac/install/turtlebot3_msgs/share/turtlebot3_msgs/action/Patrol.action
[1.325s] -- Up-to-date symlink: /home/zhihuili/RM_prac/install/turtlebot3_msgs/share/ament_index/resource_index/package_run_dependencies/turtlebot3_msgs
[1.325s] -- Up-to-date symlink: /home/zhihuili/RM_prac/install/turtlebot3_msgs/share/ament_index/resource_index/parent_prefix_path/turtlebot3_msgs
[1.325s] -- Up-to-date symlink: /home/zhihuili/RM_prac/install/turtlebot3_msgs/share/turtlebot3_msgs/environment/ament_prefix_path.sh
[1.325s] -- Up-to-date symlink: /home/zhihuili/RM_prac/install/turtlebot3_msgs/share/turtlebot3_msgs/environment/ament_prefix_path.dsv
[1.325s] -- Up-to-date symlink: /home/zhihuili/RM_prac/install/turtlebot3_msgs/share/turtlebot3_msgs/environment/path.sh
[1.329s] -- Up-to-date symlink: /home/zhihuili/RM_prac/install/turtlebot3_msgs/share/turtlebot3_msgs/environment/path.dsv
[1.329s] -- Up-to-date symlink: /home/zhihuili/RM_prac/install/turtlebot3_msgs/share/turtlebot3_msgs/local_setup.bash
[1.329s] -- Up-to-date symlink: /home/zhihuili/RM_prac/install/turtlebot3_msgs/share/turtlebot3_msgs/local_setup.sh
[1.329s] -- Up-to-date symlink: /home/zhihuili/RM_prac/install/turtlebot3_msgs/share/turtlebot3_msgs/local_setup.zsh
[1.329s] -- Up-to-date symlink: /home/zhihuili/RM_prac/install/turtlebot3_msgs/share/turtlebot3_msgs/local_setup.dsv
[1.329s] -- Symlinking: /home/zhihuili/RM_prac/install/turtlebot3_msgs/share/turtlebot3_msgs/package.dsv
[1.359s] -- Up-to-date symlink: /home/zhihuili/RM_prac/install/turtlebot3_msgs/share/ament_index/resource_index/packages/turtlebot3_msgs
[1.359s] -- Up-to-date symlink: /home/zhihuili/RM_prac/install/turtlebot3_msgs/share/turtlebot3_msgs/cmake/rosidl_cmake-extras.cmake
[1.359s] -- Up-to-date symlink: /home/zhihuili/RM_prac/install/turtlebot3_msgs/share/turtlebot3_msgs/cmake/ament_cmake_export_dependencies-extras.cmake
[1.359s] -- Up-to-date symlink: /home/zhihuili/RM_prac/install/turtlebot3_msgs/share/turtlebot3_msgs/cmake/ament_cmake_export_include_directories-extras.cmake
[1.359s] -- Up-to-date symlink: /home/zhihuili/RM_prac/install/turtlebot3_msgs/share/turtlebot3_msgs/cmake/ament_cmake_export_libraries-extras.cmake
[1.359s] -- Up-to-date symlink: /home/zhihuili/RM_prac/install/turtlebot3_msgs/share/turtlebot3_msgs/cmake/ament_cmake_export_targets-extras.cmake
[1.359s] -- Up-to-date symlink: /home/zhihuili/RM_prac/install/turtlebot3_msgs/share/turtlebot3_msgs/cmake/rosidl_cmake_export_typesupport_targets-extras.cmake
[1.360s] -- Up-to-date symlink: /home/zhihuili/RM_prac/install/turtlebot3_msgs/share/turtlebot3_msgs/cmake/rosidl_cmake_export_typesupport_libraries-extras.cmake
[1.360s] -- Up-to-date symlink: /home/zhihuili/RM_prac/install/turtlebot3_msgs/share/turtlebot3_msgs/cmake/turtlebot3_msgsConfig.cmake
[1.361s] -- Up-to-date symlink: /home/zhihuili/RM_prac/install/turtlebot3_msgs/share/turtlebot3_msgs/cmake/turtlebot3_msgsConfig-version.cmake
[1.361s] -- Up-to-date symlink: /home/zhihuili/RM_prac/install/turtlebot3_msgs/share/turtlebot3_msgs/package.xml
[1.361s] -- Up-to-date: /home/zhihuili/RM_prac/install/turtlebot3_msgs/lib/libturtlebot3_msgs__rosidl_generator_c.so
[1.361s] -- Up-to-date: /home/zhihuili/RM_prac/install/turtlebot3_msgs/lib/libturtlebot3_msgs__rosidl_typesupport_fastrtps_c.so
[1.361s] -- Up-to-date: /home/zhihuili/RM_prac/install/turtlebot3_msgs/lib/libturtlebot3_msgs__rosidl_typesupport_fastrtps_cpp.so
[1.361s] -- Up-to-date: /home/zhihuili/RM_prac/install/turtlebot3_msgs/lib/libturtlebot3_msgs__rosidl_typesupport_introspection_c.so
[1.361s] -- Up-to-date: /home/zhihuili/RM_prac/install/turtlebot3_msgs/lib/libturtlebot3_msgs__rosidl_typesupport_c.so
[1.361s] -- Up-to-date: /home/zhihuili/RM_prac/install/turtlebot3_msgs/lib/libturtlebot3_msgs__rosidl_typesupport_introspection_cpp.so
[1.361s] -- Up-to-date: /home/zhihuili/RM_prac/install/turtlebot3_msgs/lib/libturtlebot3_msgs__rosidl_typesupport_cpp.so
[1.404s] Listing '/home/zhihuili/RM_prac/install/turtlebot3_msgs/local/lib/python3.10/dist-packages/turtlebot3_msgs'...
[1.404s] Listing '/home/zhihuili/RM_prac/install/turtlebot3_msgs/local/lib/python3.10/dist-packages/turtlebot3_msgs/action'...
[1.404s] Listing '/home/zhihuili/RM_prac/install/turtlebot3_msgs/local/lib/python3.10/dist-packages/turtlebot3_msgs/msg'...
[1.404s] Listing '/home/zhihuili/RM_prac/install/turtlebot3_msgs/local/lib/python3.10/dist-packages/turtlebot3_msgs/srv'...
[1.406s] -- Up-to-date: /home/zhihuili/RM_prac/install/turtlebot3_msgs/lib/libturtlebot3_msgs__rosidl_generator_py.so
[1.407s] -- Up-to-date: /home/zhihuili/RM_prac/install/turtlebot3_msgs/share/turtlebot3_msgs/cmake/export_turtlebot3_msgs__rosidl_generator_cExport.cmake
[1.407s] -- Up-to-date: /home/zhihuili/RM_prac/install/turtlebot3_msgs/share/turtlebot3_msgs/cmake/export_turtlebot3_msgs__rosidl_generator_cExport-noconfig.cmake
[1.407s] -- Up-to-date: /home/zhihuili/RM_prac/install/turtlebot3_msgs/share/turtlebot3_msgs/cmake/export_turtlebot3_msgs__rosidl_typesupport_fastrtps_cExport.cmake
[1.407s] -- Up-to-date: /home/zhihuili/RM_prac/install/turtlebot3_msgs/share/turtlebot3_msgs/cmake/export_turtlebot3_msgs__rosidl_typesupport_fastrtps_cExport-noconfig.cmake
[1.407s] -- Up-to-date: /home/zhihuili/RM_prac/install/turtlebot3_msgs/share/turtlebot3_msgs/cmake/export_turtlebot3_msgs__rosidl_generator_cppExport.cmake
[1.407s] -- Up-to-date: /home/zhihuili/RM_prac/install/turtlebot3_msgs/share/turtlebot3_msgs/cmake/export_turtlebot3_msgs__rosidl_typesupport_fastrtps_cppExport.cmake
[1.407s] -- Up-to-date: /home/zhihuili/RM_prac/install/turtlebot3_msgs/share/turtlebot3_msgs/cmake/export_turtlebot3_msgs__rosidl_typesupport_fastrtps_cppExport-noconfig.cmake
[1.408s] -- Up-to-date: /home/zhihuili/RM_prac/install/turtlebot3_msgs/share/turtlebot3_msgs/cmake/turtlebot3_msgs__rosidl_typesupport_introspection_cExport.cmake
[1.408s] -- Up-to-date: /home/zhihuili/RM_prac/install/turtlebot3_msgs/share/turtlebot3_msgs/cmake/turtlebot3_msgs__rosidl_typesupport_introspection_cExport-noconfig.cmake
[1.408s] -- Up-to-date: /home/zhihuili/RM_prac/install/turtlebot3_msgs/share/turtlebot3_msgs/cmake/turtlebot3_msgs__rosidl_typesupport_cExport.cmake
[1.408s] -- Up-to-date: /home/zhihuili/RM_prac/install/turtlebot3_msgs/share/turtlebot3_msgs/cmake/turtlebot3_msgs__rosidl_typesupport_cExport-noconfig.cmake
[1.408s] -- Up-to-date: /home/zhihuili/RM_prac/install/turtlebot3_msgs/share/turtlebot3_msgs/cmake/turtlebot3_msgs__rosidl_typesupport_introspection_cppExport.cmake
[1.408s] -- Up-to-date: /home/zhihuili/RM_prac/install/turtlebot3_msgs/share/turtlebot3_msgs/cmake/turtlebot3_msgs__rosidl_typesupport_introspection_cppExport-noconfig.cmake
[1.408s] -- Up-to-date: /home/zhihuili/RM_prac/install/turtlebot3_msgs/share/turtlebot3_msgs/cmake/turtlebot3_msgs__rosidl_typesupport_cppExport.cmake
[1.408s] -- Up-to-date: /home/zhihuili/RM_prac/install/turtlebot3_msgs/share/turtlebot3_msgs/cmake/turtlebot3_msgs__rosidl_typesupport_cppExport-noconfig.cmake
[1.408s] -- Up-to-date: /home/zhihuili/RM_prac/install/turtlebot3_msgs/share/turtlebot3_msgs/cmake/export_turtlebot3_msgs__rosidl_generator_pyExport.cmake
[1.408s] -- Up-to-date: /home/zhihuili/RM_prac/install/turtlebot3_msgs/share/turtlebot3_msgs/cmake/export_turtlebot3_msgs__rosidl_generator_pyExport-noconfig.cmake
[1.412s] Invoked command in '/home/zhihuili/RM_prac/build/turtlebot3_msgs' returned '0': CMAKE_PREFIX_PATH=${CMAKE_PREFIX_PATH}:/home/zhihuili/RM_prac/install/turtlebot3_dqn:/opt/ros/humble /usr/bin/cmake --install /home/zhihuili/RM_prac/build/turtlebot3_msgs
