[0.117s] Invoking command in '/home/zhihuili/RM_prac/build/slam_pkg': CMAKE_PREFIX_PATH=${CMAKE_PREFIX_PATH}:/home/zhihuili/RM_prac/install/turtlebot3_dqn:/opt/ros/humble /usr/bin/cmake --build /home/zhihuili/RM_prac/build/slam_pkg -- -j14 -l14
[0.247s] [100%] Built target amcl_odom
[0.309s] Invoked command in '/home/zhihuili/RM_prac/build/slam_pkg' returned '0': CMAKE_PREFIX_PATH=${CMAKE_PREFIX_PATH}:/home/zhihuili/RM_prac/install/turtlebot3_dqn:/opt/ros/humble /usr/bin/cmake --build /home/zhihuili/RM_prac/build/slam_pkg -- -j14 -l14
[0.311s] Invoking command in '/home/zhihuili/RM_prac/build/slam_pkg': CMAKE_PREFIX_PATH=${CMAKE_PREFIX_PATH}:/home/zhihuili/RM_prac/install/turtlebot3_dqn:/opt/ros/humble /usr/bin/cmake --install /home/zhihuili/RM_prac/build/slam_pkg
[0.346s] -- Install configuration: ""
[0.346s] -- Execute custom install script
[0.346s] -- Up-to-date symlink: /home/zhihuili/RM_prac/install/slam_pkg/lib/slam_pkg/amcl_odom
[0.346s] -- Up-to-date symlink: /home/zhihuili/RM_prac/install/slam_pkg/share/slam_pkg/launch/cartographer.launch.py
[0.346s] -- Up-to-date symlink: /home/zhihuili/RM_prac/install/slam_pkg/share/slam_pkg/launch/localization.launch.py
[0.347s] -- Up-to-date symlink: /home/zhihuili/RM_prac/install/slam_pkg/share/ament_index/resource_index/package_run_dependencies/slam_pkg
[0.347s] -- Up-to-date symlink: /home/zhihuili/RM_prac/install/slam_pkg/share/ament_index/resource_index/parent_prefix_path/slam_pkg
[0.347s] -- Up-to-date symlink: /home/zhihuili/RM_prac/install/slam_pkg/share/slam_pkg/environment/ament_prefix_path.sh
[0.347s] -- Up-to-date symlink: /home/zhihuili/RM_prac/install/slam_pkg/share/slam_pkg/environment/ament_prefix_path.dsv
[0.347s] -- Up-to-date symlink: /home/zhihuili/RM_prac/install/slam_pkg/share/slam_pkg/environment/path.sh
[0.347s] -- Up-to-date symlink: /home/zhihuili/RM_prac/install/slam_pkg/share/slam_pkg/environment/path.dsv
[0.348s] -- Up-to-date symlink: /home/zhihuili/RM_prac/install/slam_pkg/share/slam_pkg/local_setup.bash
[0.348s] -- Up-to-date symlink: /home/zhihuili/RM_prac/install/slam_pkg/share/slam_pkg/local_setup.sh
[0.348s] -- Up-to-date symlink: /home/zhihuili/RM_prac/install/slam_pkg/share/slam_pkg/local_setup.zsh
[0.348s] -- Up-to-date symlink: /home/zhihuili/RM_prac/install/slam_pkg/share/slam_pkg/local_setup.dsv
[0.348s] -- Symlinking: /home/zhihuili/RM_prac/install/slam_pkg/share/slam_pkg/package.dsv
[0.348s] -- Up-to-date symlink: /home/zhihuili/RM_prac/install/slam_pkg/share/ament_index/resource_index/packages/slam_pkg
[0.348s] -- Up-to-date symlink: /home/zhihuili/RM_prac/install/slam_pkg/share/slam_pkg/cmake/slam_pkgConfig.cmake
[0.348s] -- Up-to-date symlink: /home/zhihuili/RM_prac/install/slam_pkg/share/slam_pkg/cmake/slam_pkgConfig-version.cmake
[0.348s] -- Up-to-date symlink: /home/zhihuili/RM_prac/install/slam_pkg/share/slam_pkg/package.xml
[0.401s] Invoked command in '/home/zhihuili/RM_prac/build/slam_pkg' returned '0': CMAKE_PREFIX_PATH=${CMAKE_PREFIX_PATH}:/home/zhihuili/RM_prac/install/turtlebot3_dqn:/opt/ros/humble /usr/bin/cmake --install /home/zhihuili/RM_prac/build/slam_pkg
