[0.062s] Invoking command in '/home/zhihuili/RM_prac/build/transformations_pkg': CMAKE_PREFIX_PATH=${CMAKE_PREFIX_PATH}:/home/zhihuili/RM_prac/install/turtlebot3_dqn:/opt/ros/humble /usr/bin/cmake --build /home/zhihuili/RM_prac/build/transformations_pkg -- -j14 -l14
[0.243s] [100%] Built target transform_listener
[0.416s] Invoked command in '/home/zhihuili/RM_prac/build/transformations_pkg' returned '0': CMAKE_PREFIX_PATH=${CMAKE_PREFIX_PATH}:/home/zhihuili/RM_prac/install/turtlebot3_dqn:/opt/ros/humble /usr/bin/cmake --build /home/zhihuili/RM_prac/build/transformations_pkg -- -j14 -l14
[0.417s] Invoking command in '/home/zhihuili/RM_prac/build/transformations_pkg': CMAKE_PREFIX_PATH=${CMAKE_PREFIX_PATH}:/home/zhihuili/RM_prac/install/turtlebot3_dqn:/opt/ros/humble /usr/bin/cmake --install /home/zhihuili/RM_prac/build/transformations_pkg
[0.444s] -- Install configuration: ""
[0.445s] -- Execute custom install script
[0.446s] -- Up-to-date symlink: /home/zhihuili/RM_prac/install/transformations_pkg/lib/transformations_pkg/transform_listener
[0.447s] -- Up-to-date symlink: /home/zhihuili/RM_prac/install/transformations_pkg/share/ament_index/resource_index/package_run_dependencies/transformations_pkg
[0.447s] -- Up-to-date symlink: /home/zhihuili/RM_prac/install/transformations_pkg/share/ament_index/resource_index/parent_prefix_path/transformations_pkg
[0.449s] -- Up-to-date symlink: /home/zhihuili/RM_prac/install/transformations_pkg/share/transformations_pkg/environment/ament_prefix_path.sh
[0.450s] -- Up-to-date symlink: /home/zhihuili/RM_prac/install/transformations_pkg/share/transformations_pkg/environment/ament_prefix_path.dsv
[0.451s] -- Up-to-date symlink: /home/zhihuili/RM_prac/install/transformations_pkg/share/transformations_pkg/environment/path.sh
[0.452s] -- Up-to-date symlink: /home/zhihuili/RM_prac/install/transformations_pkg/share/transformations_pkg/environment/path.dsv
[0.452s] -- Up-to-date symlink: /home/zhihuili/RM_prac/install/transformations_pkg/share/transformations_pkg/local_setup.bash
[0.453s] -- Up-to-date symlink: /home/zhihuili/RM_prac/install/transformations_pkg/share/transformations_pkg/local_setup.sh
[0.453s] -- Up-to-date symlink: /home/zhihuili/RM_prac/install/transformations_pkg/share/transformations_pkg/local_setup.zsh
[0.454s] -- Up-to-date symlink: /home/zhihuili/RM_prac/install/transformations_pkg/share/transformations_pkg/local_setup.dsv
[0.454s] -- Symlinking: /home/zhihuili/RM_prac/install/transformations_pkg/share/transformations_pkg/package.dsv
[0.455s] -- Up-to-date symlink: /home/zhihuili/RM_prac/install/transformations_pkg/share/ament_index/resource_index/packages/transformations_pkg
[0.456s] -- Up-to-date symlink: /home/zhihuili/RM_prac/install/transformations_pkg/share/transformations_pkg/cmake/transformations_pkgConfig.cmake
[0.456s] -- Up-to-date symlink: /home/zhihuili/RM_prac/install/transformations_pkg/share/transformations_pkg/cmake/transformations_pkgConfig-version.cmake
[0.456s] -- Up-to-date symlink: /home/zhihuili/RM_prac/install/transformations_pkg/share/transformations_pkg/package.xml
[0.705s] Invoked command in '/home/zhihuili/RM_prac/build/transformations_pkg' returned '0': CMAKE_PREFIX_PATH=${CMAKE_PREFIX_PATH}:/home/zhihuili/RM_prac/install/turtlebot3_dqn:/opt/ros/humble /usr/bin/cmake --install /home/zhihuili/RM_prac/build/transformations_pkg
