[0.068s] Invoking command in '/home/zhihuili/RM_prac/build/navigation_pkg': CMAKE_PREFIX_PATH=${CMAKE_PREFIX_PATH}:/home/zhihuili/RM_prac/install/turtlebot3_dqn:/opt/ros/humble /usr/bin/cmake --build /home/zhihuili/RM_prac/build/navigation_pkg -- -j14 -l14
[0.134s] Invoked command in '/home/zhihuili/RM_prac/build/navigation_pkg' returned '0': CMAKE_PREFIX_PATH=${CMAKE_PREFIX_PATH}:/home/zhihuili/RM_prac/install/turtlebot3_dqn:/opt/ros/humble /usr/bin/cmake --build /home/zhihuili/RM_prac/build/navigation_pkg -- -j14 -l14
[0.181s] Invoking command in '/home/zhihuili/RM_prac/build/navigation_pkg': CMAKE_PREFIX_PATH=${CMAKE_PREFIX_PATH}:/home/zhihuili/RM_prac/install/turtlebot3_dqn:/opt/ros/humble /usr/bin/cmake --install /home/zhihuili/RM_prac/build/navigation_pkg
[0.207s] -- Install configuration: ""
[0.214s] -- Execute custom install script
[0.216s] -- Up-to-date symlink: /home/zhihuili/RM_prac/install/navigation_pkg/share/navigation_pkg/launch/navigation.launch.py
[0.216s] -- Up-to-date symlink: /home/zhihuili/RM_prac/install/navigation_pkg/share/navigation_pkg/launch/navigation_with_speed_limit.launch.py
[0.217s] -- Up-to-date symlink: /home/zhihuili/RM_prac/install/navigation_pkg/share/navigation_pkg/launch/speed_limit.launch.py
[0.220s] -- Up-to-date symlink: /home/zhihuili/RM_prac/install/navigation_pkg/share/navigation_pkg/launch/turtlebot3_navigation.launch.py
[0.221s] -- Up-to-date symlink: /home/zhihuili/RM_prac/install/navigation_pkg/share/navigation_pkg/param/keepout_params.yaml
[0.221s] -- Up-to-date symlink: /home/zhihuili/RM_prac/install/navigation_pkg/share/navigation_pkg/param/nav2_params.yaml
[0.222s] -- Up-to-date symlink: /home/zhihuili/RM_prac/install/navigation_pkg/share/navigation_pkg/param/nav2_params_speed_limit.yaml
[0.222s] -- Up-to-date symlink: /home/zhihuili/RM_prac/install/navigation_pkg/share/navigation_pkg/param/speed_params.yaml
[0.258s] -- Up-to-date symlink: /home/zhihuili/RM_prac/install/navigation_pkg/share/ament_index/resource_index/package_run_dependencies/navigation_pkg
[0.267s] -- Up-to-date symlink: /home/zhihuili/RM_prac/install/navigation_pkg/share/ament_index/resource_index/parent_prefix_path/navigation_pkg
[0.268s] -- Up-to-date symlink: /home/zhihuili/RM_prac/install/navigation_pkg/share/navigation_pkg/environment/ament_prefix_path.sh
[0.270s] -- Up-to-date symlink: /home/zhihuili/RM_prac/install/navigation_pkg/share/navigation_pkg/environment/ament_prefix_path.dsv
[0.274s] -- Up-to-date symlink: /home/zhihuili/RM_prac/install/navigation_pkg/share/navigation_pkg/environment/path.sh
[0.280s] -- Up-to-date symlink: /home/zhihuili/RM_prac/install/navigation_pkg/share/navigation_pkg/environment/path.dsv
[0.281s] -- Up-to-date symlink: /home/zhihuili/RM_prac/install/navigation_pkg/share/navigation_pkg/local_setup.bash
[0.286s] -- Up-to-date symlink: /home/zhihuili/RM_prac/install/navigation_pkg/share/navigation_pkg/local_setup.sh
[0.292s] -- Up-to-date symlink: /home/zhihuili/RM_prac/install/navigation_pkg/share/navigation_pkg/local_setup.zsh
[0.295s] -- Up-to-date symlink: /home/zhihuili/RM_prac/install/navigation_pkg/share/navigation_pkg/local_setup.dsv
[0.296s] -- Symlinking: /home/zhihuili/RM_prac/install/navigation_pkg/share/navigation_pkg/package.dsv
[0.330s] -- Up-to-date symlink: /home/zhihuili/RM_prac/install/navigation_pkg/share/ament_index/resource_index/packages/navigation_pkg
[0.330s] -- Up-to-date symlink: /home/zhihuili/RM_prac/install/navigation_pkg/share/navigation_pkg/cmake/navigation_pkgConfig.cmake
[0.330s] -- Up-to-date symlink: /home/zhihuili/RM_prac/install/navigation_pkg/share/navigation_pkg/cmake/navigation_pkgConfig-version.cmake
[0.331s] -- Up-to-date symlink: /home/zhihuili/RM_prac/install/navigation_pkg/share/navigation_pkg/package.xml
[0.334s] Invoked command in '/home/zhihuili/RM_prac/build/navigation_pkg' returned '0': CMAKE_PREFIX_PATH=${CMAKE_PREFIX_PATH}:/home/zhihuili/RM_prac/install/turtlebot3_dqn:/opt/ros/humble /usr/bin/cmake --install /home/zhihuili/RM_prac/build/navigation_pkg
