/home/zhihuili/RM_prac/install/turtlebot3_dqn/lib/python3.10/site-packages/turtlebot3_dqn/dqn_agent.py
/home/zhihuili/RM_prac/install/turtlebot3_dqn/lib/python3.10/site-packages/turtlebot3_dqn/dqn_gazebo.py
/home/zhihuili/RM_prac/install/turtlebot3_dqn/lib/python3.10/site-packages/turtlebot3_dqn/result_graph.py
/home/zhihuili/RM_prac/install/turtlebot3_dqn/lib/python3.10/site-packages/turtlebot3_dqn/dqn_test.py
/home/zhihuili/RM_prac/install/turtlebot3_dqn/lib/python3.10/site-packages/turtlebot3_dqn/dqn_coppeliasim.py
/home/zhihuili/RM_prac/install/turtlebot3_dqn/lib/python3.10/site-packages/turtlebot3_dqn/action_graph.py
/home/zhihuili/RM_prac/install/turtlebot3_dqn/lib/python3.10/site-packages/turtlebot3_dqn/dqn_environment.py
/home/zhihuili/RM_prac/install/turtlebot3_dqn/lib/python3.10/site-packages/turtlebot3_dqn/__init__.py
/home/zhihuili/RM_prac/install/turtlebot3_dqn/lib/python3.10/site-packages/turtlebot3_dqn/__pycache__/dqn_agent.cpython-310.pyc
/home/zhihuili/RM_prac/install/turtlebot3_dqn/lib/python3.10/site-packages/turtlebot3_dqn/__pycache__/dqn_gazebo.cpython-310.pyc
/home/zhihuili/RM_prac/install/turtlebot3_dqn/lib/python3.10/site-packages/turtlebot3_dqn/__pycache__/result_graph.cpython-310.pyc
/home/zhihuili/RM_prac/install/turtlebot3_dqn/lib/python3.10/site-packages/turtlebot3_dqn/__pycache__/dqn_test.cpython-310.pyc
/home/zhihuili/RM_prac/install/turtlebot3_dqn/lib/python3.10/site-packages/turtlebot3_dqn/__pycache__/dqn_coppeliasim.cpython-310.pyc
/home/zhihuili/RM_prac/install/turtlebot3_dqn/lib/python3.10/site-packages/turtlebot3_dqn/__pycache__/action_graph.cpython-310.pyc
/home/zhihuili/RM_prac/install/turtlebot3_dqn/lib/python3.10/site-packages/turtlebot3_dqn/__pycache__/dqn_environment.cpython-310.pyc
/home/zhihuili/RM_prac/install/turtlebot3_dqn/lib/python3.10/site-packages/turtlebot3_dqn/__pycache__/__init__.cpython-310.pyc
/home/zhihuili/RM_prac/install/turtlebot3_dqn/share/ament_index/resource_index/packages/turtlebot3_dqn
/home/zhihuili/RM_prac/install/turtlebot3_dqn/share/turtlebot3_dqn/package.xml
/home/zhihuili/RM_prac/install/turtlebot3_dqn/share/turtlebot3_dqn/launch
/home/zhihuili/RM_prac/install/turtlebot3_dqn/share/turtlebot3_dqn/saved_model/model71.json
/home/zhihuili/RM_prac/install/turtlebot3_dqn/share/turtlebot3_dqn/saved_model/model152.h5
/home/zhihuili/RM_prac/install/turtlebot3_dqn/share/turtlebot3_dqn/saved_model/model96.json
/home/zhihuili/RM_prac/install/turtlebot3_dqn/share/turtlebot3_dqn/saved_model/model87.json
/home/zhihuili/RM_prac/install/turtlebot3_dqn/share/turtlebot3_dqn/saved_model/model70.h5
/home/zhihuili/RM_prac/install/turtlebot3_dqn/share/turtlebot3_dqn/saved_model/model157.json
/home/zhihuili/RM_prac/install/turtlebot3_dqn/share/turtlebot3_dqn/saved_model/model150.json
/home/zhihuili/RM_prac/install/turtlebot3_dqn/share/turtlebot3_dqn/saved_model/model36.h5
/home/zhihuili/RM_prac/install/turtlebot3_dqn/share/turtlebot3_dqn/saved_model/model79.h5
/home/zhihuili/RM_prac/install/turtlebot3_dqn/share/turtlebot3_dqn/saved_model/model29.h5
/home/zhihuili/RM_prac/install/turtlebot3_dqn/share/turtlebot3_dqn/saved_model/model54.h5
/home/zhihuili/RM_prac/install/turtlebot3_dqn/share/turtlebot3_dqn/saved_model/model41.json
/home/zhihuili/RM_prac/install/turtlebot3_dqn/share/turtlebot3_dqn/saved_model/model159.json
/home/zhihuili/RM_prac/install/turtlebot3_dqn/share/turtlebot3_dqn/saved_model/model136.h5
/home/zhihuili/RM_prac/install/turtlebot3_dqn/share/turtlebot3_dqn/saved_model/model127.json
/home/zhihuili/RM_prac/install/turtlebot3_dqn/share/turtlebot3_dqn/saved_model/model135.json
/home/zhihuili/RM_prac/install/turtlebot3_dqn/share/turtlebot3_dqn/saved_model/model118.json
/home/zhihuili/RM_prac/install/turtlebot3_dqn/share/turtlebot3_dqn/saved_model/model80.json
/home/zhihuili/RM_prac/install/turtlebot3_dqn/share/turtlebot3_dqn/saved_model/model53.json
/home/zhihuili/RM_prac/install/turtlebot3_dqn/share/turtlebot3_dqn/saved_model/model92.json
/home/zhihuili/RM_prac/install/turtlebot3_dqn/share/turtlebot3_dqn/saved_model/model157.h5
/home/zhihuili/RM_prac/install/turtlebot3_dqn/share/turtlebot3_dqn/saved_model/model132.h5
/home/zhihuili/RM_prac/install/turtlebot3_dqn/share/turtlebot3_dqn/saved_model/model27.json
/home/zhihuili/RM_prac/install/turtlebot3_dqn/share/turtlebot3_dqn/saved_model/model26.h5
/home/zhihuili/RM_prac/install/turtlebot3_dqn/share/turtlebot3_dqn/saved_model/model24.json
/home/zhihuili/RM_prac/install/turtlebot3_dqn/share/turtlebot3_dqn/saved_model/model96.h5
/home/zhihuili/RM_prac/install/turtlebot3_dqn/share/turtlebot3_dqn/saved_model/model130.json
/home/zhihuili/RM_prac/install/turtlebot3_dqn/share/turtlebot3_dqn/saved_model/model59.h5
/home/zhihuili/RM_prac/install/turtlebot3_dqn/share/turtlebot3_dqn/saved_model/model29.json
/home/zhihuili/RM_prac/install/turtlebot3_dqn/share/turtlebot3_dqn/saved_model/model55.h5
/home/zhihuili/RM_prac/install/turtlebot3_dqn/share/turtlebot3_dqn/saved_model/model21.h5
/home/zhihuili/RM_prac/install/turtlebot3_dqn/share/turtlebot3_dqn/saved_model/model45.json
/home/zhihuili/RM_prac/install/turtlebot3_dqn/share/turtlebot3_dqn/saved_model/model117.json
/home/zhihuili/RM_prac/install/turtlebot3_dqn/share/turtlebot3_dqn/saved_model/model102.h5
/home/zhihuili/RM_prac/install/turtlebot3_dqn/share/turtlebot3_dqn/saved_model/model98.h5
/home/zhihuili/RM_prac/install/turtlebot3_dqn/share/turtlebot3_dqn/saved_model/model129.h5
/home/zhihuili/RM_prac/install/turtlebot3_dqn/share/turtlebot3_dqn/saved_model/model111.h5
/home/zhihuili/RM_prac/install/turtlebot3_dqn/share/turtlebot3_dqn/saved_model/model162.h5
/home/zhihuili/RM_prac/install/turtlebot3_dqn/share/turtlebot3_dqn/saved_model/model43.json
/home/zhihuili/RM_prac/install/turtlebot3_dqn/share/turtlebot3_dqn/saved_model/model154.json
/home/zhihuili/RM_prac/install/turtlebot3_dqn/share/turtlebot3_dqn/saved_model/model44.json
/home/zhihuili/RM_prac/install/turtlebot3_dqn/share/turtlebot3_dqn/saved_model/model89.h5
/home/zhihuili/RM_prac/install/turtlebot3_dqn/share/turtlebot3_dqn/saved_model/model84.h5
/home/zhihuili/RM_prac/install/turtlebot3_dqn/share/turtlebot3_dqn/saved_model/model52.json
/home/zhihuili/RM_prac/install/turtlebot3_dqn/share/turtlebot3_dqn/saved_model/model47.h5
/home/zhihuili/RM_prac/install/turtlebot3_dqn/share/turtlebot3_dqn/saved_model/model147.json
/home/zhihuili/RM_prac/install/turtlebot3_dqn/share/turtlebot3_dqn/saved_model/model99.h5
/home/zhihuili/RM_prac/install/turtlebot3_dqn/share/turtlebot3_dqn/saved_model/model32.h5
/home/zhihuili/RM_prac/install/turtlebot3_dqn/share/turtlebot3_dqn/saved_model/model47.json
/home/zhihuili/RM_prac/install/turtlebot3_dqn/share/turtlebot3_dqn/saved_model/model110.json
/home/zhihuili/RM_prac/install/turtlebot3_dqn/share/turtlebot3_dqn/saved_model/model129.json
/home/zhihuili/RM_prac/install/turtlebot3_dqn/share/turtlebot3_dqn/saved_model/model25.json
/home/zhihuili/RM_prac/install/turtlebot3_dqn/share/turtlebot3_dqn/saved_model/model142.json
/home/zhihuili/RM_prac/install/turtlebot3_dqn/share/turtlebot3_dqn/saved_model/model117.h5
/home/zhihuili/RM_prac/install/turtlebot3_dqn/share/turtlebot3_dqn/saved_model/model60.h5
/home/zhihuili/RM_prac/install/turtlebot3_dqn/share/turtlebot3_dqn/saved_model/model161.h5
/home/zhihuili/RM_prac/install/turtlebot3_dqn/share/turtlebot3_dqn/saved_model/model141.h5
/home/zhihuili/RM_prac/install/turtlebot3_dqn/share/turtlebot3_dqn/saved_model/model9.h5
/home/zhihuili/RM_prac/install/turtlebot3_dqn/share/turtlebot3_dqn/saved_model/model143.h5
/home/zhihuili/RM_prac/install/turtlebot3_dqn/share/turtlebot3_dqn/saved_model/model78.h5
/home/zhihuili/RM_prac/install/turtlebot3_dqn/share/turtlebot3_dqn/saved_model/model19.json
/home/zhihuili/RM_prac/install/turtlebot3_dqn/share/turtlebot3_dqn/saved_model/model103.h5
/home/zhihuili/RM_prac/install/turtlebot3_dqn/share/turtlebot3_dqn/saved_model/model145.h5
/home/zhihuili/RM_prac/install/turtlebot3_dqn/share/turtlebot3_dqn/saved_model/model50.json
/home/zhihuili/RM_prac/install/turtlebot3_dqn/share/turtlebot3_dqn/saved_model/model6.json
/home/zhihuili/RM_prac/install/turtlebot3_dqn/share/turtlebot3_dqn/saved_model/model112.json
/home/zhihuili/RM_prac/install/turtlebot3_dqn/share/turtlebot3_dqn/saved_model/model158.json
/home/zhihuili/RM_prac/install/turtlebot3_dqn/share/turtlebot3_dqn/saved_model/model81.json
/home/zhihuili/RM_prac/install/turtlebot3_dqn/share/turtlebot3_dqn/saved_model/model154.h5
/home/zhihuili/RM_prac/install/turtlebot3_dqn/share/turtlebot3_dqn/saved_model/model69.json
/home/zhihuili/RM_prac/install/turtlebot3_dqn/share/turtlebot3_dqn/saved_model/model140.h5
/home/zhihuili/RM_prac/install/turtlebot3_dqn/share/turtlebot3_dqn/saved_model/model138.json
/home/zhihuili/RM_prac/install/turtlebot3_dqn/share/turtlebot3_dqn/saved_model/model1.json
/home/zhihuili/RM_prac/install/turtlebot3_dqn/share/turtlebot3_dqn/saved_model/model17.h5
/home/zhihuili/RM_prac/install/turtlebot3_dqn/share/turtlebot3_dqn/saved_model/model2.h5
/home/zhihuili/RM_prac/install/turtlebot3_dqn/share/turtlebot3_dqn/saved_model/model133.h5
/home/zhihuili/RM_prac/install/turtlebot3_dqn/share/turtlebot3_dqn/saved_model/model46.json
/home/zhihuili/RM_prac/install/turtlebot3_dqn/share/turtlebot3_dqn/saved_model/model57.h5
/home/zhihuili/RM_prac/install/turtlebot3_dqn/share/turtlebot3_dqn/saved_model/model122.json
/home/zhihuili/RM_prac/install/turtlebot3_dqn/share/turtlebot3_dqn/saved_model/model36.json
/home/zhihuili/RM_prac/install/turtlebot3_dqn/share/turtlebot3_dqn/saved_model/model155.h5
/home/zhihuili/RM_prac/install/turtlebot3_dqn/share/turtlebot3_dqn/saved_model/model34.json
/home/zhihuili/RM_prac/install/turtlebot3_dqn/share/turtlebot3_dqn/saved_model/model101.h5
/home/zhihuili/RM_prac/install/turtlebot3_dqn/share/turtlebot3_dqn/saved_model/model124.json
/home/zhihuili/RM_prac/install/turtlebot3_dqn/share/turtlebot3_dqn/saved_model/model140.json
/home/zhihuili/RM_prac/install/turtlebot3_dqn/share/turtlebot3_dqn/saved_model/model4.json
/home/zhihuili/RM_prac/install/turtlebot3_dqn/share/turtlebot3_dqn/saved_model/model85.h5
/home/zhihuili/RM_prac/install/turtlebot3_dqn/share/turtlebot3_dqn/saved_model/model139.json
/home/zhihuili/RM_prac/install/turtlebot3_dqn/share/turtlebot3_dqn/saved_model/model97.json
/home/zhihuili/RM_prac/install/turtlebot3_dqn/share/turtlebot3_dqn/saved_model/model94.h5
/home/zhihuili/RM_prac/install/turtlebot3_dqn/share/turtlebot3_dqn/saved_model/model122.h5
/home/zhihuili/RM_prac/install/turtlebot3_dqn/share/turtlebot3_dqn/saved_model/model15.json
/home/zhihuili/RM_prac/install/turtlebot3_dqn/share/turtlebot3_dqn/saved_model/model97.h5
/home/zhihuili/RM_prac/install/turtlebot3_dqn/share/turtlebot3_dqn/saved_model/model138.h5
/home/zhihuili/RM_prac/install/turtlebot3_dqn/share/turtlebot3_dqn/saved_model/model100.json
/home/zhihuili/RM_prac/install/turtlebot3_dqn/share/turtlebot3_dqn/saved_model/model23.json
/home/zhihuili/RM_prac/install/turtlebot3_dqn/share/turtlebot3_dqn/saved_model/model30.h5
/home/zhihuili/RM_prac/install/turtlebot3_dqn/share/turtlebot3_dqn/saved_model/model137.h5
/home/zhihuili/RM_prac/install/turtlebot3_dqn/share/turtlebot3_dqn/saved_model/model51.json
/home/zhihuili/RM_prac/install/turtlebot3_dqn/share/turtlebot3_dqn/saved_model/model52.h5
/home/zhihuili/RM_prac/install/turtlebot3_dqn/share/turtlebot3_dqn/saved_model/model16.h5
/home/zhihuili/RM_prac/install/turtlebot3_dqn/share/turtlebot3_dqn/saved_model/model137.json
/home/zhihuili/RM_prac/install/turtlebot3_dqn/share/turtlebot3_dqn/saved_model/model152.json
/home/zhihuili/RM_prac/install/turtlebot3_dqn/share/turtlebot3_dqn/saved_model/model110.h5
/home/zhihuili/RM_prac/install/turtlebot3_dqn/share/turtlebot3_dqn/saved_model/model109.h5
/home/zhihuili/RM_prac/install/turtlebot3_dqn/share/turtlebot3_dqn/saved_model/model105.json
/home/zhihuili/RM_prac/install/turtlebot3_dqn/share/turtlebot3_dqn/saved_model/model90.json
/home/zhihuili/RM_prac/install/turtlebot3_dqn/share/turtlebot3_dqn/saved_model/model114.h5
/home/zhihuili/RM_prac/install/turtlebot3_dqn/share/turtlebot3_dqn/saved_model/model28.json
/home/zhihuili/RM_prac/install/turtlebot3_dqn/share/turtlebot3_dqn/saved_model/model131.json
/home/zhihuili/RM_prac/install/turtlebot3_dqn/share/turtlebot3_dqn/saved_model/model18.h5
/home/zhihuili/RM_prac/install/turtlebot3_dqn/share/turtlebot3_dqn/saved_model/model115.json
/home/zhihuili/RM_prac/install/turtlebot3_dqn/share/turtlebot3_dqn/saved_model/model155.json
/home/zhihuili/RM_prac/install/turtlebot3_dqn/share/turtlebot3_dqn/saved_model/model92.h5
/home/zhihuili/RM_prac/install/turtlebot3_dqn/share/turtlebot3_dqn/saved_model/model19.h5
/home/zhihuili/RM_prac/install/turtlebot3_dqn/share/turtlebot3_dqn/saved_model/model62.json
/home/zhihuili/RM_prac/install/turtlebot3_dqn/share/turtlebot3_dqn/saved_model/model156.h5
/home/zhihuili/RM_prac/install/turtlebot3_dqn/share/turtlebot3_dqn/saved_model/model56.h5
/home/zhihuili/RM_prac/install/turtlebot3_dqn/share/turtlebot3_dqn/saved_model/model42.json
/home/zhihuili/RM_prac/install/turtlebot3_dqn/share/turtlebot3_dqn/saved_model/model143.json
/home/zhihuili/RM_prac/install/turtlebot3_dqn/share/turtlebot3_dqn/saved_model/model132.json
/home/zhihuili/RM_prac/install/turtlebot3_dqn/share/turtlebot3_dqn/saved_model/model102.json
/home/zhihuili/RM_prac/install/turtlebot3_dqn/share/turtlebot3_dqn/saved_model/model40.json
/home/zhihuili/RM_prac/install/turtlebot3_dqn/share/turtlebot3_dqn/saved_model/model58.json
/home/zhihuili/RM_prac/install/turtlebot3_dqn/share/turtlebot3_dqn/saved_model/model39.json
/home/zhihuili/RM_prac/install/turtlebot3_dqn/share/turtlebot3_dqn/saved_model/model34.h5
/home/zhihuili/RM_prac/install/turtlebot3_dqn/share/turtlebot3_dqn/saved_model/model49.h5
/home/zhihuili/RM_prac/install/turtlebot3_dqn/share/turtlebot3_dqn/saved_model/model82.h5
/home/zhihuili/RM_prac/install/turtlebot3_dqn/share/turtlebot3_dqn/saved_model/model12.h5
/home/zhihuili/RM_prac/install/turtlebot3_dqn/share/turtlebot3_dqn/saved_model/model75.json
/home/zhihuili/RM_prac/install/turtlebot3_dqn/share/turtlebot3_dqn/saved_model/model63.json
/home/zhihuili/RM_prac/install/turtlebot3_dqn/share/turtlebot3_dqn/saved_model/model65.json
/home/zhihuili/RM_prac/install/turtlebot3_dqn/share/turtlebot3_dqn/saved_model/model68.json
/home/zhihuili/RM_prac/install/turtlebot3_dqn/share/turtlebot3_dqn/saved_model/model26.json
/home/zhihuili/RM_prac/install/turtlebot3_dqn/share/turtlebot3_dqn/saved_model/model24.h5
/home/zhihuili/RM_prac/install/turtlebot3_dqn/share/turtlebot3_dqn/saved_model/model64.json
/home/zhihuili/RM_prac/install/turtlebot3_dqn/share/turtlebot3_dqn/saved_model/model11.json
/home/zhihuili/RM_prac/install/turtlebot3_dqn/share/turtlebot3_dqn/saved_model/model31.h5
/home/zhihuili/RM_prac/install/turtlebot3_dqn/share/turtlebot3_dqn/saved_model/model67.json
/home/zhihuili/RM_prac/install/turtlebot3_dqn/share/turtlebot3_dqn/saved_model/model9.json
/home/zhihuili/RM_prac/install/turtlebot3_dqn/share/turtlebot3_dqn/saved_model/model95.h5
/home/zhihuili/RM_prac/install/turtlebot3_dqn/share/turtlebot3_dqn/saved_model/model160.h5
/home/zhihuili/RM_prac/install/turtlebot3_dqn/share/turtlebot3_dqn/saved_model/model115.h5
/home/zhihuili/RM_prac/install/turtlebot3_dqn/share/turtlebot3_dqn/saved_model/model17.json
/home/zhihuili/RM_prac/install/turtlebot3_dqn/share/turtlebot3_dqn/saved_model/model121.h5
/home/zhihuili/RM_prac/install/turtlebot3_dqn/share/turtlebot3_dqn/saved_model/model141.json
/home/zhihuili/RM_prac/install/turtlebot3_dqn/share/turtlebot3_dqn/saved_model/model15.h5
/home/zhihuili/RM_prac/install/turtlebot3_dqn/share/turtlebot3_dqn/saved_model/model111.json
/home/zhihuili/RM_prac/install/turtlebot3_dqn/share/turtlebot3_dqn/saved_model/model119.h5
/home/zhihuili/RM_prac/install/turtlebot3_dqn/share/turtlebot3_dqn/saved_model/model4.h5
/home/zhihuili/RM_prac/install/turtlebot3_dqn/share/turtlebot3_dqn/saved_model/model148.h5
/home/zhihuili/RM_prac/install/turtlebot3_dqn/share/turtlebot3_dqn/saved_model/model37.h5
/home/zhihuili/RM_prac/install/turtlebot3_dqn/share/turtlebot3_dqn/saved_model/model23.h5
/home/zhihuili/RM_prac/install/turtlebot3_dqn/share/turtlebot3_dqn/saved_model/model76.json
/home/zhihuili/RM_prac/install/turtlebot3_dqn/share/turtlebot3_dqn/saved_model/model8.h5
/home/zhihuili/RM_prac/install/turtlebot3_dqn/share/turtlebot3_dqn/saved_model/model88.h5
/home/zhihuili/RM_prac/install/turtlebot3_dqn/share/turtlebot3_dqn/saved_model/model7.h5
/home/zhihuili/RM_prac/install/turtlebot3_dqn/share/turtlebot3_dqn/saved_model/model43.h5
/home/zhihuili/RM_prac/install/turtlebot3_dqn/share/turtlebot3_dqn/saved_model/model120.json
/home/zhihuili/RM_prac/install/turtlebot3_dqn/share/turtlebot3_dqn/saved_model/model149.h5
/home/zhihuili/RM_prac/install/turtlebot3_dqn/share/turtlebot3_dqn/saved_model/model123.json
/home/zhihuili/RM_prac/install/turtlebot3_dqn/share/turtlebot3_dqn/saved_model/model90.h5
/home/zhihuili/RM_prac/install/turtlebot3_dqn/share/turtlebot3_dqn/saved_model/model2.json
/home/zhihuili/RM_prac/install/turtlebot3_dqn/share/turtlebot3_dqn/saved_model/model116.h5
/home/zhihuili/RM_prac/install/turtlebot3_dqn/share/turtlebot3_dqn/saved_model/model69.h5
/home/zhihuili/RM_prac/install/turtlebot3_dqn/share/turtlebot3_dqn/saved_model/model121.json
/home/zhihuili/RM_prac/install/turtlebot3_dqn/share/turtlebot3_dqn/saved_model/model114.json
/home/zhihuili/RM_prac/install/turtlebot3_dqn/share/turtlebot3_dqn/saved_model/model83.json
/home/zhihuili/RM_prac/install/turtlebot3_dqn/share/turtlebot3_dqn/saved_model/model109.json
/home/zhihuili/RM_prac/install/turtlebot3_dqn/share/turtlebot3_dqn/saved_model/model124.h5
/home/zhihuili/RM_prac/install/turtlebot3_dqn/share/turtlebot3_dqn/saved_model/model116.json
/home/zhihuili/RM_prac/install/turtlebot3_dqn/share/turtlebot3_dqn/saved_model/model128.h5
/home/zhihuili/RM_prac/install/turtlebot3_dqn/share/turtlebot3_dqn/saved_model/model144.h5
/home/zhihuili/RM_prac/install/turtlebot3_dqn/share/turtlebot3_dqn/saved_model/model11.h5
/home/zhihuili/RM_prac/install/turtlebot3_dqn/share/turtlebot3_dqn/saved_model/model38.h5
/home/zhihuili/RM_prac/install/turtlebot3_dqn/share/turtlebot3_dqn/saved_model/model74.json
/home/zhihuili/RM_prac/install/turtlebot3_dqn/share/turtlebot3_dqn/saved_model/model108.json
/home/zhihuili/RM_prac/install/turtlebot3_dqn/share/turtlebot3_dqn/saved_model/model104.json
/home/zhihuili/RM_prac/install/turtlebot3_dqn/share/turtlebot3_dqn/saved_model/model28.h5
/home/zhihuili/RM_prac/install/turtlebot3_dqn/share/turtlebot3_dqn/saved_model/model13.h5
/home/zhihuili/RM_prac/install/turtlebot3_dqn/share/turtlebot3_dqn/saved_model/model77.h5
/home/zhihuili/RM_prac/install/turtlebot3_dqn/share/turtlebot3_dqn/saved_model/model68.h5
/home/zhihuili/RM_prac/install/turtlebot3_dqn/share/turtlebot3_dqn/saved_model/model151.h5
/home/zhihuili/RM_prac/install/turtlebot3_dqn/share/turtlebot3_dqn/saved_model/model31.json
/home/zhihuili/RM_prac/install/turtlebot3_dqn/share/turtlebot3_dqn/saved_model/model79.json
/home/zhihuili/RM_prac/install/turtlebot3_dqn/share/turtlebot3_dqn/saved_model/model33.h5
/home/zhihuili/RM_prac/install/turtlebot3_dqn/share/turtlebot3_dqn/saved_model/model139.h5
/home/zhihuili/RM_prac/install/turtlebot3_dqn/share/turtlebot3_dqn/saved_model/model55.json
/home/zhihuili/RM_prac/install/turtlebot3_dqn/share/turtlebot3_dqn/saved_model/model39.h5
/home/zhihuili/RM_prac/install/turtlebot3_dqn/share/turtlebot3_dqn/saved_model/model148.json
/home/zhihuili/RM_prac/install/turtlebot3_dqn/share/turtlebot3_dqn/saved_model/model126.h5
/home/zhihuili/RM_prac/install/turtlebot3_dqn/share/turtlebot3_dqn/saved_model/model7.json
/home/zhihuili/RM_prac/install/turtlebot3_dqn/share/turtlebot3_dqn/saved_model/model86.json
/home/zhihuili/RM_prac/install/turtlebot3_dqn/share/turtlebot3_dqn/saved_model/model66.h5
/home/zhihuili/RM_prac/install/turtlebot3_dqn/share/turtlebot3_dqn/saved_model/model62.h5
/home/zhihuili/RM_prac/install/turtlebot3_dqn/share/turtlebot3_dqn/saved_model/model144.json
/home/zhihuili/RM_prac/install/turtlebot3_dqn/share/turtlebot3_dqn/saved_model/model46.h5
/home/zhihuili/RM_prac/install/turtlebot3_dqn/share/turtlebot3_dqn/saved_model/model146.json
/home/zhihuili/RM_prac/install/turtlebot3_dqn/share/turtlebot3_dqn/saved_model/model119.json
/home/zhihuili/RM_prac/install/turtlebot3_dqn/share/turtlebot3_dqn/saved_model/model14.json
/home/zhihuili/RM_prac/install/turtlebot3_dqn/share/turtlebot3_dqn/saved_model/model71.h5
/home/zhihuili/RM_prac/install/turtlebot3_dqn/share/turtlebot3_dqn/saved_model/model127.h5
/home/zhihuili/RM_prac/install/turtlebot3_dqn/share/turtlebot3_dqn/saved_model/model1.h5
/home/zhihuili/RM_prac/install/turtlebot3_dqn/share/turtlebot3_dqn/saved_model/model56.json
/home/zhihuili/RM_prac/install/turtlebot3_dqn/share/turtlebot3_dqn/saved_model/model65.h5
/home/zhihuili/RM_prac/install/turtlebot3_dqn/share/turtlebot3_dqn/saved_model/model30.json
/home/zhihuili/RM_prac/install/turtlebot3_dqn/share/turtlebot3_dqn/saved_model/model75.h5
/home/zhihuili/RM_prac/install/turtlebot3_dqn/share/turtlebot3_dqn/saved_model/model91.json
/home/zhihuili/RM_prac/install/turtlebot3_dqn/share/turtlebot3_dqn/saved_model/model10.h5
/home/zhihuili/RM_prac/install/turtlebot3_dqn/share/turtlebot3_dqn/saved_model/model133.json
/home/zhihuili/RM_prac/install/turtlebot3_dqn/share/turtlebot3_dqn/saved_model/model151.json
/home/zhihuili/RM_prac/install/turtlebot3_dqn/share/turtlebot3_dqn/saved_model/model35.h5
/home/zhihuili/RM_prac/install/turtlebot3_dqn/share/turtlebot3_dqn/saved_model/model149.json
/home/zhihuili/RM_prac/install/turtlebot3_dqn/share/turtlebot3_dqn/saved_model/model40.h5
/home/zhihuili/RM_prac/install/turtlebot3_dqn/share/turtlebot3_dqn/saved_model/model78.json
/home/zhihuili/RM_prac/install/turtlebot3_dqn/share/turtlebot3_dqn/saved_model/model77.json
/home/zhihuili/RM_prac/install/turtlebot3_dqn/share/turtlebot3_dqn/saved_model/model85.json
/home/zhihuili/RM_prac/install/turtlebot3_dqn/share/turtlebot3_dqn/saved_model/model42.h5
/home/zhihuili/RM_prac/install/turtlebot3_dqn/share/turtlebot3_dqn/saved_model/model8.json
/home/zhihuili/RM_prac/install/turtlebot3_dqn/share/turtlebot3_dqn/saved_model/model104.h5
/home/zhihuili/RM_prac/install/turtlebot3_dqn/share/turtlebot3_dqn/saved_model/model105.h5
/home/zhihuili/RM_prac/install/turtlebot3_dqn/share/turtlebot3_dqn/saved_model/model153.json
/home/zhihuili/RM_prac/install/turtlebot3_dqn/share/turtlebot3_dqn/saved_model/model18.json
/home/zhihuili/RM_prac/install/turtlebot3_dqn/share/turtlebot3_dqn/saved_model/model160.json
/home/zhihuili/RM_prac/install/turtlebot3_dqn/share/turtlebot3_dqn/saved_model/model41.h5
/home/zhihuili/RM_prac/install/turtlebot3_dqn/share/turtlebot3_dqn/saved_model/model27.h5
/home/zhihuili/RM_prac/install/turtlebot3_dqn/share/turtlebot3_dqn/saved_model/model120.h5
/home/zhihuili/RM_prac/install/turtlebot3_dqn/share/turtlebot3_dqn/saved_model/model112.h5
/home/zhihuili/RM_prac/install/turtlebot3_dqn/share/turtlebot3_dqn/saved_model/model125.h5
/home/zhihuili/RM_prac/install/turtlebot3_dqn/share/turtlebot3_dqn/saved_model/model22.json
/home/zhihuili/RM_prac/install/turtlebot3_dqn/share/turtlebot3_dqn/saved_model/model72.json
/home/zhihuili/RM_prac/install/turtlebot3_dqn/share/turtlebot3_dqn/saved_model/model94.json
/home/zhihuili/RM_prac/install/turtlebot3_dqn/share/turtlebot3_dqn/saved_model/model101.json
/home/zhihuili/RM_prac/install/turtlebot3_dqn/share/turtlebot3_dqn/saved_model/model108.h5
/home/zhihuili/RM_prac/install/turtlebot3_dqn/share/turtlebot3_dqn/saved_model/model113.json
/home/zhihuili/RM_prac/install/turtlebot3_dqn/share/turtlebot3_dqn/saved_model/model98.json
/home/zhihuili/RM_prac/install/turtlebot3_dqn/share/turtlebot3_dqn/saved_model/model13.json
/home/zhihuili/RM_prac/install/turtlebot3_dqn/share/turtlebot3_dqn/saved_model/model88.json
/home/zhihuili/RM_prac/install/turtlebot3_dqn/share/turtlebot3_dqn/saved_model/model146.h5
/home/zhihuili/RM_prac/install/turtlebot3_dqn/share/turtlebot3_dqn/saved_model/model3.json
/home/zhihuili/RM_prac/install/turtlebot3_dqn/share/turtlebot3_dqn/saved_model/model5.json
/home/zhihuili/RM_prac/install/turtlebot3_dqn/share/turtlebot3_dqn/saved_model/model100.h5
/home/zhihuili/RM_prac/install/turtlebot3_dqn/share/turtlebot3_dqn/saved_model/model14.h5
/home/zhihuili/RM_prac/install/turtlebot3_dqn/share/turtlebot3_dqn/saved_model/model131.h5
/home/zhihuili/RM_prac/install/turtlebot3_dqn/share/turtlebot3_dqn/saved_model/model113.h5
/home/zhihuili/RM_prac/install/turtlebot3_dqn/share/turtlebot3_dqn/saved_model/model91.h5
/home/zhihuili/RM_prac/install/turtlebot3_dqn/share/turtlebot3_dqn/saved_model/model156.json
/home/zhihuili/RM_prac/install/turtlebot3_dqn/share/turtlebot3_dqn/saved_model/model32.json
/home/zhihuili/RM_prac/install/turtlebot3_dqn/share/turtlebot3_dqn/saved_model/model125.json
/home/zhihuili/RM_prac/install/turtlebot3_dqn/share/turtlebot3_dqn/saved_model/model89.json
/home/zhihuili/RM_prac/install/turtlebot3_dqn/share/turtlebot3_dqn/saved_model/model142.h5
/home/zhihuili/RM_prac/install/turtlebot3_dqn/share/turtlebot3_dqn/saved_model/model147.h5
/home/zhihuili/RM_prac/install/turtlebot3_dqn/share/turtlebot3_dqn/saved_model/model107.json
/home/zhihuili/RM_prac/install/turtlebot3_dqn/share/turtlebot3_dqn/saved_model/model87.h5
/home/zhihuili/RM_prac/install/turtlebot3_dqn/share/turtlebot3_dqn/saved_model/model25.h5
/home/zhihuili/RM_prac/install/turtlebot3_dqn/share/turtlebot3_dqn/saved_model/model61.h5
/home/zhihuili/RM_prac/install/turtlebot3_dqn/share/turtlebot3_dqn/saved_model/model118.h5
/home/zhihuili/RM_prac/install/turtlebot3_dqn/share/turtlebot3_dqn/saved_model/model3.h5
/home/zhihuili/RM_prac/install/turtlebot3_dqn/share/turtlebot3_dqn/saved_model/model134.h5
/home/zhihuili/RM_prac/install/turtlebot3_dqn/share/turtlebot3_dqn/saved_model/model73.h5
/home/zhihuili/RM_prac/install/turtlebot3_dqn/share/turtlebot3_dqn/saved_model/model38.json
/home/zhihuili/RM_prac/install/turtlebot3_dqn/share/turtlebot3_dqn/saved_model/model81.h5
/home/zhihuili/RM_prac/install/turtlebot3_dqn/share/turtlebot3_dqn/saved_model/model161.json
/home/zhihuili/RM_prac/install/turtlebot3_dqn/share/turtlebot3_dqn/saved_model/model83.h5
/home/zhihuili/RM_prac/install/turtlebot3_dqn/share/turtlebot3_dqn/saved_model/model61.json
/home/zhihuili/RM_prac/install/turtlebot3_dqn/share/turtlebot3_dqn/saved_model/model35.json
/home/zhihuili/RM_prac/install/turtlebot3_dqn/share/turtlebot3_dqn/saved_model/model60.json
/home/zhihuili/RM_prac/install/turtlebot3_dqn/share/turtlebot3_dqn/saved_model/model153.h5
/home/zhihuili/RM_prac/install/turtlebot3_dqn/share/turtlebot3_dqn/saved_model/model33.json
/home/zhihuili/RM_prac/install/turtlebot3_dqn/share/turtlebot3_dqn/saved_model/model82.json
/home/zhihuili/RM_prac/install/turtlebot3_dqn/share/turtlebot3_dqn/saved_model/model84.json
/home/zhihuili/RM_prac/install/turtlebot3_dqn/share/turtlebot3_dqn/saved_model/model162.json
/home/zhihuili/RM_prac/install/turtlebot3_dqn/share/turtlebot3_dqn/saved_model/model106.h5
/home/zhihuili/RM_prac/install/turtlebot3_dqn/share/turtlebot3_dqn/saved_model/model126.json
/home/zhihuili/RM_prac/install/turtlebot3_dqn/share/turtlebot3_dqn/saved_model/model51.h5
/home/zhihuili/RM_prac/install/turtlebot3_dqn/share/turtlebot3_dqn/saved_model/model22.h5
/home/zhihuili/RM_prac/install/turtlebot3_dqn/share/turtlebot3_dqn/saved_model/model53.h5
/home/zhihuili/RM_prac/install/turtlebot3_dqn/share/turtlebot3_dqn/saved_model/model67.h5
/home/zhihuili/RM_prac/install/turtlebot3_dqn/share/turtlebot3_dqn/saved_model/model80.h5
/home/zhihuili/RM_prac/install/turtlebot3_dqn/share/turtlebot3_dqn/saved_model/model93.h5
/home/zhihuili/RM_prac/install/turtlebot3_dqn/share/turtlebot3_dqn/saved_model/model20.h5
/home/zhihuili/RM_prac/install/turtlebot3_dqn/share/turtlebot3_dqn/saved_model/model49.json
/home/zhihuili/RM_prac/install/turtlebot3_dqn/share/turtlebot3_dqn/saved_model/model12.json
/home/zhihuili/RM_prac/install/turtlebot3_dqn/share/turtlebot3_dqn/saved_model/model135.h5
/home/zhihuili/RM_prac/install/turtlebot3_dqn/share/turtlebot3_dqn/saved_model/model93.json
/home/zhihuili/RM_prac/install/turtlebot3_dqn/share/turtlebot3_dqn/saved_model/model50.h5
/home/zhihuili/RM_prac/install/turtlebot3_dqn/share/turtlebot3_dqn/saved_model/model159.h5
/home/zhihuili/RM_prac/install/turtlebot3_dqn/share/turtlebot3_dqn/saved_model/model6.h5
/home/zhihuili/RM_prac/install/turtlebot3_dqn/share/turtlebot3_dqn/saved_model/model106.json
/home/zhihuili/RM_prac/install/turtlebot3_dqn/share/turtlebot3_dqn/saved_model/model20.json
/home/zhihuili/RM_prac/install/turtlebot3_dqn/share/turtlebot3_dqn/saved_model/model72.h5
/home/zhihuili/RM_prac/install/turtlebot3_dqn/share/turtlebot3_dqn/saved_model/model63.h5
/home/zhihuili/RM_prac/install/turtlebot3_dqn/share/turtlebot3_dqn/saved_model/model66.json
/home/zhihuili/RM_prac/install/turtlebot3_dqn/share/turtlebot3_dqn/saved_model/model99.json
/home/zhihuili/RM_prac/install/turtlebot3_dqn/share/turtlebot3_dqn/saved_model/model58.h5
/home/zhihuili/RM_prac/install/turtlebot3_dqn/share/turtlebot3_dqn/saved_model/model70.json
/home/zhihuili/RM_prac/install/turtlebot3_dqn/share/turtlebot3_dqn/saved_model/model130.h5
/home/zhihuili/RM_prac/install/turtlebot3_dqn/share/turtlebot3_dqn/saved_model/model128.json
/home/zhihuili/RM_prac/install/turtlebot3_dqn/share/turtlebot3_dqn/saved_model/model48.h5
/home/zhihuili/RM_prac/install/turtlebot3_dqn/share/turtlebot3_dqn/saved_model/model103.json
/home/zhihuili/RM_prac/install/turtlebot3_dqn/share/turtlebot3_dqn/saved_model/model45.h5
/home/zhihuili/RM_prac/install/turtlebot3_dqn/share/turtlebot3_dqn/saved_model/model5.h5
/home/zhihuili/RM_prac/install/turtlebot3_dqn/share/turtlebot3_dqn/saved_model/model145.json
/home/zhihuili/RM_prac/install/turtlebot3_dqn/share/turtlebot3_dqn/saved_model/model95.json
/home/zhihuili/RM_prac/install/turtlebot3_dqn/share/turtlebot3_dqn/saved_model/model44.h5
/home/zhihuili/RM_prac/install/turtlebot3_dqn/share/turtlebot3_dqn/saved_model/model136.json
/home/zhihuili/RM_prac/install/turtlebot3_dqn/share/turtlebot3_dqn/saved_model/model16.json
/home/zhihuili/RM_prac/install/turtlebot3_dqn/share/turtlebot3_dqn/saved_model/model64.h5
/home/zhihuili/RM_prac/install/turtlebot3_dqn/share/turtlebot3_dqn/saved_model/model74.h5
/home/zhihuili/RM_prac/install/turtlebot3_dqn/share/turtlebot3_dqn/saved_model/model123.h5
/home/zhihuili/RM_prac/install/turtlebot3_dqn/share/turtlebot3_dqn/saved_model/model57.json
/home/zhihuili/RM_prac/install/turtlebot3_dqn/share/turtlebot3_dqn/saved_model/model86.h5
/home/zhihuili/RM_prac/install/turtlebot3_dqn/share/turtlebot3_dqn/saved_model/model73.json
/home/zhihuili/RM_prac/install/turtlebot3_dqn/share/turtlebot3_dqn/saved_model/model21.json
/home/zhihuili/RM_prac/install/turtlebot3_dqn/share/turtlebot3_dqn/saved_model/model37.json
/home/zhihuili/RM_prac/install/turtlebot3_dqn/share/turtlebot3_dqn/saved_model/model48.json
/home/zhihuili/RM_prac/install/turtlebot3_dqn/share/turtlebot3_dqn/saved_model/model59.json
/home/zhihuili/RM_prac/install/turtlebot3_dqn/share/turtlebot3_dqn/saved_model/model158.h5
/home/zhihuili/RM_prac/install/turtlebot3_dqn/share/turtlebot3_dqn/saved_model/model134.json
/home/zhihuili/RM_prac/install/turtlebot3_dqn/share/turtlebot3_dqn/saved_model/model150.h5
/home/zhihuili/RM_prac/install/turtlebot3_dqn/share/turtlebot3_dqn/saved_model/model10.json
/home/zhihuili/RM_prac/install/turtlebot3_dqn/share/turtlebot3_dqn/saved_model/model54.json
/home/zhihuili/RM_prac/install/turtlebot3_dqn/share/turtlebot3_dqn/saved_model/model107.h5
/home/zhihuili/RM_prac/install/turtlebot3_dqn/share/turtlebot3_dqn/saved_model/model76.h5
/home/zhihuili/RM_prac/install/turtlebot3_dqn/lib/python3.10/site-packages/turtlebot3_dqn-1.0.3-py3.10.egg-info/SOURCES.txt
/home/zhihuili/RM_prac/install/turtlebot3_dqn/lib/python3.10/site-packages/turtlebot3_dqn-1.0.3-py3.10.egg-info/entry_points.txt
/home/zhihuili/RM_prac/install/turtlebot3_dqn/lib/python3.10/site-packages/turtlebot3_dqn-1.0.3-py3.10.egg-info/requires.txt
/home/zhihuili/RM_prac/install/turtlebot3_dqn/lib/python3.10/site-packages/turtlebot3_dqn-1.0.3-py3.10.egg-info/top_level.txt
/home/zhihuili/RM_prac/install/turtlebot3_dqn/lib/python3.10/site-packages/turtlebot3_dqn-1.0.3-py3.10.egg-info/PKG-INFO
/home/zhihuili/RM_prac/install/turtlebot3_dqn/lib/python3.10/site-packages/turtlebot3_dqn-1.0.3-py3.10.egg-info/dependency_links.txt
/home/zhihuili/RM_prac/install/turtlebot3_dqn/lib/python3.10/site-packages/turtlebot3_dqn-1.0.3-py3.10.egg-info/zip-safe
/home/zhihuili/RM_prac/install/turtlebot3_dqn/lib/turtlebot3_dqn/action_graph
/home/zhihuili/RM_prac/install/turtlebot3_dqn/lib/turtlebot3_dqn/dqn_agent
/home/zhihuili/RM_prac/install/turtlebot3_dqn/lib/turtlebot3_dqn/dqn_coppeliasim
/home/zhihuili/RM_prac/install/turtlebot3_dqn/lib/turtlebot3_dqn/dqn_environment
/home/zhihuili/RM_prac/install/turtlebot3_dqn/lib/turtlebot3_dqn/dqn_gazebo
/home/zhihuili/RM_prac/install/turtlebot3_dqn/lib/turtlebot3_dqn/dqn_test
/home/zhihuili/RM_prac/install/turtlebot3_dqn/lib/turtlebot3_dqn/result_graph
