running egg_info
writing ../../build/turtlebot3_dqn/turtlebot3_dqn.egg-info/PKG-INFO
writing dependency_links to ../../build/turtlebot3_dqn/turtlebot3_dqn.egg-info/dependency_links.txt
writing entry points to ../../build/turtlebot3_dqn/turtlebot3_dqn.egg-info/entry_points.txt
writing requirements to ../../build/turtlebot3_dqn/turtlebot3_dqn.egg-info/requires.txt
writing top-level names to ../../build/turtlebot3_dqn/turtlebot3_dqn.egg-info/top_level.txt
reading manifest file '../../build/turtlebot3_dqn/turtlebot3_dqn.egg-info/SOURCES.txt'
writing manifest file '../../build/turtlebot3_dqn/turtlebot3_dqn.egg-info/SOURCES.txt'
running build
running build_py
copying turtlebot3_dqn/dqn_agent.py -> /home/zhihuili/RM_prac/build/turtlebot3_dqn/build/lib/turtlebot3_dqn
copying turtlebot3_dqn/dqn_test.py -> /home/zhihuili/RM_prac/build/turtlebot3_dqn/build/lib/turtlebot3_dqn
running install
running install_lib
copying /home/zhihuili/RM_prac/build/turtlebot3_dqn/build/lib/turtlebot3_dqn/dqn_agent.py -> /home/zhihuili/RM_prac/install/turtlebot3_dqn/lib/python3.10/site-packages/turtlebot3_dqn
copying /home/zhihuili/RM_prac/build/turtlebot3_dqn/build/lib/turtlebot3_dqn/dqn_test.py -> /home/zhihuili/RM_prac/install/turtlebot3_dqn/lib/python3.10/site-packages/turtlebot3_dqn
byte-compiling /home/zhihuili/RM_prac/install/turtlebot3_dqn/lib/python3.10/site-packages/turtlebot3_dqn/dqn_agent.py to dqn_agent.cpython-310.pyc
byte-compiling /home/zhihuili/RM_prac/install/turtlebot3_dqn/lib/python3.10/site-packages/turtlebot3_dqn/dqn_test.py to dqn_test.cpython-310.pyc
running install_data
copying saved_model/model70.h5 -> /home/zhihuili/RM_prac/install/turtlebot3_dqn/share/turtlebot3_dqn/saved_model
copying saved_model/model54.h5 -> /home/zhihuili/RM_prac/install/turtlebot3_dqn/share/turtlebot3_dqn/saved_model
copying saved_model/model53.json -> /home/zhihuili/RM_prac/install/turtlebot3_dqn/share/turtlebot3_dqn/saved_model
copying saved_model/model59.h5 -> /home/zhihuili/RM_prac/install/turtlebot3_dqn/share/turtlebot3_dqn/saved_model
copying saved_model/model55.h5 -> /home/zhihuili/RM_prac/install/turtlebot3_dqn/share/turtlebot3_dqn/saved_model
copying saved_model/model52.json -> /home/zhihuili/RM_prac/install/turtlebot3_dqn/share/turtlebot3_dqn/saved_model
copying saved_model/model60.h5 -> /home/zhihuili/RM_prac/install/turtlebot3_dqn/share/turtlebot3_dqn/saved_model
copying saved_model/model50.json -> /home/zhihuili/RM_prac/install/turtlebot3_dqn/share/turtlebot3_dqn/saved_model
copying saved_model/model69.json -> /home/zhihuili/RM_prac/install/turtlebot3_dqn/share/turtlebot3_dqn/saved_model
copying saved_model/model57.h5 -> /home/zhihuili/RM_prac/install/turtlebot3_dqn/share/turtlebot3_dqn/saved_model
copying saved_model/model51.json -> /home/zhihuili/RM_prac/install/turtlebot3_dqn/share/turtlebot3_dqn/saved_model
copying saved_model/model52.h5 -> /home/zhihuili/RM_prac/install/turtlebot3_dqn/share/turtlebot3_dqn/saved_model
copying saved_model/model62.json -> /home/zhihuili/RM_prac/install/turtlebot3_dqn/share/turtlebot3_dqn/saved_model
copying saved_model/model56.h5 -> /home/zhihuili/RM_prac/install/turtlebot3_dqn/share/turtlebot3_dqn/saved_model
copying saved_model/model58.json -> /home/zhihuili/RM_prac/install/turtlebot3_dqn/share/turtlebot3_dqn/saved_model
copying saved_model/model63.json -> /home/zhihuili/RM_prac/install/turtlebot3_dqn/share/turtlebot3_dqn/saved_model
copying saved_model/model65.json -> /home/zhihuili/RM_prac/install/turtlebot3_dqn/share/turtlebot3_dqn/saved_model
copying saved_model/model68.json -> /home/zhihuili/RM_prac/install/turtlebot3_dqn/share/turtlebot3_dqn/saved_model
copying saved_model/model64.json -> /home/zhihuili/RM_prac/install/turtlebot3_dqn/share/turtlebot3_dqn/saved_model
copying saved_model/model67.json -> /home/zhihuili/RM_prac/install/turtlebot3_dqn/share/turtlebot3_dqn/saved_model
copying saved_model/model69.h5 -> /home/zhihuili/RM_prac/install/turtlebot3_dqn/share/turtlebot3_dqn/saved_model
copying saved_model/model68.h5 -> /home/zhihuili/RM_prac/install/turtlebot3_dqn/share/turtlebot3_dqn/saved_model
copying saved_model/model55.json -> /home/zhihuili/RM_prac/install/turtlebot3_dqn/share/turtlebot3_dqn/saved_model
copying saved_model/model66.h5 -> /home/zhihuili/RM_prac/install/turtlebot3_dqn/share/turtlebot3_dqn/saved_model
copying saved_model/model62.h5 -> /home/zhihuili/RM_prac/install/turtlebot3_dqn/share/turtlebot3_dqn/saved_model
copying saved_model/model56.json -> /home/zhihuili/RM_prac/install/turtlebot3_dqn/share/turtlebot3_dqn/saved_model
copying saved_model/model65.h5 -> /home/zhihuili/RM_prac/install/turtlebot3_dqn/share/turtlebot3_dqn/saved_model
copying saved_model/model61.h5 -> /home/zhihuili/RM_prac/install/turtlebot3_dqn/share/turtlebot3_dqn/saved_model
copying saved_model/model61.json -> /home/zhihuili/RM_prac/install/turtlebot3_dqn/share/turtlebot3_dqn/saved_model
copying saved_model/model60.json -> /home/zhihuili/RM_prac/install/turtlebot3_dqn/share/turtlebot3_dqn/saved_model
copying saved_model/model51.h5 -> /home/zhihuili/RM_prac/install/turtlebot3_dqn/share/turtlebot3_dqn/saved_model
copying saved_model/model53.h5 -> /home/zhihuili/RM_prac/install/turtlebot3_dqn/share/turtlebot3_dqn/saved_model
copying saved_model/model67.h5 -> /home/zhihuili/RM_prac/install/turtlebot3_dqn/share/turtlebot3_dqn/saved_model
copying saved_model/model50.h5 -> /home/zhihuili/RM_prac/install/turtlebot3_dqn/share/turtlebot3_dqn/saved_model
copying saved_model/model63.h5 -> /home/zhihuili/RM_prac/install/turtlebot3_dqn/share/turtlebot3_dqn/saved_model
copying saved_model/model66.json -> /home/zhihuili/RM_prac/install/turtlebot3_dqn/share/turtlebot3_dqn/saved_model
copying saved_model/model58.h5 -> /home/zhihuili/RM_prac/install/turtlebot3_dqn/share/turtlebot3_dqn/saved_model
copying saved_model/model70.json -> /home/zhihuili/RM_prac/install/turtlebot3_dqn/share/turtlebot3_dqn/saved_model
copying saved_model/model64.h5 -> /home/zhihuili/RM_prac/install/turtlebot3_dqn/share/turtlebot3_dqn/saved_model
copying saved_model/model57.json -> /home/zhihuili/RM_prac/install/turtlebot3_dqn/share/turtlebot3_dqn/saved_model
copying saved_model/model59.json -> /home/zhihuili/RM_prac/install/turtlebot3_dqn/share/turtlebot3_dqn/saved_model
copying saved_model/model54.json -> /home/zhihuili/RM_prac/install/turtlebot3_dqn/share/turtlebot3_dqn/saved_model
running install_egg_info
removing '/home/zhihuili/RM_prac/install/turtlebot3_dqn/lib/python3.10/site-packages/turtlebot3_dqn-1.0.3-py3.10.egg-info' (and everything under it)
Copying ../../build/turtlebot3_dqn/turtlebot3_dqn.egg-info to /home/zhihuili/RM_prac/install/turtlebot3_dqn/lib/python3.10/site-packages/turtlebot3_dqn-1.0.3-py3.10.egg-info
running install_scripts
Installing action_graph script to /home/zhihuili/RM_prac/install/turtlebot3_dqn/lib/turtlebot3_dqn
Installing dqn_agent script to /home/zhihuili/RM_prac/install/turtlebot3_dqn/lib/turtlebot3_dqn
Installing dqn_coppeliasim script to /home/zhihuili/RM_prac/install/turtlebot3_dqn/lib/turtlebot3_dqn
Installing dqn_environment script to /home/zhihuili/RM_prac/install/turtlebot3_dqn/lib/turtlebot3_dqn
Installing dqn_gazebo script to /home/zhihuili/RM_prac/install/turtlebot3_dqn/lib/turtlebot3_dqn
Installing dqn_test script to /home/zhihuili/RM_prac/install/turtlebot3_dqn/lib/turtlebot3_dqn
Installing result_graph script to /home/zhihuili/RM_prac/install/turtlebot3_dqn/lib/turtlebot3_dqn
writing list of installed files to '/home/zhihuili/RM_prac/build/turtlebot3_dqn/install.log'
