[0.410s] Invoking command in '/home/zhihuili/RM_prac/src/turtlebot3_dqn': CMAKE_PREFIX_PATH=/home/zhihuili/RM_prac/install/turtlebot3_msgs:/home/zhihuili/RM_prac/install/upv_maps_pkg:/home/zhihuili/RM_prac/install/maintenance_mode_pkg:/home/zhihuili/RM_prac/install/turtlebot3_coppeliasim:/home/zhihuili/RM_prac/install/transformations_pkg:/home/zhihuili/RM_prac/install/slam_pkg:/home/zhihuili/RM_prac/install/ros2_vfh:/home/zhihuili/RM_prac/install/pure_pursuit_pkg:/home/zhihuili/RM_prac/install/navigation_pkg:/home/zhihuili/RM_prac/install/kinematic_control_pkg:/home/zhihuili/RM_prac/install/intro_ros_pkg:/home/zhihuili/RM_prac/install/bringup_turtlebot3_pkg LD_LIBRARY_PATH=/home/zhihuili/RM_prac/install/turtlebot3_msgs/lib:/home/zhihuili/sumo_env/lib:/home/zhihuili/RM_prac/install/pure_pursuit_pkg/lib:/home/zhihuili/RM_prac/install/kinematic_control_pkg/lib:/opt/ros/humble/opt/rviz_ogre_vendor/lib:/opt/ros/humble/lib/x86_64-linux-gnu:/opt/ros/humble/lib PYTHONPATH=/home/zhihuili/RM_prac/build/turtlebot3_dqn/prefix_override:/usr/lib/python3/dist-packages/colcon_core/task/python/colcon_distutils_commands:/home/zhihuili/RM_prac/install/turtlebot3_dqn/lib/python3.10/site-packages:${PYTHONPATH} /usr/bin/python3 -W ignore:setup.py install is deprecated -W ignore:easy_install command is deprecated setup.py egg_info --egg-base ../../build/turtlebot3_dqn build --build-base /home/zhihuili/RM_prac/build/turtlebot3_dqn/build install --record /home/zhihuili/RM_prac/build/turtlebot3_dqn/install.log --single-version-externally-managed install_data
[0.566s] running egg_info
[0.567s] writing ../../build/turtlebot3_dqn/turtlebot3_dqn.egg-info/PKG-INFO
[0.567s] writing dependency_links to ../../build/turtlebot3_dqn/turtlebot3_dqn.egg-info/dependency_links.txt
[0.567s] writing entry points to ../../build/turtlebot3_dqn/turtlebot3_dqn.egg-info/entry_points.txt
[0.567s] writing requirements to ../../build/turtlebot3_dqn/turtlebot3_dqn.egg-info/requires.txt
[0.567s] writing top-level names to ../../build/turtlebot3_dqn/turtlebot3_dqn.egg-info/top_level.txt
[0.568s] reading manifest file '../../build/turtlebot3_dqn/turtlebot3_dqn.egg-info/SOURCES.txt'
[0.569s] writing manifest file '../../build/turtlebot3_dqn/turtlebot3_dqn.egg-info/SOURCES.txt'
[0.569s] running build
[0.569s] running build_py
[0.569s] copying turtlebot3_dqn/dqn_agent.py -> /home/zhihuili/RM_prac/build/turtlebot3_dqn/build/lib/turtlebot3_dqn
[0.569s] copying turtlebot3_dqn/dqn_test.py -> /home/zhihuili/RM_prac/build/turtlebot3_dqn/build/lib/turtlebot3_dqn
[0.570s] running install
[0.570s] running install_lib
[0.570s] copying /home/zhihuili/RM_prac/build/turtlebot3_dqn/build/lib/turtlebot3_dqn/dqn_agent.py -> /home/zhihuili/RM_prac/install/turtlebot3_dqn/lib/python3.10/site-packages/turtlebot3_dqn
[0.570s] copying /home/zhihuili/RM_prac/build/turtlebot3_dqn/build/lib/turtlebot3_dqn/dqn_test.py -> /home/zhihuili/RM_prac/install/turtlebot3_dqn/lib/python3.10/site-packages/turtlebot3_dqn
[0.570s] byte-compiling /home/zhihuili/RM_prac/install/turtlebot3_dqn/lib/python3.10/site-packages/turtlebot3_dqn/dqn_agent.py to dqn_agent.cpython-310.pyc
[0.573s] byte-compiling /home/zhihuili/RM_prac/install/turtlebot3_dqn/lib/python3.10/site-packages/turtlebot3_dqn/dqn_test.py to dqn_test.cpython-310.pyc
[0.574s] running install_data
[0.574s] copying saved_model/model70.h5 -> /home/zhihuili/RM_prac/install/turtlebot3_dqn/share/turtlebot3_dqn/saved_model
[0.576s] copying saved_model/model54.h5 -> /home/zhihuili/RM_prac/install/turtlebot3_dqn/share/turtlebot3_dqn/saved_model
[0.578s] copying saved_model/model53.json -> /home/zhihuili/RM_prac/install/turtlebot3_dqn/share/turtlebot3_dqn/saved_model
[0.578s] copying saved_model/model59.h5 -> /home/zhihuili/RM_prac/install/turtlebot3_dqn/share/turtlebot3_dqn/saved_model
[0.580s] copying saved_model/model55.h5 -> /home/zhihuili/RM_prac/install/turtlebot3_dqn/share/turtlebot3_dqn/saved_model
[0.582s] copying saved_model/model52.json -> /home/zhihuili/RM_prac/install/turtlebot3_dqn/share/turtlebot3_dqn/saved_model
[0.582s] copying saved_model/model60.h5 -> /home/zhihuili/RM_prac/install/turtlebot3_dqn/share/turtlebot3_dqn/saved_model
[0.584s] copying saved_model/model50.json -> /home/zhihuili/RM_prac/install/turtlebot3_dqn/share/turtlebot3_dqn/saved_model
[0.584s] copying saved_model/model69.json -> /home/zhihuili/RM_prac/install/turtlebot3_dqn/share/turtlebot3_dqn/saved_model
[0.584s] copying saved_model/model57.h5 -> /home/zhihuili/RM_prac/install/turtlebot3_dqn/share/turtlebot3_dqn/saved_model
[0.586s] copying saved_model/model51.json -> /home/zhihuili/RM_prac/install/turtlebot3_dqn/share/turtlebot3_dqn/saved_model
[0.586s] copying saved_model/model52.h5 -> /home/zhihuili/RM_prac/install/turtlebot3_dqn/share/turtlebot3_dqn/saved_model
[0.587s] copying saved_model/model62.json -> /home/zhihuili/RM_prac/install/turtlebot3_dqn/share/turtlebot3_dqn/saved_model
[0.587s] copying saved_model/model56.h5 -> /home/zhihuili/RM_prac/install/turtlebot3_dqn/share/turtlebot3_dqn/saved_model
[0.589s] copying saved_model/model58.json -> /home/zhihuili/RM_prac/install/turtlebot3_dqn/share/turtlebot3_dqn/saved_model
[0.590s] copying saved_model/model63.json -> /home/zhihuili/RM_prac/install/turtlebot3_dqn/share/turtlebot3_dqn/saved_model
[0.590s] copying saved_model/model65.json -> /home/zhihuili/RM_prac/install/turtlebot3_dqn/share/turtlebot3_dqn/saved_model
[0.590s] copying saved_model/model68.json -> /home/zhihuili/RM_prac/install/turtlebot3_dqn/share/turtlebot3_dqn/saved_model
[0.590s] copying saved_model/model64.json -> /home/zhihuili/RM_prac/install/turtlebot3_dqn/share/turtlebot3_dqn/saved_model
[0.590s] copying saved_model/model67.json -> /home/zhihuili/RM_prac/install/turtlebot3_dqn/share/turtlebot3_dqn/saved_model
[0.590s] copying saved_model/model69.h5 -> /home/zhihuili/RM_prac/install/turtlebot3_dqn/share/turtlebot3_dqn/saved_model
[0.592s] copying saved_model/model68.h5 -> /home/zhihuili/RM_prac/install/turtlebot3_dqn/share/turtlebot3_dqn/saved_model
[0.593s] copying saved_model/model55.json -> /home/zhihuili/RM_prac/install/turtlebot3_dqn/share/turtlebot3_dqn/saved_model
[0.594s] copying saved_model/model66.h5 -> /home/zhihuili/RM_prac/install/turtlebot3_dqn/share/turtlebot3_dqn/saved_model
[0.595s] copying saved_model/model62.h5 -> /home/zhihuili/RM_prac/install/turtlebot3_dqn/share/turtlebot3_dqn/saved_model
[0.598s] copying saved_model/model56.json -> /home/zhihuili/RM_prac/install/turtlebot3_dqn/share/turtlebot3_dqn/saved_model
[0.598s] copying saved_model/model65.h5 -> /home/zhihuili/RM_prac/install/turtlebot3_dqn/share/turtlebot3_dqn/saved_model
[0.600s] copying saved_model/model61.h5 -> /home/zhihuili/RM_prac/install/turtlebot3_dqn/share/turtlebot3_dqn/saved_model
[0.602s] copying saved_model/model61.json -> /home/zhihuili/RM_prac/install/turtlebot3_dqn/share/turtlebot3_dqn/saved_model
[0.602s] copying saved_model/model60.json -> /home/zhihuili/RM_prac/install/turtlebot3_dqn/share/turtlebot3_dqn/saved_model
[0.602s] copying saved_model/model51.h5 -> /home/zhihuili/RM_prac/install/turtlebot3_dqn/share/turtlebot3_dqn/saved_model
[0.604s] copying saved_model/model53.h5 -> /home/zhihuili/RM_prac/install/turtlebot3_dqn/share/turtlebot3_dqn/saved_model
[0.606s] copying saved_model/model67.h5 -> /home/zhihuili/RM_prac/install/turtlebot3_dqn/share/turtlebot3_dqn/saved_model
[0.608s] copying saved_model/model50.h5 -> /home/zhihuili/RM_prac/install/turtlebot3_dqn/share/turtlebot3_dqn/saved_model
[0.610s] copying saved_model/model63.h5 -> /home/zhihuili/RM_prac/install/turtlebot3_dqn/share/turtlebot3_dqn/saved_model
[0.612s] copying saved_model/model66.json -> /home/zhihuili/RM_prac/install/turtlebot3_dqn/share/turtlebot3_dqn/saved_model
[0.612s] copying saved_model/model58.h5 -> /home/zhihuili/RM_prac/install/turtlebot3_dqn/share/turtlebot3_dqn/saved_model
[0.614s] copying saved_model/model70.json -> /home/zhihuili/RM_prac/install/turtlebot3_dqn/share/turtlebot3_dqn/saved_model
[0.614s] copying saved_model/model64.h5 -> /home/zhihuili/RM_prac/install/turtlebot3_dqn/share/turtlebot3_dqn/saved_model
[0.616s] copying saved_model/model57.json -> /home/zhihuili/RM_prac/install/turtlebot3_dqn/share/turtlebot3_dqn/saved_model
[0.616s] copying saved_model/model59.json -> /home/zhihuili/RM_prac/install/turtlebot3_dqn/share/turtlebot3_dqn/saved_model
[0.616s] copying saved_model/model54.json -> /home/zhihuili/RM_prac/install/turtlebot3_dqn/share/turtlebot3_dqn/saved_model
[0.617s] running install_egg_info
[0.618s] removing '/home/zhihuili/RM_prac/install/turtlebot3_dqn/lib/python3.10/site-packages/turtlebot3_dqn-1.0.3-py3.10.egg-info' (and everything under it)
[0.618s] Copying ../../build/turtlebot3_dqn/turtlebot3_dqn.egg-info to /home/zhihuili/RM_prac/install/turtlebot3_dqn/lib/python3.10/site-packages/turtlebot3_dqn-1.0.3-py3.10.egg-info
[0.619s] running install_scripts
[0.632s] Installing action_graph script to /home/zhihuili/RM_prac/install/turtlebot3_dqn/lib/turtlebot3_dqn
[0.632s] Installing dqn_agent script to /home/zhihuili/RM_prac/install/turtlebot3_dqn/lib/turtlebot3_dqn
[0.633s] Installing dqn_coppeliasim script to /home/zhihuili/RM_prac/install/turtlebot3_dqn/lib/turtlebot3_dqn
[0.633s] Installing dqn_environment script to /home/zhihuili/RM_prac/install/turtlebot3_dqn/lib/turtlebot3_dqn
[0.633s] Installing dqn_gazebo script to /home/zhihuili/RM_prac/install/turtlebot3_dqn/lib/turtlebot3_dqn
[0.633s] Installing dqn_test script to /home/zhihuili/RM_prac/install/turtlebot3_dqn/lib/turtlebot3_dqn
[0.633s] Installing result_graph script to /home/zhihuili/RM_prac/install/turtlebot3_dqn/lib/turtlebot3_dqn
[0.633s] writing list of installed files to '/home/zhihuili/RM_prac/build/turtlebot3_dqn/install.log'
[0.652s] Invoked command in '/home/zhihuili/RM_prac/src/turtlebot3_dqn' returned '0': CMAKE_PREFIX_PATH=/home/zhihuili/RM_prac/install/turtlebot3_msgs:/home/zhihuili/RM_prac/install/upv_maps_pkg:/home/zhihuili/RM_prac/install/maintenance_mode_pkg:/home/zhihuili/RM_prac/install/turtlebot3_coppeliasim:/home/zhihuili/RM_prac/install/transformations_pkg:/home/zhihuili/RM_prac/install/slam_pkg:/home/zhihuili/RM_prac/install/ros2_vfh:/home/zhihuili/RM_prac/install/pure_pursuit_pkg:/home/zhihuili/RM_prac/install/navigation_pkg:/home/zhihuili/RM_prac/install/kinematic_control_pkg:/home/zhihuili/RM_prac/install/intro_ros_pkg:/home/zhihuili/RM_prac/install/bringup_turtlebot3_pkg LD_LIBRARY_PATH=/home/zhihuili/RM_prac/install/turtlebot3_msgs/lib:/home/zhihuili/sumo_env/lib:/home/zhihuili/RM_prac/install/pure_pursuit_pkg/lib:/home/zhihuili/RM_prac/install/kinematic_control_pkg/lib:/opt/ros/humble/opt/rviz_ogre_vendor/lib:/opt/ros/humble/lib/x86_64-linux-gnu:/opt/ros/humble/lib PYTHONPATH=/home/zhihuili/RM_prac/build/turtlebot3_dqn/prefix_override:/usr/lib/python3/dist-packages/colcon_core/task/python/colcon_distutils_commands:/home/zhihuili/RM_prac/install/turtlebot3_dqn/lib/python3.10/site-packages:${PYTHONPATH} /usr/bin/python3 -W ignore:setup.py install is deprecated -W ignore:easy_install command is deprecated setup.py egg_info --egg-base ../../build/turtlebot3_dqn build --build-base /home/zhihuili/RM_prac/build/turtlebot3_dqn/build install --record /home/zhihuili/RM_prac/build/turtlebot3_dqn/install.log --single-version-externally-managed install_data
