[0.055s] Invoking command in '/home/zhihuili/RM_prac/build/intro_ros_pkg': CMAKE_PREFIX_PATH=${CMAKE_PREFIX_PATH}:/home/zhihuili/RM_prac/install/turtlebot3_dqn:/opt/ros/humble /usr/bin/cmake --build /home/zhihuili/RM_prac/build/intro_ros_pkg -- -j14 -l14
[0.178s] [ 50%] Built target publisher
[0.178s] [100%] Built target subscriber
[0.296s] Invoked command in '/home/zhihuili/RM_prac/build/intro_ros_pkg' returned '0': CMAKE_PREFIX_PATH=${CMAKE_PREFIX_PATH}:/home/zhihuili/RM_prac/install/turtlebot3_dqn:/opt/ros/humble /usr/bin/cmake --build /home/zhihuili/RM_prac/build/intro_ros_pkg -- -j14 -l14
[0.297s] Invoking command in '/home/zhihuili/RM_prac/build/intro_ros_pkg': CMAKE_PREFIX_PATH=${CMAKE_PREFIX_PATH}:/home/zhihuili/RM_prac/install/turtlebot3_dqn:/opt/ros/humble /usr/bin/cmake --install /home/zhihuili/RM_prac/build/intro_ros_pkg
[0.312s] -- Install configuration: ""
[0.312s] -- Execute custom install script
[0.312s] -- Up-to-date symlink: /home/zhihuili/RM_prac/install/intro_ros_pkg/lib/intro_ros_pkg/publisher
[0.314s] -- Up-to-date symlink: /home/zhihuili/RM_prac/install/intro_ros_pkg/lib/intro_ros_pkg/subscriber
[0.314s] -- Up-to-date symlink: /home/zhihuili/RM_prac/install/intro_ros_pkg/share/intro_ros_pkg//launch/intro_ros.launch.py
[0.315s] -- Up-to-date symlink: /home/zhihuili/RM_prac/install/intro_ros_pkg/share/intro_ros_pkg//launch/intro_ros_param.launch.py
[0.316s] -- Up-to-date symlink: /home/zhihuili/RM_prac/install/intro_ros_pkg/share/intro_ros_pkg//launch/intro_ros_remap.launch.py
[0.316s] -- Up-to-date symlink: /home/zhihuili/RM_prac/install/intro_ros_pkg/share/ament_index/resource_index/package_run_dependencies/intro_ros_pkg
[0.316s] -- Up-to-date symlink: /home/zhihuili/RM_prac/install/intro_ros_pkg/share/ament_index/resource_index/parent_prefix_path/intro_ros_pkg
[0.316s] -- Up-to-date symlink: /home/zhihuili/RM_prac/install/intro_ros_pkg/share/intro_ros_pkg/environment/ament_prefix_path.sh
[0.317s] -- Up-to-date symlink: /home/zhihuili/RM_prac/install/intro_ros_pkg/share/intro_ros_pkg/environment/ament_prefix_path.dsv
[0.317s] -- Up-to-date symlink: /home/zhihuili/RM_prac/install/intro_ros_pkg/share/intro_ros_pkg/environment/path.sh
[0.317s] -- Up-to-date symlink: /home/zhihuili/RM_prac/install/intro_ros_pkg/share/intro_ros_pkg/environment/path.dsv
[0.317s] -- Up-to-date symlink: /home/zhihuili/RM_prac/install/intro_ros_pkg/share/intro_ros_pkg/local_setup.bash
[0.318s] -- Up-to-date symlink: /home/zhihuili/RM_prac/install/intro_ros_pkg/share/intro_ros_pkg/local_setup.sh
[0.320s] -- Up-to-date symlink: /home/zhihuili/RM_prac/install/intro_ros_pkg/share/intro_ros_pkg/local_setup.zsh
[0.320s] -- Up-to-date symlink: /home/zhihuili/RM_prac/install/intro_ros_pkg/share/intro_ros_pkg/local_setup.dsv
[0.321s] -- Symlinking: /home/zhihuili/RM_prac/install/intro_ros_pkg/share/intro_ros_pkg/package.dsv
[0.329s] -- Up-to-date symlink: /home/zhihuili/RM_prac/install/intro_ros_pkg/share/ament_index/resource_index/packages/intro_ros_pkg
[0.329s] -- Up-to-date symlink: /home/zhihuili/RM_prac/install/intro_ros_pkg/share/intro_ros_pkg/cmake/intro_ros_pkgConfig.cmake
[0.329s] -- Up-to-date symlink: /home/zhihuili/RM_prac/install/intro_ros_pkg/share/intro_ros_pkg/cmake/intro_ros_pkgConfig-version.cmake
[0.330s] -- Up-to-date symlink: /home/zhihuili/RM_prac/install/intro_ros_pkg/share/intro_ros_pkg/package.xml
[0.405s] Invoked command in '/home/zhihuili/RM_prac/build/intro_ros_pkg' returned '0': CMAKE_PREFIX_PATH=${CMAKE_PREFIX_PATH}:/home/zhihuili/RM_prac/install/turtlebot3_dqn:/opt/ros/humble /usr/bin/cmake --install /home/zhihuili/RM_prac/build/intro_ros_pkg
