[0.057s] Invoking command in '/home/zhihuili/RM_prac/build/kinematic_control_pkg': CMAKE_PREFIX_PATH=${CMAKE_PREFIX_PATH}:/home/zhihuili/RM_prac/install/turtlebot3_dqn:/opt/ros/humble /usr/bin/cmake --build /home/zhihuili/RM_prac/build/kinematic_control_pkg -- -j14 -l14
[0.192s] [  2%] Built target kinematic_control_pkg__cpp
[0.326s] [  5%] Built target kinematic_control_pkg__rs
[0.326s] [  5%] Built target ament_cmake_python_symlink_kinematic_control_pkg
[0.328s] [ 13%] Built target kinematic_control_pkg__rosidl_typesupport_introspection_cpp
[0.328s] [ 22%] Built target kinematic_control_pkg__rosidl_typesupport_fastrtps_cpp
[0.328s] [ 30%] Built target kinematic_control_pkg__rosidl_generator_c
[0.388s] [ 38%] Built target kinematic_control_pkg__rosidl_typesupport_introspection_c
[0.404s] [ 47%] Built target kinematic_control_pkg__rosidl_typesupport_c
[0.404s] [ 55%] Built target kinematic_control_pkg__rosidl_typesupport_fastrtps_c
[0.406s] [ 63%] Built target kinematic_control_pkg__rosidl_typesupport_cpp
[0.505s] [ 63%] Built target kinematic_control_pkg
[0.543s] [ 69%] Built target controller_odom
[0.676s] [ 75%] Built target infinite_reference_node
[0.677s] [ 77%] Built target kinematic_control_pkg__py
[0.885s] [ 83%] Built target kinematic_control_pkg__rosidl_generator_py
[1.044s] [ 88%] Built target kinematic_control_pkg__rosidl_typesupport_fastrtps_c__pyext
[1.052s] [ 94%] Built target kinematic_control_pkg__rosidl_typesupport_c__pyext
[1.052s] [100%] Built target kinematic_control_pkg__rosidl_typesupport_introspection_c__pyext
[1.081s] running egg_info
[1.110s] writing kinematic_control_pkg.egg-info/PKG-INFO
[1.115s] writing dependency_links to kinematic_control_pkg.egg-info/dependency_links.txt
[1.115s] writing top-level names to kinematic_control_pkg.egg-info/top_level.txt
[1.123s] reading manifest file 'kinematic_control_pkg.egg-info/SOURCES.txt'
[1.124s] writing manifest file 'kinematic_control_pkg.egg-info/SOURCES.txt'
[1.170s] [100%] Built target ament_cmake_python_build_kinematic_control_pkg_egg
[1.185s] Invoked command in '/home/zhihuili/RM_prac/build/kinematic_control_pkg' returned '0': CMAKE_PREFIX_PATH=${CMAKE_PREFIX_PATH}:/home/zhihuili/RM_prac/install/turtlebot3_dqn:/opt/ros/humble /usr/bin/cmake --build /home/zhihuili/RM_prac/build/kinematic_control_pkg -- -j14 -l14
[1.186s] Invoking command in '/home/zhihuili/RM_prac/build/kinematic_control_pkg': CMAKE_PREFIX_PATH=${CMAKE_PREFIX_PATH}:/home/zhihuili/RM_prac/install/turtlebot3_dqn:/opt/ros/humble /usr/bin/cmake --install /home/zhihuili/RM_prac/build/kinematic_control_pkg
[1.201s] -- Install configuration: ""
[1.201s] -- Execute custom install script
[1.201s] -- Up-to-date symlink: /home/zhihuili/RM_prac/install/kinematic_control_pkg/share/ament_index/resource_index/rosidl_interfaces/kinematic_control_pkg
[1.201s] -- Up-to-date symlink: /home/zhihuili/RM_prac/install/kinematic_control_pkg/include/kinematic_control_pkg/kinematic_control_pkg/msg/detail/reference__functions.h
[1.202s] -- Up-to-date symlink: /home/zhihuili/RM_prac/install/kinematic_control_pkg/include/kinematic_control_pkg/kinematic_control_pkg/msg/detail/reference__struct.h
[1.202s] -- Up-to-date symlink: /home/zhihuili/RM_prac/install/kinematic_control_pkg/include/kinematic_control_pkg/kinematic_control_pkg/msg/detail/reference__type_support.h
[1.202s] -- Up-to-date symlink: /home/zhihuili/RM_prac/install/kinematic_control_pkg/include/kinematic_control_pkg/kinematic_control_pkg/msg/reference.h
[1.202s] -- Up-to-date symlink: /home/zhihuili/RM_prac/install/kinematic_control_pkg/include/kinematic_control_pkg/kinematic_control_pkg/msg/rosidl_generator_c__visibility_control.h
[1.203s] -- Up-to-date symlink: /home/zhihuili/RM_prac/install/kinematic_control_pkg/share/kinematic_control_pkg/environment/library_path.sh
[1.204s] -- Up-to-date symlink: /home/zhihuili/RM_prac/install/kinematic_control_pkg/share/kinematic_control_pkg/environment/library_path.dsv
[1.204s] -- Up-to-date symlink: /home/zhihuili/RM_prac/install/kinematic_control_pkg/include/kinematic_control_pkg/kinematic_control_pkg/msg/detail/reference__rosidl_typesupport_fastrtps_c.h
[1.204s] -- Up-to-date symlink: /home/zhihuili/RM_prac/install/kinematic_control_pkg/include/kinematic_control_pkg/kinematic_control_pkg/msg/rosidl_typesupport_fastrtps_c__visibility_control.h
[1.204s] -- Up-to-date symlink: /home/zhihuili/RM_prac/install/kinematic_control_pkg/include/kinematic_control_pkg/kinematic_control_pkg/msg/detail/reference__builder.hpp
[1.204s] -- Up-to-date symlink: /home/zhihuili/RM_prac/install/kinematic_control_pkg/include/kinematic_control_pkg/kinematic_control_pkg/msg/detail/reference__struct.hpp
[1.217s] -- Up-to-date symlink: /home/zhihuili/RM_prac/install/kinematic_control_pkg/include/kinematic_control_pkg/kinematic_control_pkg/msg/detail/reference__traits.hpp
[1.217s] -- Up-to-date symlink: /home/zhihuili/RM_prac/install/kinematic_control_pkg/include/kinematic_control_pkg/kinematic_control_pkg/msg/detail/reference__type_support.hpp
[1.217s] -- Up-to-date symlink: /home/zhihuili/RM_prac/install/kinematic_control_pkg/include/kinematic_control_pkg/kinematic_control_pkg/msg/reference.hpp
[1.217s] -- Up-to-date symlink: /home/zhihuili/RM_prac/install/kinematic_control_pkg/include/kinematic_control_pkg/kinematic_control_pkg/msg/rosidl_generator_cpp__visibility_control.hpp
[1.217s] -- Up-to-date symlink: /home/zhihuili/RM_prac/install/kinematic_control_pkg/include/kinematic_control_pkg/kinematic_control_pkg/msg/detail/reference__rosidl_typesupport_fastrtps_cpp.hpp
[1.217s] -- Up-to-date symlink: /home/zhihuili/RM_prac/install/kinematic_control_pkg/include/kinematic_control_pkg/kinematic_control_pkg/msg/rosidl_typesupport_fastrtps_cpp__visibility_control.h
[1.217s] -- Up-to-date symlink: /home/zhihuili/RM_prac/install/kinematic_control_pkg/include/kinematic_control_pkg/kinematic_control_pkg/msg/detail/reference__rosidl_typesupport_introspection_c.h
[1.218s] -- Up-to-date symlink: /home/zhihuili/RM_prac/install/kinematic_control_pkg/include/kinematic_control_pkg/kinematic_control_pkg/msg/rosidl_typesupport_introspection_c__visibility_control.h
[1.218s] -- Up-to-date symlink: /home/zhihuili/RM_prac/install/kinematic_control_pkg/include/kinematic_control_pkg/kinematic_control_pkg/msg/detail/reference__rosidl_typesupport_introspection_cpp.hpp
[1.218s] -- Up-to-date symlink: /home/zhihuili/RM_prac/install/kinematic_control_pkg/share/kinematic_control_pkg/environment/pythonpath.sh
[1.218s] -- Up-to-date symlink: /home/zhihuili/RM_prac/install/kinematic_control_pkg/share/kinematic_control_pkg/environment/pythonpath.dsv
[1.218s] -- Up-to-date symlink: /home/zhihuili/RM_prac/install/kinematic_control_pkg/local/lib/python3.10/dist-packages/kinematic_control_pkg-0.0.0-py3.10.egg-info/PKG-INFO
[1.218s] -- Up-to-date symlink: /home/zhihuili/RM_prac/install/kinematic_control_pkg/local/lib/python3.10/dist-packages/kinematic_control_pkg-0.0.0-py3.10.egg-info/SOURCES.txt
[1.218s] -- Up-to-date symlink: /home/zhihuili/RM_prac/install/kinematic_control_pkg/local/lib/python3.10/dist-packages/kinematic_control_pkg-0.0.0-py3.10.egg-info/dependency_links.txt
[1.221s] -- Up-to-date symlink: /home/zhihuili/RM_prac/install/kinematic_control_pkg/local/lib/python3.10/dist-packages/kinematic_control_pkg-0.0.0-py3.10.egg-info/top_level.txt
[1.221s] -- Up-to-date symlink: /home/zhihuili/RM_prac/install/kinematic_control_pkg/local/lib/python3.10/dist-packages/kinematic_control_pkg/__init__.py
[1.222s] -- Up-to-date symlink: /home/zhihuili/RM_prac/install/kinematic_control_pkg/local/lib/python3.10/dist-packages/kinematic_control_pkg/_kinematic_control_pkg_s.ep.rosidl_typesupport_c.c
[1.222s] -- Up-to-date symlink: /home/zhihuili/RM_prac/install/kinematic_control_pkg/local/lib/python3.10/dist-packages/kinematic_control_pkg/_kinematic_control_pkg_s.ep.rosidl_typesupport_fastrtps_c.c
[1.222s] -- Up-to-date symlink: /home/zhihuili/RM_prac/install/kinematic_control_pkg/local/lib/python3.10/dist-packages/kinematic_control_pkg/_kinematic_control_pkg_s.ep.rosidl_typesupport_introspection_c.c
[1.222s] -- Up-to-date symlink: /home/zhihuili/RM_prac/install/kinematic_control_pkg/local/lib/python3.10/dist-packages/kinematic_control_pkg/kinematic_control_pkg_s__rosidl_typesupport_c.cpython-310-x86_64-linux-gnu.so
[1.222s] -- Up-to-date symlink: /home/zhihuili/RM_prac/install/kinematic_control_pkg/local/lib/python3.10/dist-packages/kinematic_control_pkg/kinematic_control_pkg_s__rosidl_typesupport_fastrtps_c.cpython-310-x86_64-linux-gnu.so
[1.222s] -- Up-to-date symlink: /home/zhihuili/RM_prac/install/kinematic_control_pkg/local/lib/python3.10/dist-packages/kinematic_control_pkg/kinematic_control_pkg_s__rosidl_typesupport_introspection_c.cpython-310-x86_64-linux-gnu.so
[1.222s] -- Up-to-date symlink: /home/zhihuili/RM_prac/install/kinematic_control_pkg/local/lib/python3.10/dist-packages/kinematic_control_pkg/libkinematic_control_pkg__rosidl_generator_py.so
[1.222s] -- Up-to-date symlink: /home/zhihuili/RM_prac/install/kinematic_control_pkg/local/lib/python3.10/dist-packages/kinematic_control_pkg/msg/__init__.py
[1.223s] -- Up-to-date symlink: /home/zhihuili/RM_prac/install/kinematic_control_pkg/local/lib/python3.10/dist-packages/kinematic_control_pkg/msg/_reference.py
[1.223s] -- Up-to-date symlink: /home/zhihuili/RM_prac/install/kinematic_control_pkg/local/lib/python3.10/dist-packages/kinematic_control_pkg/msg/_reference_s.c
[1.223s] -- Up-to-date symlink: /home/zhihuili/RM_prac/install/kinematic_control_pkg/local/lib/python3.10/dist-packages/kinematic_control_pkg/kinematic_control_pkg_s__rosidl_typesupport_fastrtps_c.cpython-310-x86_64-linux-gnu.so
[1.223s] -- Up-to-date symlink: /home/zhihuili/RM_prac/install/kinematic_control_pkg/local/lib/python3.10/dist-packages/kinematic_control_pkg/kinematic_control_pkg_s__rosidl_typesupport_introspection_c.cpython-310-x86_64-linux-gnu.so
[1.223s] -- Up-to-date symlink: /home/zhihuili/RM_prac/install/kinematic_control_pkg/local/lib/python3.10/dist-packages/kinematic_control_pkg/kinematic_control_pkg_s__rosidl_typesupport_c.cpython-310-x86_64-linux-gnu.so
[1.223s] -- Up-to-date symlink: /home/zhihuili/RM_prac/install/kinematic_control_pkg/share/ament_index/resource_index/rust_packages/kinematic_control_pkg
[1.223s] -- Up-to-date symlink: /home/zhihuili/RM_prac/install/kinematic_control_pkg/share/kinematic_control_pkg/rust/Cargo.toml
[1.224s] -- Up-to-date symlink: /home/zhihuili/RM_prac/install/kinematic_control_pkg/share/kinematic_control_pkg/rust/build.rs
[1.224s] -- Up-to-date symlink: /home/zhihuili/RM_prac/install/kinematic_control_pkg/share/kinematic_control_pkg/rust/src/lib.rs
[1.224s] -- Up-to-date symlink: /home/zhihuili/RM_prac/install/kinematic_control_pkg/share/kinematic_control_pkg/rust/src/msg.rs
[1.224s] -- Up-to-date symlink: /home/zhihuili/RM_prac/install/kinematic_control_pkg/share/kinematic_control_pkg/rust/src/msg/rmw.rs
[1.224s] -- Up-to-date symlink: /home/zhihuili/RM_prac/install/kinematic_control_pkg/share/kinematic_control_pkg/msg/Reference.idl
[1.224s] -- Up-to-date symlink: /home/zhihuili/RM_prac/install/kinematic_control_pkg/share/kinematic_control_pkg/msg/Reference.msg
[1.224s] -- Up-to-date symlink: /home/zhihuili/RM_prac/install/kinematic_control_pkg/lib/kinematic_control_pkg/controller_odom
[1.224s] -- Up-to-date symlink: /home/zhihuili/RM_prac/install/kinematic_control_pkg/lib/kinematic_control_pkg/infinite_reference_node
[1.224s] -- Up-to-date symlink: /home/zhihuili/RM_prac/install/kinematic_control_pkg/share/kinematic_control_pkg/msg/Reference.msg
[1.227s] -- Up-to-date symlink: /home/zhihuili/RM_prac/install/kinematic_control_pkg/share/kinematic_control_pkg/launch/kinematic_controller.launch.py
[1.228s] -- Up-to-date symlink: /home/zhihuili/RM_prac/install/kinematic_control_pkg/share/kinematic_control_pkg/launch/rviz2.launch.py
[1.229s] -- Up-to-date symlink: /home/zhihuili/RM_prac/install/kinematic_control_pkg/share/kinematic_control_pkg/rviz/tb3_rviz2.rviz
[1.229s] -- Up-to-date symlink: /home/zhihuili/RM_prac/install/kinematic_control_pkg/share/ament_index/resource_index/package_run_dependencies/kinematic_control_pkg
[1.229s] -- Up-to-date symlink: /home/zhihuili/RM_prac/install/kinematic_control_pkg/share/ament_index/resource_index/parent_prefix_path/kinematic_control_pkg
[1.230s] -- Up-to-date symlink: /home/zhihuili/RM_prac/install/kinematic_control_pkg/share/kinematic_control_pkg/environment/ament_prefix_path.sh
[1.230s] -- Up-to-date symlink: /home/zhihuili/RM_prac/install/kinematic_control_pkg/share/kinematic_control_pkg/environment/ament_prefix_path.dsv
[1.232s] -- Up-to-date symlink: /home/zhihuili/RM_prac/install/kinematic_control_pkg/share/kinematic_control_pkg/environment/path.sh
[1.232s] -- Up-to-date symlink: /home/zhihuili/RM_prac/install/kinematic_control_pkg/share/kinematic_control_pkg/environment/path.dsv
[1.232s] -- Up-to-date symlink: /home/zhihuili/RM_prac/install/kinematic_control_pkg/share/kinematic_control_pkg/local_setup.bash
[1.232s] -- Up-to-date symlink: /home/zhihuili/RM_prac/install/kinematic_control_pkg/share/kinematic_control_pkg/local_setup.sh
[1.232s] -- Up-to-date symlink: /home/zhihuili/RM_prac/install/kinematic_control_pkg/share/kinematic_control_pkg/local_setup.zsh
[1.232s] -- Up-to-date symlink: /home/zhihuili/RM_prac/install/kinematic_control_pkg/share/kinematic_control_pkg/local_setup.dsv
[1.232s] -- Symlinking: /home/zhihuili/RM_prac/install/kinematic_control_pkg/share/kinematic_control_pkg/package.dsv
[1.239s] -- Up-to-date symlink: /home/zhihuili/RM_prac/install/kinematic_control_pkg/share/ament_index/resource_index/packages/kinematic_control_pkg
[1.240s] -- Up-to-date symlink: /home/zhihuili/RM_prac/install/kinematic_control_pkg/share/kinematic_control_pkg/cmake/rosidl_cmake-extras.cmake
[1.241s] -- Up-to-date symlink: /home/zhihuili/RM_prac/install/kinematic_control_pkg/share/kinematic_control_pkg/cmake/ament_cmake_export_dependencies-extras.cmake
[1.241s] -- Up-to-date symlink: /home/zhihuili/RM_prac/install/kinematic_control_pkg/share/kinematic_control_pkg/cmake/ament_cmake_export_include_directories-extras.cmake
[1.241s] -- Up-to-date symlink: /home/zhihuili/RM_prac/install/kinematic_control_pkg/share/kinematic_control_pkg/cmake/ament_cmake_export_libraries-extras.cmake
[1.241s] -- Up-to-date symlink: /home/zhihuili/RM_prac/install/kinematic_control_pkg/share/kinematic_control_pkg/cmake/ament_cmake_export_targets-extras.cmake
[1.242s] -- Up-to-date symlink: /home/zhihuili/RM_prac/install/kinematic_control_pkg/share/kinematic_control_pkg/cmake/rosidl_cmake_export_typesupport_targets-extras.cmake
[1.242s] -- Up-to-date symlink: /home/zhihuili/RM_prac/install/kinematic_control_pkg/share/kinematic_control_pkg/cmake/rosidl_cmake_export_typesupport_libraries-extras.cmake
[1.242s] -- Up-to-date symlink: /home/zhihuili/RM_prac/install/kinematic_control_pkg/share/kinematic_control_pkg/cmake/kinematic_control_pkgConfig.cmake
[1.243s] -- Up-to-date symlink: /home/zhihuili/RM_prac/install/kinematic_control_pkg/share/kinematic_control_pkg/cmake/kinematic_control_pkgConfig-version.cmake
[1.243s] -- Up-to-date symlink: /home/zhihuili/RM_prac/install/kinematic_control_pkg/share/kinematic_control_pkg/package.xml
[1.243s] -- Up-to-date: /home/zhihuili/RM_prac/install/kinematic_control_pkg/lib/libkinematic_control_pkg__rosidl_generator_c.so
[1.243s] -- Up-to-date: /home/zhihuili/RM_prac/install/kinematic_control_pkg/lib/libkinematic_control_pkg__rosidl_typesupport_fastrtps_c.so
[1.243s] -- Up-to-date: /home/zhihuili/RM_prac/install/kinematic_control_pkg/lib/libkinematic_control_pkg__rosidl_typesupport_fastrtps_cpp.so
[1.244s] -- Up-to-date: /home/zhihuili/RM_prac/install/kinematic_control_pkg/lib/libkinematic_control_pkg__rosidl_typesupport_introspection_c.so
[1.245s] -- Up-to-date: /home/zhihuili/RM_prac/install/kinematic_control_pkg/lib/libkinematic_control_pkg__rosidl_typesupport_c.so
[1.245s] -- Up-to-date: /home/zhihuili/RM_prac/install/kinematic_control_pkg/lib/libkinematic_control_pkg__rosidl_typesupport_introspection_cpp.so
[1.245s] -- Up-to-date: /home/zhihuili/RM_prac/install/kinematic_control_pkg/lib/libkinematic_control_pkg__rosidl_typesupport_cpp.so
[1.336s] Listing '/home/zhihuili/RM_prac/install/kinematic_control_pkg/local/lib/python3.10/dist-packages/kinematic_control_pkg'...
[1.336s] Listing '/home/zhihuili/RM_prac/install/kinematic_control_pkg/local/lib/python3.10/dist-packages/kinematic_control_pkg/msg'...
[1.344s] -- Up-to-date: /home/zhihuili/RM_prac/install/kinematic_control_pkg/lib/libkinematic_control_pkg__rosidl_generator_py.so
[1.345s] -- Up-to-date: /home/zhihuili/RM_prac/install/kinematic_control_pkg/share/kinematic_control_pkg/cmake/export_kinematic_control_pkg__rosidl_generator_cExport.cmake
[1.345s] -- Up-to-date: /home/zhihuili/RM_prac/install/kinematic_control_pkg/share/kinematic_control_pkg/cmake/export_kinematic_control_pkg__rosidl_generator_cExport-noconfig.cmake
[1.345s] -- Up-to-date: /home/zhihuili/RM_prac/install/kinematic_control_pkg/share/kinematic_control_pkg/cmake/export_kinematic_control_pkg__rosidl_typesupport_fastrtps_cExport.cmake
[1.345s] -- Up-to-date: /home/zhihuili/RM_prac/install/kinematic_control_pkg/share/kinematic_control_pkg/cmake/export_kinematic_control_pkg__rosidl_typesupport_fastrtps_cExport-noconfig.cmake
[1.345s] -- Up-to-date: /home/zhihuili/RM_prac/install/kinematic_control_pkg/share/kinematic_control_pkg/cmake/export_kinematic_control_pkg__rosidl_generator_cppExport.cmake
[1.345s] -- Up-to-date: /home/zhihuili/RM_prac/install/kinematic_control_pkg/share/kinematic_control_pkg/cmake/export_kinematic_control_pkg__rosidl_typesupport_fastrtps_cppExport.cmake
[1.345s] -- Up-to-date: /home/zhihuili/RM_prac/install/kinematic_control_pkg/share/kinematic_control_pkg/cmake/export_kinematic_control_pkg__rosidl_typesupport_fastrtps_cppExport-noconfig.cmake
[1.346s] -- Up-to-date: /home/zhihuili/RM_prac/install/kinematic_control_pkg/share/kinematic_control_pkg/cmake/kinematic_control_pkg__rosidl_typesupport_introspection_cExport.cmake
[1.346s] -- Up-to-date: /home/zhihuili/RM_prac/install/kinematic_control_pkg/share/kinematic_control_pkg/cmake/kinematic_control_pkg__rosidl_typesupport_introspection_cExport-noconfig.cmake
[1.346s] -- Up-to-date: /home/zhihuili/RM_prac/install/kinematic_control_pkg/share/kinematic_control_pkg/cmake/kinematic_control_pkg__rosidl_typesupport_cExport.cmake
[1.346s] -- Up-to-date: /home/zhihuili/RM_prac/install/kinematic_control_pkg/share/kinematic_control_pkg/cmake/kinematic_control_pkg__rosidl_typesupport_cExport-noconfig.cmake
[1.346s] -- Up-to-date: /home/zhihuili/RM_prac/install/kinematic_control_pkg/share/kinematic_control_pkg/cmake/kinematic_control_pkg__rosidl_typesupport_introspection_cppExport.cmake
[1.346s] -- Up-to-date: /home/zhihuili/RM_prac/install/kinematic_control_pkg/share/kinematic_control_pkg/cmake/kinematic_control_pkg__rosidl_typesupport_introspection_cppExport-noconfig.cmake
[1.346s] -- Up-to-date: /home/zhihuili/RM_prac/install/kinematic_control_pkg/share/kinematic_control_pkg/cmake/kinematic_control_pkg__rosidl_typesupport_cppExport.cmake
[1.346s] -- Up-to-date: /home/zhihuili/RM_prac/install/kinematic_control_pkg/share/kinematic_control_pkg/cmake/kinematic_control_pkg__rosidl_typesupport_cppExport-noconfig.cmake
[1.346s] -- Up-to-date: /home/zhihuili/RM_prac/install/kinematic_control_pkg/share/kinematic_control_pkg/cmake/export_kinematic_control_pkg__rosidl_generator_pyExport.cmake
[1.346s] -- Up-to-date: /home/zhihuili/RM_prac/install/kinematic_control_pkg/share/kinematic_control_pkg/cmake/export_kinematic_control_pkg__rosidl_generator_pyExport-noconfig.cmake
[1.600s] Invoked command in '/home/zhihuili/RM_prac/build/kinematic_control_pkg' returned '0': CMAKE_PREFIX_PATH=${CMAKE_PREFIX_PATH}:/home/zhihuili/RM_prac/install/turtlebot3_dqn:/opt/ros/humble /usr/bin/cmake --install /home/zhihuili/RM_prac/build/kinematic_control_pkg
