[0.036s] Invoking command in '/home/zhihuili/RM_prac/build/ros2_vfh': CMAKE_PREFIX_PATH=${CMAKE_PREFIX_PATH}:/home/zhihuili/RM_prac/install/turtlebot3_dqn:/opt/ros/humble /usr/bin/cmake --build /home/zhihuili/RM_prac/build/ros2_vfh -- -j14 -l14
[0.167s] [100%] Built target vfh_node
[0.192s] Invoked command in '/home/zhihuili/RM_prac/build/ros2_vfh' returned '0': CMAKE_PREFIX_PATH=${CMAKE_PREFIX_PATH}:/home/zhihuili/RM_prac/install/turtlebot3_dqn:/opt/ros/humble /usr/bin/cmake --build /home/zhihuili/RM_prac/build/ros2_vfh -- -j14 -l14
[0.192s] Invoking command in '/home/zhihuili/RM_prac/build/ros2_vfh': CMAKE_PREFIX_PATH=${CMAKE_PREFIX_PATH}:/home/zhihuili/RM_prac/install/turtlebot3_dqn:/opt/ros/humble /usr/bin/cmake --install /home/zhihuili/RM_prac/build/ros2_vfh
[0.214s] -- Install configuration: ""
[0.214s] -- Execute custom install script
[0.214s] -- Up-to-date symlink: /home/zhihuili/RM_prac/install/ros2_vfh/lib/ros2_vfh/vfh_node
[0.215s] -- Up-to-date symlink: /home/zhihuili/RM_prac/install/ros2_vfh/share/ros2_vfh/launch/rviz2_map.launch.py
[0.215s] -- Up-to-date symlink: /home/zhihuili/RM_prac/install/ros2_vfh/share/ros2_vfh/launch/rviz2_odom.launch.py
[0.215s] -- Up-to-date symlink: /home/zhihuili/RM_prac/install/ros2_vfh/share/ros2_vfh/launch/vfh.launch.py
[0.215s] -- Up-to-date symlink: /home/zhihuili/RM_prac/install/ros2_vfh/share/ros2_vfh/launch/vfh_coppeliasim.launch.py
[0.216s] -- Up-to-date symlink: /home/zhihuili/RM_prac/install/ros2_vfh/share/ros2_vfh/launch/vfh_no_wandering.launch.py
[0.216s] -- Up-to-date symlink: /home/zhihuili/RM_prac/install/ros2_vfh/share/ros2_vfh/rviz/tb3_map.rviz
[0.216s] -- Up-to-date symlink: /home/zhihuili/RM_prac/install/ros2_vfh/share/ros2_vfh/rviz/tb3_odom.rviz
[0.216s] -- Up-to-date symlink: /home/zhihuili/RM_prac/install/ros2_vfh/share/ros2_vfh/rviz/vfh_map.rviz
[0.216s] -- Up-to-date symlink: /home/zhihuili/RM_prac/install/ros2_vfh/share/ros2_vfh/rviz/vfh_odom.rviz
[0.217s] -- Up-to-date symlink: /home/zhihuili/RM_prac/install/ros2_vfh/share/ament_index/resource_index/package_run_dependencies/ros2_vfh
[0.217s] -- Up-to-date symlink: /home/zhihuili/RM_prac/install/ros2_vfh/share/ament_index/resource_index/parent_prefix_path/ros2_vfh
[0.217s] -- Up-to-date symlink: /home/zhihuili/RM_prac/install/ros2_vfh/share/ros2_vfh/environment/ament_prefix_path.sh
[0.217s] -- Up-to-date symlink: /home/zhihuili/RM_prac/install/ros2_vfh/share/ros2_vfh/environment/ament_prefix_path.dsv
[0.217s] -- Up-to-date symlink: /home/zhihuili/RM_prac/install/ros2_vfh/share/ros2_vfh/environment/path.sh
[0.220s] -- Up-to-date symlink: /home/zhihuili/RM_prac/install/ros2_vfh/share/ros2_vfh/environment/path.dsv
[0.220s] -- Up-to-date symlink: /home/zhihuili/RM_prac/install/ros2_vfh/share/ros2_vfh/local_setup.bash
[0.220s] -- Up-to-date symlink: /home/zhihuili/RM_prac/install/ros2_vfh/share/ros2_vfh/local_setup.sh
[0.220s] -- Up-to-date symlink: /home/zhihuili/RM_prac/install/ros2_vfh/share/ros2_vfh/local_setup.zsh
[0.220s] -- Up-to-date symlink: /home/zhihuili/RM_prac/install/ros2_vfh/share/ros2_vfh/local_setup.dsv
[0.220s] -- Symlinking: /home/zhihuili/RM_prac/install/ros2_vfh/share/ros2_vfh/package.dsv
[0.227s] -- Up-to-date symlink: /home/zhihuili/RM_prac/install/ros2_vfh/share/ament_index/resource_index/packages/ros2_vfh
[0.227s] -- Up-to-date symlink: /home/zhihuili/RM_prac/install/ros2_vfh/share/ros2_vfh/cmake/ros2_vfhConfig.cmake
[0.229s] -- Up-to-date symlink: /home/zhihuili/RM_prac/install/ros2_vfh/share/ros2_vfh/cmake/ros2_vfhConfig-version.cmake
[0.229s] -- Up-to-date symlink: /home/zhihuili/RM_prac/install/ros2_vfh/share/ros2_vfh/package.xml
[0.266s] Invoked command in '/home/zhihuili/RM_prac/build/ros2_vfh' returned '0': CMAKE_PREFIX_PATH=${CMAKE_PREFIX_PATH}:/home/zhihuili/RM_prac/install/turtlebot3_dqn:/opt/ros/humble /usr/bin/cmake --install /home/zhihuili/RM_prac/build/ros2_vfh
