[0.039s] Invoking command in '/home/zhihuili/RM_prac/build/pure_pursuit_pkg': CMAKE_PREFIX_PATH=${CMAKE_PREFIX_PATH}:/home/zhihuili/RM_prac/install/turtlebot3_dqn:/opt/ros/humble /usr/bin/cmake --build /home/zhihuili/RM_prac/build/pure_pursuit_pkg -- -j14 -l14
[0.131s] [  7%] Built target pure_pursuit_pkg__rosidl_generator_c
[0.133s] [ 10%] Built target pure_pursuit_pkg__cpp
[0.149s] [ 13%] Built target pure_pursuit_pkg__rs
[0.195s] [ 21%] Built target pure_pursuit_pkg__rosidl_typesupport_fastrtps_c
[0.195s] [ 21%] Built target ament_cmake_python_symlink_pure_pursuit_pkg
[0.216s] [ 28%] Built target pure_pursuit_pkg__rosidl_typesupport_fastrtps_cpp
[0.221s] [ 36%] Built target pure_pursuit_pkg__rosidl_typesupport_introspection_cpp
[0.251s] [ 44%] Built target pure_pursuit_pkg__rosidl_typesupport_introspection_c
[0.253s] [ 52%] Built target pure_pursuit_pkg__rosidl_typesupport_cpp
[0.253s] [ 60%] Built target pure_pursuit_pkg__rosidl_typesupport_c
[0.310s] [ 65%] Built target waypoints_node
[0.343s] [ 65%] Built target pure_pursuit_pkg
[0.354s] [ 71%] Built target waypoint_tools_lib
[0.391s] [ 73%] Built target pure_pursuit_pkg__py
[0.439s] [ 78%] Built target pure_pursuit_odom
[0.461s] [ 84%] Built target pure_pursuit_pkg__rosidl_generator_py
[0.535s] [ 89%] Built target pure_pursuit_pkg__rosidl_typesupport_introspection_c__pyext
[0.537s] [ 94%] Built target pure_pursuit_pkg__rosidl_typesupport_c__pyext
[0.537s] [100%] Built target pure_pursuit_pkg__rosidl_typesupport_fastrtps_c__pyext
[0.598s] running egg_info
[0.599s] writing pure_pursuit_pkg.egg-info/PKG-INFO
[0.603s] writing dependency_links to pure_pursuit_pkg.egg-info/dependency_links.txt
[0.603s] writing top-level names to pure_pursuit_pkg.egg-info/top_level.txt
[0.604s] reading manifest file 'pure_pursuit_pkg.egg-info/SOURCES.txt'
[0.604s] writing manifest file 'pure_pursuit_pkg.egg-info/SOURCES.txt'
[0.654s] [100%] Built target ament_cmake_python_build_pure_pursuit_pkg_egg
[0.686s] Invoked command in '/home/zhihuili/RM_prac/build/pure_pursuit_pkg' returned '0': CMAKE_PREFIX_PATH=${CMAKE_PREFIX_PATH}:/home/zhihuili/RM_prac/install/turtlebot3_dqn:/opt/ros/humble /usr/bin/cmake --build /home/zhihuili/RM_prac/build/pure_pursuit_pkg -- -j14 -l14
[0.691s] Invoking command in '/home/zhihuili/RM_prac/build/pure_pursuit_pkg': CMAKE_PREFIX_PATH=${CMAKE_PREFIX_PATH}:/home/zhihuili/RM_prac/install/turtlebot3_dqn:/opt/ros/humble /usr/bin/cmake --install /home/zhihuili/RM_prac/build/pure_pursuit_pkg
[0.721s] -- Install configuration: ""
[0.738s] -- Execute custom install script
[0.739s] -- Up-to-date symlink: /home/zhihuili/RM_prac/install/pure_pursuit_pkg/share/ament_index/resource_index/rosidl_interfaces/pure_pursuit_pkg
[0.740s] -- Up-to-date symlink: /home/zhihuili/RM_prac/install/pure_pursuit_pkg/include/pure_pursuit_pkg/pure_pursuit_pkg/msg/detail/way_point_path__functions.h
[0.740s] -- Up-to-date symlink: /home/zhihuili/RM_prac/install/pure_pursuit_pkg/include/pure_pursuit_pkg/pure_pursuit_pkg/msg/detail/way_point_path__struct.h
[0.740s] -- Up-to-date symlink: /home/zhihuili/RM_prac/install/pure_pursuit_pkg/include/pure_pursuit_pkg/pure_pursuit_pkg/msg/detail/way_point_path__type_support.h
[0.741s] -- Up-to-date symlink: /home/zhihuili/RM_prac/install/pure_pursuit_pkg/include/pure_pursuit_pkg/pure_pursuit_pkg/msg/rosidl_generator_c__visibility_control.h
[0.741s] -- Up-to-date symlink: /home/zhihuili/RM_prac/install/pure_pursuit_pkg/include/pure_pursuit_pkg/pure_pursuit_pkg/msg/way_point_path.h
[0.741s] -- Up-to-date symlink: /home/zhihuili/RM_prac/install/pure_pursuit_pkg/share/pure_pursuit_pkg/environment/library_path.sh
[0.741s] -- Up-to-date symlink: /home/zhihuili/RM_prac/install/pure_pursuit_pkg/share/pure_pursuit_pkg/environment/library_path.dsv
[0.744s] -- Up-to-date symlink: /home/zhihuili/RM_prac/install/pure_pursuit_pkg/include/pure_pursuit_pkg/pure_pursuit_pkg/msg/detail/way_point_path__rosidl_typesupport_fastrtps_c.h
[0.744s] -- Up-to-date symlink: /home/zhihuili/RM_prac/install/pure_pursuit_pkg/include/pure_pursuit_pkg/pure_pursuit_pkg/msg/rosidl_typesupport_fastrtps_c__visibility_control.h
[0.744s] -- Up-to-date symlink: /home/zhihuili/RM_prac/install/pure_pursuit_pkg/include/pure_pursuit_pkg/pure_pursuit_pkg/msg/detail/way_point_path__builder.hpp
[0.744s] -- Up-to-date symlink: /home/zhihuili/RM_prac/install/pure_pursuit_pkg/include/pure_pursuit_pkg/pure_pursuit_pkg/msg/detail/way_point_path__struct.hpp
[0.744s] -- Up-to-date symlink: /home/zhihuili/RM_prac/install/pure_pursuit_pkg/include/pure_pursuit_pkg/pure_pursuit_pkg/msg/detail/way_point_path__traits.hpp
[0.744s] -- Up-to-date symlink: /home/zhihuili/RM_prac/install/pure_pursuit_pkg/include/pure_pursuit_pkg/pure_pursuit_pkg/msg/detail/way_point_path__type_support.hpp
[0.745s] -- Up-to-date symlink: /home/zhihuili/RM_prac/install/pure_pursuit_pkg/include/pure_pursuit_pkg/pure_pursuit_pkg/msg/rosidl_generator_cpp__visibility_control.hpp
[0.745s] -- Up-to-date symlink: /home/zhihuili/RM_prac/install/pure_pursuit_pkg/include/pure_pursuit_pkg/pure_pursuit_pkg/msg/way_point_path.hpp
[0.745s] -- Up-to-date symlink: /home/zhihuili/RM_prac/install/pure_pursuit_pkg/include/pure_pursuit_pkg/pure_pursuit_pkg/msg/detail/way_point_path__rosidl_typesupport_fastrtps_cpp.hpp
[0.746s] -- Up-to-date symlink: /home/zhihuili/RM_prac/install/pure_pursuit_pkg/include/pure_pursuit_pkg/pure_pursuit_pkg/msg/rosidl_typesupport_fastrtps_cpp__visibility_control.h
[0.746s] -- Up-to-date symlink: /home/zhihuili/RM_prac/install/pure_pursuit_pkg/include/pure_pursuit_pkg/pure_pursuit_pkg/msg/detail/way_point_path__rosidl_typesupport_introspection_c.h
[0.747s] -- Up-to-date symlink: /home/zhihuili/RM_prac/install/pure_pursuit_pkg/include/pure_pursuit_pkg/pure_pursuit_pkg/msg/rosidl_typesupport_introspection_c__visibility_control.h
[0.747s] -- Up-to-date symlink: /home/zhihuili/RM_prac/install/pure_pursuit_pkg/include/pure_pursuit_pkg/pure_pursuit_pkg/msg/detail/way_point_path__rosidl_typesupport_introspection_cpp.hpp
[0.747s] -- Up-to-date symlink: /home/zhihuili/RM_prac/install/pure_pursuit_pkg/share/pure_pursuit_pkg/environment/pythonpath.sh
[0.747s] -- Up-to-date symlink: /home/zhihuili/RM_prac/install/pure_pursuit_pkg/share/pure_pursuit_pkg/environment/pythonpath.dsv
[0.748s] -- Up-to-date symlink: /home/zhihuili/RM_prac/install/pure_pursuit_pkg/local/lib/python3.10/dist-packages/pure_pursuit_pkg-0.0.0-py3.10.egg-info/PKG-INFO
[0.748s] -- Up-to-date symlink: /home/zhihuili/RM_prac/install/pure_pursuit_pkg/local/lib/python3.10/dist-packages/pure_pursuit_pkg-0.0.0-py3.10.egg-info/SOURCES.txt
[0.748s] -- Up-to-date symlink: /home/zhihuili/RM_prac/install/pure_pursuit_pkg/local/lib/python3.10/dist-packages/pure_pursuit_pkg-0.0.0-py3.10.egg-info/dependency_links.txt
[0.748s] -- Up-to-date symlink: /home/zhihuili/RM_prac/install/pure_pursuit_pkg/local/lib/python3.10/dist-packages/pure_pursuit_pkg-0.0.0-py3.10.egg-info/top_level.txt
[0.749s] -- Up-to-date symlink: /home/zhihuili/RM_prac/install/pure_pursuit_pkg/local/lib/python3.10/dist-packages/pure_pursuit_pkg/__init__.py
[0.749s] -- Up-to-date symlink: /home/zhihuili/RM_prac/install/pure_pursuit_pkg/local/lib/python3.10/dist-packages/pure_pursuit_pkg/_pure_pursuit_pkg_s.ep.rosidl_typesupport_c.c
[0.749s] -- Up-to-date symlink: /home/zhihuili/RM_prac/install/pure_pursuit_pkg/local/lib/python3.10/dist-packages/pure_pursuit_pkg/_pure_pursuit_pkg_s.ep.rosidl_typesupport_fastrtps_c.c
[0.753s] -- Up-to-date symlink: /home/zhihuili/RM_prac/install/pure_pursuit_pkg/local/lib/python3.10/dist-packages/pure_pursuit_pkg/_pure_pursuit_pkg_s.ep.rosidl_typesupport_introspection_c.c
[0.754s] -- Up-to-date symlink: /home/zhihuili/RM_prac/install/pure_pursuit_pkg/local/lib/python3.10/dist-packages/pure_pursuit_pkg/libpure_pursuit_pkg__rosidl_generator_py.so
[0.754s] -- Up-to-date symlink: /home/zhihuili/RM_prac/install/pure_pursuit_pkg/local/lib/python3.10/dist-packages/pure_pursuit_pkg/msg/__init__.py
[0.755s] -- Up-to-date symlink: /home/zhihuili/RM_prac/install/pure_pursuit_pkg/local/lib/python3.10/dist-packages/pure_pursuit_pkg/msg/_way_point_path.py
[0.755s] -- Up-to-date symlink: /home/zhihuili/RM_prac/install/pure_pursuit_pkg/local/lib/python3.10/dist-packages/pure_pursuit_pkg/msg/_way_point_path_s.c
[0.755s] -- Up-to-date symlink: /home/zhihuili/RM_prac/install/pure_pursuit_pkg/local/lib/python3.10/dist-packages/pure_pursuit_pkg/pure_pursuit_pkg_s__rosidl_typesupport_c.cpython-310-x86_64-linux-gnu.so
[0.756s] -- Up-to-date symlink: /home/zhihuili/RM_prac/install/pure_pursuit_pkg/local/lib/python3.10/dist-packages/pure_pursuit_pkg/pure_pursuit_pkg_s__rosidl_typesupport_fastrtps_c.cpython-310-x86_64-linux-gnu.so
[0.756s] -- Up-to-date symlink: /home/zhihuili/RM_prac/install/pure_pursuit_pkg/local/lib/python3.10/dist-packages/pure_pursuit_pkg/pure_pursuit_pkg_s__rosidl_typesupport_introspection_c.cpython-310-x86_64-linux-gnu.so
[0.757s] -- Up-to-date symlink: /home/zhihuili/RM_prac/install/pure_pursuit_pkg/local/lib/python3.10/dist-packages/pure_pursuit_pkg/pure_pursuit_pkg_s__rosidl_typesupport_fastrtps_c.cpython-310-x86_64-linux-gnu.so
[0.757s] -- Up-to-date symlink: /home/zhihuili/RM_prac/install/pure_pursuit_pkg/local/lib/python3.10/dist-packages/pure_pursuit_pkg/pure_pursuit_pkg_s__rosidl_typesupport_introspection_c.cpython-310-x86_64-linux-gnu.so
[0.757s] -- Up-to-date symlink: /home/zhihuili/RM_prac/install/pure_pursuit_pkg/local/lib/python3.10/dist-packages/pure_pursuit_pkg/pure_pursuit_pkg_s__rosidl_typesupport_c.cpython-310-x86_64-linux-gnu.so
[0.758s] -- Up-to-date symlink: /home/zhihuili/RM_prac/install/pure_pursuit_pkg/share/ament_index/resource_index/rust_packages/pure_pursuit_pkg
[0.758s] -- Up-to-date symlink: /home/zhihuili/RM_prac/install/pure_pursuit_pkg/share/pure_pursuit_pkg/rust/Cargo.toml
[0.758s] -- Up-to-date symlink: /home/zhihuili/RM_prac/install/pure_pursuit_pkg/share/pure_pursuit_pkg/rust/build.rs
[0.758s] -- Up-to-date symlink: /home/zhihuili/RM_prac/install/pure_pursuit_pkg/share/pure_pursuit_pkg/rust/src/lib.rs
[0.758s] -- Up-to-date symlink: /home/zhihuili/RM_prac/install/pure_pursuit_pkg/share/pure_pursuit_pkg/rust/src/msg.rs
[0.758s] -- Up-to-date symlink: /home/zhihuili/RM_prac/install/pure_pursuit_pkg/share/pure_pursuit_pkg/rust/src/msg/rmw.rs
[0.758s] -- Up-to-date symlink: /home/zhihuili/RM_prac/install/pure_pursuit_pkg/share/pure_pursuit_pkg/msg/WayPointPath.idl
[0.758s] -- Up-to-date symlink: /home/zhihuili/RM_prac/install/pure_pursuit_pkg/share/pure_pursuit_pkg/msg/WayPointPath.msg
[0.758s] -- Up-to-date symlink: /home/zhihuili/RM_prac/install/pure_pursuit_pkg/lib/pure_pursuit_pkg/pure_pursuit_odom
[0.758s] -- Up-to-date symlink: /home/zhihuili/RM_prac/install/pure_pursuit_pkg/lib/pure_pursuit_pkg/waypoints_node
[0.758s] -- Up-to-date symlink: /home/zhihuili/RM_prac/install/pure_pursuit_pkg/share/pure_pursuit_pkg/msg/WayPointPath.msg
[0.759s] -- Up-to-date symlink: /home/zhihuili/RM_prac/install/pure_pursuit_pkg/share/pure_pursuit_pkg/config/path.yaml
[0.759s] -- Up-to-date symlink: /home/zhihuili/RM_prac/install/pure_pursuit_pkg/share/pure_pursuit_pkg/launch/pure_pursuit_controller.launch.py
[0.759s] -- Up-to-date symlink: /home/zhihuili/RM_prac/install/pure_pursuit_pkg/share/pure_pursuit_pkg/launch/pure_pursuit_controller_eventhandler.launch.py
[0.759s] -- Up-to-date symlink: /home/zhihuili/RM_prac/install/pure_pursuit_pkg/lib/libwaypoint_tools_lib.so
[0.759s] -- Up-to-date symlink: /home/zhihuili/RM_prac/install/pure_pursuit_pkg/share/ament_index/resource_index/package_run_dependencies/pure_pursuit_pkg
[0.759s] -- Up-to-date symlink: /home/zhihuili/RM_prac/install/pure_pursuit_pkg/share/ament_index/resource_index/parent_prefix_path/pure_pursuit_pkg
[0.759s] -- Up-to-date symlink: /home/zhihuili/RM_prac/install/pure_pursuit_pkg/share/pure_pursuit_pkg/environment/ament_prefix_path.sh
[0.759s] -- Up-to-date symlink: /home/zhihuili/RM_prac/install/pure_pursuit_pkg/share/pure_pursuit_pkg/environment/ament_prefix_path.dsv
[0.759s] -- Up-to-date symlink: /home/zhihuili/RM_prac/install/pure_pursuit_pkg/share/pure_pursuit_pkg/environment/path.sh
[0.759s] -- Up-to-date symlink: /home/zhihuili/RM_prac/install/pure_pursuit_pkg/share/pure_pursuit_pkg/environment/path.dsv
[0.759s] -- Up-to-date symlink: /home/zhihuili/RM_prac/install/pure_pursuit_pkg/share/pure_pursuit_pkg/local_setup.bash
[0.759s] -- Up-to-date symlink: /home/zhihuili/RM_prac/install/pure_pursuit_pkg/share/pure_pursuit_pkg/local_setup.sh
[0.760s] -- Up-to-date symlink: /home/zhihuili/RM_prac/install/pure_pursuit_pkg/share/pure_pursuit_pkg/local_setup.zsh
[0.760s] -- Up-to-date symlink: /home/zhihuili/RM_prac/install/pure_pursuit_pkg/share/pure_pursuit_pkg/local_setup.dsv
[0.760s] -- Symlinking: /home/zhihuili/RM_prac/install/pure_pursuit_pkg/share/pure_pursuit_pkg/package.dsv
[0.789s] -- Up-to-date symlink: /home/zhihuili/RM_prac/install/pure_pursuit_pkg/share/ament_index/resource_index/packages/pure_pursuit_pkg
[0.789s] -- Up-to-date symlink: /home/zhihuili/RM_prac/install/pure_pursuit_pkg/share/pure_pursuit_pkg/cmake/rosidl_cmake-extras.cmake
[0.790s] -- Up-to-date symlink: /home/zhihuili/RM_prac/install/pure_pursuit_pkg/share/pure_pursuit_pkg/cmake/ament_cmake_export_dependencies-extras.cmake
[0.791s] -- Up-to-date symlink: /home/zhihuili/RM_prac/install/pure_pursuit_pkg/share/pure_pursuit_pkg/cmake/ament_cmake_export_include_directories-extras.cmake
[0.791s] -- Up-to-date symlink: /home/zhihuili/RM_prac/install/pure_pursuit_pkg/share/pure_pursuit_pkg/cmake/ament_cmake_export_libraries-extras.cmake
[0.791s] -- Up-to-date symlink: /home/zhihuili/RM_prac/install/pure_pursuit_pkg/share/pure_pursuit_pkg/cmake/ament_cmake_export_targets-extras.cmake
[0.791s] -- Up-to-date symlink: /home/zhihuili/RM_prac/install/pure_pursuit_pkg/share/pure_pursuit_pkg/cmake/rosidl_cmake_export_typesupport_targets-extras.cmake
[0.792s] -- Up-to-date symlink: /home/zhihuili/RM_prac/install/pure_pursuit_pkg/share/pure_pursuit_pkg/cmake/rosidl_cmake_export_typesupport_libraries-extras.cmake
[0.793s] -- Up-to-date symlink: /home/zhihuili/RM_prac/install/pure_pursuit_pkg/share/pure_pursuit_pkg/cmake/pure_pursuit_pkgConfig.cmake
[0.793s] -- Up-to-date symlink: /home/zhihuili/RM_prac/install/pure_pursuit_pkg/share/pure_pursuit_pkg/cmake/pure_pursuit_pkgConfig-version.cmake
[0.793s] -- Up-to-date symlink: /home/zhihuili/RM_prac/install/pure_pursuit_pkg/share/pure_pursuit_pkg/package.xml
[0.793s] -- Up-to-date: /home/zhihuili/RM_prac/install/pure_pursuit_pkg/lib/libpure_pursuit_pkg__rosidl_generator_c.so
[0.793s] -- Up-to-date: /home/zhihuili/RM_prac/install/pure_pursuit_pkg/lib/libpure_pursuit_pkg__rosidl_typesupport_fastrtps_c.so
[0.794s] -- Up-to-date: /home/zhihuili/RM_prac/install/pure_pursuit_pkg/lib/libpure_pursuit_pkg__rosidl_typesupport_fastrtps_cpp.so
[0.794s] -- Up-to-date: /home/zhihuili/RM_prac/install/pure_pursuit_pkg/lib/libpure_pursuit_pkg__rosidl_typesupport_introspection_c.so
[0.794s] -- Up-to-date: /home/zhihuili/RM_prac/install/pure_pursuit_pkg/lib/libpure_pursuit_pkg__rosidl_typesupport_c.so
[0.794s] -- Up-to-date: /home/zhihuili/RM_prac/install/pure_pursuit_pkg/lib/libpure_pursuit_pkg__rosidl_typesupport_introspection_cpp.so
[0.794s] -- Up-to-date: /home/zhihuili/RM_prac/install/pure_pursuit_pkg/lib/libpure_pursuit_pkg__rosidl_typesupport_cpp.so
[0.829s] Listing '/home/zhihuili/RM_prac/install/pure_pursuit_pkg/local/lib/python3.10/dist-packages/pure_pursuit_pkg'...
[0.829s] Listing '/home/zhihuili/RM_prac/install/pure_pursuit_pkg/local/lib/python3.10/dist-packages/pure_pursuit_pkg/msg'...
[0.838s] -- Up-to-date: /home/zhihuili/RM_prac/install/pure_pursuit_pkg/lib/libpure_pursuit_pkg__rosidl_generator_py.so
[0.839s] -- Up-to-date: /home/zhihuili/RM_prac/install/pure_pursuit_pkg/share/pure_pursuit_pkg/cmake/export_pure_pursuit_pkg__rosidl_generator_cExport.cmake
[0.839s] -- Up-to-date: /home/zhihuili/RM_prac/install/pure_pursuit_pkg/share/pure_pursuit_pkg/cmake/export_pure_pursuit_pkg__rosidl_generator_cExport-noconfig.cmake
[0.840s] -- Up-to-date: /home/zhihuili/RM_prac/install/pure_pursuit_pkg/share/pure_pursuit_pkg/cmake/export_pure_pursuit_pkg__rosidl_typesupport_fastrtps_cExport.cmake
[0.840s] -- Up-to-date: /home/zhihuili/RM_prac/install/pure_pursuit_pkg/share/pure_pursuit_pkg/cmake/export_pure_pursuit_pkg__rosidl_typesupport_fastrtps_cExport-noconfig.cmake
[0.841s] -- Up-to-date: /home/zhihuili/RM_prac/install/pure_pursuit_pkg/share/pure_pursuit_pkg/cmake/export_pure_pursuit_pkg__rosidl_generator_cppExport.cmake
[0.841s] -- Up-to-date: /home/zhihuili/RM_prac/install/pure_pursuit_pkg/share/pure_pursuit_pkg/cmake/export_pure_pursuit_pkg__rosidl_typesupport_fastrtps_cppExport.cmake
[0.842s] -- Up-to-date: /home/zhihuili/RM_prac/install/pure_pursuit_pkg/share/pure_pursuit_pkg/cmake/export_pure_pursuit_pkg__rosidl_typesupport_fastrtps_cppExport-noconfig.cmake
[0.842s] -- Up-to-date: /home/zhihuili/RM_prac/install/pure_pursuit_pkg/share/pure_pursuit_pkg/cmake/pure_pursuit_pkg__rosidl_typesupport_introspection_cExport.cmake
[0.842s] -- Up-to-date: /home/zhihuili/RM_prac/install/pure_pursuit_pkg/share/pure_pursuit_pkg/cmake/pure_pursuit_pkg__rosidl_typesupport_introspection_cExport-noconfig.cmake
[0.843s] -- Up-to-date: /home/zhihuili/RM_prac/install/pure_pursuit_pkg/share/pure_pursuit_pkg/cmake/pure_pursuit_pkg__rosidl_typesupport_cExport.cmake
[0.843s] -- Up-to-date: /home/zhihuili/RM_prac/install/pure_pursuit_pkg/share/pure_pursuit_pkg/cmake/pure_pursuit_pkg__rosidl_typesupport_cExport-noconfig.cmake
[0.844s] -- Up-to-date: /home/zhihuili/RM_prac/install/pure_pursuit_pkg/share/pure_pursuit_pkg/cmake/pure_pursuit_pkg__rosidl_typesupport_introspection_cppExport.cmake
[0.846s] -- Up-to-date: /home/zhihuili/RM_prac/install/pure_pursuit_pkg/share/pure_pursuit_pkg/cmake/pure_pursuit_pkg__rosidl_typesupport_introspection_cppExport-noconfig.cmake
[0.848s] -- Up-to-date: /home/zhihuili/RM_prac/install/pure_pursuit_pkg/share/pure_pursuit_pkg/cmake/pure_pursuit_pkg__rosidl_typesupport_cppExport.cmake
[0.848s] -- Up-to-date: /home/zhihuili/RM_prac/install/pure_pursuit_pkg/share/pure_pursuit_pkg/cmake/pure_pursuit_pkg__rosidl_typesupport_cppExport-noconfig.cmake
[0.849s] -- Up-to-date: /home/zhihuili/RM_prac/install/pure_pursuit_pkg/share/pure_pursuit_pkg/cmake/export_pure_pursuit_pkg__rosidl_generator_pyExport.cmake
[0.850s] -- Up-to-date: /home/zhihuili/RM_prac/install/pure_pursuit_pkg/share/pure_pursuit_pkg/cmake/export_pure_pursuit_pkg__rosidl_generator_pyExport-noconfig.cmake
[1.030s] Invoked command in '/home/zhihuili/RM_prac/build/pure_pursuit_pkg' returned '0': CMAKE_PREFIX_PATH=${CMAKE_PREFIX_PATH}:/home/zhihuili/RM_prac/install/turtlebot3_dqn:/opt/ros/humble /usr/bin/cmake --install /home/zhihuili/RM_prac/build/pure_pursuit_pkg
