[0.131s] Invoking command in '/home/zhihuili/RM_prac/build/bringup_turtlebot3_pkg': CMAKE_PREFIX_PATH=${CMAKE_PREFIX_PATH}:/home/zhihuili/RM_prac/install/turtlebot3_dqn:/opt/ros/humble /usr/bin/cmake --build /home/zhihuili/RM_prac/build/bringup_turtlebot3_pkg -- -j14 -l14
[0.267s] [100%] Built target cmd_vel_publisher
[0.301s] Invoked command in '/home/zhihuili/RM_prac/build/bringup_turtlebot3_pkg' returned '0': CMAKE_PREFIX_PATH=${CMAKE_PREFIX_PATH}:/home/zhihuili/RM_prac/install/turtlebot3_dqn:/opt/ros/humble /usr/bin/cmake --build /home/zhihuili/RM_prac/build/bringup_turtlebot3_pkg -- -j14 -l14
[0.302s] Invoking command in '/home/zhihuili/RM_prac/build/bringup_turtlebot3_pkg': CMAKE_PREFIX_PATH=${CMAKE_PREFIX_PATH}:/home/zhihuili/RM_prac/install/turtlebot3_dqn:/opt/ros/humble /usr/bin/cmake --install /home/zhihuili/RM_prac/build/bringup_turtlebot3_pkg
[0.324s] -- Install configuration: ""
[0.325s] -- Execute custom install script
[0.325s] -- Up-to-date symlink: /home/zhihuili/RM_prac/install/bringup_turtlebot3_pkg/lib/bringup_turtlebot3_pkg/cmd_vel_publisher
[0.325s] -- Up-to-date symlink: /home/zhihuili/RM_prac/install/bringup_turtlebot3_pkg/share/ament_index/resource_index/package_run_dependencies/bringup_turtlebot3_pkg
[0.325s] -- Up-to-date symlink: /home/zhihuili/RM_prac/install/bringup_turtlebot3_pkg/share/ament_index/resource_index/parent_prefix_path/bringup_turtlebot3_pkg
[0.325s] -- Up-to-date symlink: /home/zhihuili/RM_prac/install/bringup_turtlebot3_pkg/share/bringup_turtlebot3_pkg/environment/ament_prefix_path.sh
[0.326s] -- Up-to-date symlink: /home/zhihuili/RM_prac/install/bringup_turtlebot3_pkg/share/bringup_turtlebot3_pkg/environment/ament_prefix_path.dsv
[0.333s] -- Up-to-date symlink: /home/zhihuili/RM_prac/install/bringup_turtlebot3_pkg/share/bringup_turtlebot3_pkg/environment/path.sh
[0.333s] -- Up-to-date symlink: /home/zhihuili/RM_prac/install/bringup_turtlebot3_pkg/share/bringup_turtlebot3_pkg/environment/path.dsv
[0.333s] -- Up-to-date symlink: /home/zhihuili/RM_prac/install/bringup_turtlebot3_pkg/share/bringup_turtlebot3_pkg/local_setup.bash
[0.333s] -- Up-to-date symlink: /home/zhihuili/RM_prac/install/bringup_turtlebot3_pkg/share/bringup_turtlebot3_pkg/local_setup.sh
[0.333s] -- Up-to-date symlink: /home/zhihuili/RM_prac/install/bringup_turtlebot3_pkg/share/bringup_turtlebot3_pkg/local_setup.zsh
[0.333s] -- Up-to-date symlink: /home/zhihuili/RM_prac/install/bringup_turtlebot3_pkg/share/bringup_turtlebot3_pkg/local_setup.dsv
[0.334s] -- Symlinking: /home/zhihuili/RM_prac/install/bringup_turtlebot3_pkg/share/bringup_turtlebot3_pkg/package.dsv
[0.344s] -- Up-to-date symlink: /home/zhihuili/RM_prac/install/bringup_turtlebot3_pkg/share/ament_index/resource_index/packages/bringup_turtlebot3_pkg
[0.346s] -- Up-to-date symlink: /home/zhihuili/RM_prac/install/bringup_turtlebot3_pkg/share/bringup_turtlebot3_pkg/cmake/bringup_turtlebot3_pkgConfig.cmake
[0.347s] -- Up-to-date symlink: /home/zhihuili/RM_prac/install/bringup_turtlebot3_pkg/share/bringup_turtlebot3_pkg/cmake/bringup_turtlebot3_pkgConfig-version.cmake
[0.347s] -- Up-to-date symlink: /home/zhihuili/RM_prac/install/bringup_turtlebot3_pkg/share/bringup_turtlebot3_pkg/package.xml
[0.368s] Invoked command in '/home/zhihuili/RM_prac/build/bringup_turtlebot3_pkg' returned '0': CMAKE_PREFIX_PATH=${CMAKE_PREFIX_PATH}:/home/zhihuili/RM_prac/install/turtlebot3_dqn:/opt/ros/humble /usr/bin/cmake --install /home/zhihuili/RM_prac/build/bringup_turtlebot3_pkg
