[0.060s] Invoking command in '/home/zhihuili/RM_prac/build/transformations_pkg': CMAKE_PREFIX_PATH=${CMAKE_PREFIX_PATH}:/home/zhihuili/RM_prac/install/turtlebot3_dqn:/opt/ros/humble /usr/bin/cmake --build /home/zhihuili/RM_prac/build/transformations_pkg -- -j14 -l14
[0.143s] [100%] Built target transform_listener
[0.186s] Invoked command in '/home/zhihuili/RM_prac/build/transformations_pkg' returned '0': CMAKE_PREFIX_PATH=${CMAKE_PREFIX_PATH}:/home/zhihuili/RM_prac/install/turtlebot3_dqn:/opt/ros/humble /usr/bin/cmake --build /home/zhihuili/RM_prac/build/transformations_pkg -- -j14 -l14
[0.187s] Invoking command in '/home/zhihuili/RM_prac/build/transformations_pkg': CMAKE_PREFIX_PATH=${CMAKE_PREFIX_PATH}:/home/zhihuili/RM_prac/install/turtlebot3_dqn:/opt/ros/humble /usr/bin/cmake --install /home/zhihuili/RM_prac/build/transformations_pkg
[0.190s] -- Install configuration: ""
[0.190s] -- Execute custom install script
[0.190s] -- Up-to-date symlink: /home/zhihuili/RM_prac/install/transformations_pkg/lib/transformations_pkg/transform_listener
[0.190s] -- Up-to-date symlink: /home/zhihuili/RM_prac/install/transformations_pkg/share/ament_index/resource_index/package_run_dependencies/transformations_pkg
[0.190s] -- Up-to-date symlink: /home/zhihuili/RM_prac/install/transformations_pkg/share/ament_index/resource_index/parent_prefix_path/transformations_pkg
[0.190s] -- Up-to-date symlink: /home/zhihuili/RM_prac/install/transformations_pkg/share/transformations_pkg/environment/ament_prefix_path.sh
[0.190s] -- Up-to-date symlink: /home/zhihuili/RM_prac/install/transformations_pkg/share/transformations_pkg/environment/ament_prefix_path.dsv
[0.190s] -- Up-to-date symlink: /home/zhihuili/RM_prac/install/transformations_pkg/share/transformations_pkg/environment/path.sh
[0.190s] -- Up-to-date symlink: /home/zhihuili/RM_prac/install/transformations_pkg/share/transformations_pkg/environment/path.dsv
[0.190s] -- Up-to-date symlink: /home/zhihuili/RM_prac/install/transformations_pkg/share/transformations_pkg/local_setup.bash
[0.190s] -- Up-to-date symlink: /home/zhihuili/RM_prac/install/transformations_pkg/share/transformations_pkg/local_setup.sh
[0.190s] -- Up-to-date symlink: /home/zhihuili/RM_prac/install/transformations_pkg/share/transformations_pkg/local_setup.zsh
[0.190s] -- Up-to-date symlink: /home/zhihuili/RM_prac/install/transformations_pkg/share/transformations_pkg/local_setup.dsv
[0.191s] -- Symlinking: /home/zhihuili/RM_prac/install/transformations_pkg/share/transformations_pkg/package.dsv
[0.191s] -- Up-to-date symlink: /home/zhihuili/RM_prac/install/transformations_pkg/share/ament_index/resource_index/packages/transformations_pkg
[0.191s] -- Up-to-date symlink: /home/zhihuili/RM_prac/install/transformations_pkg/share/transformations_pkg/cmake/transformations_pkgConfig.cmake
[0.191s] -- Up-to-date symlink: /home/zhihuili/RM_prac/install/transformations_pkg/share/transformations_pkg/cmake/transformations_pkgConfig-version.cmake
[0.191s] -- Up-to-date symlink: /home/zhihuili/RM_prac/install/transformations_pkg/share/transformations_pkg/package.xml
[0.262s] Invoked command in '/home/zhihuili/RM_prac/build/transformations_pkg' returned '0': CMAKE_PREFIX_PATH=${CMAKE_PREFIX_PATH}:/home/zhihuili/RM_prac/install/turtlebot3_dqn:/opt/ros/humble /usr/bin/cmake --install /home/zhihuili/RM_prac/build/transformations_pkg
