[0.133s] Invoking command in '/home/zhihuili/RM_prac/build/upv_maps_pkg': CMAKE_PREFIX_PATH=${CMAKE_PREFIX_PATH}:/home/zhihuili/RM_prac/install/turtlebot3_dqn:/opt/ros/humble /usr/bin/cmake --build /home/zhihuili/RM_prac/build/upv_maps_pkg -- -j14 -l14
[0.332s] Invoked command in '/home/zhihuili/RM_prac/build/upv_maps_pkg' returned '0': CMAKE_PREFIX_PATH=${CMAKE_PREFIX_PATH}:/home/zhihuili/RM_prac/install/turtlebot3_dqn:/opt/ros/humble /usr/bin/cmake --build /home/zhihuili/RM_prac/build/upv_maps_pkg -- -j14 -l14
[0.340s] Invoking command in '/home/zhihuili/RM_prac/build/upv_maps_pkg': CMAKE_PREFIX_PATH=${CMAKE_PREFIX_PATH}:/home/zhihuili/RM_prac/install/turtlebot3_dqn:/opt/ros/humble /usr/bin/cmake --install /home/zhihuili/RM_prac/build/upv_maps_pkg
[0.386s] -- Install configuration: ""
[0.387s] -- Execute custom install script
[0.388s] -- Up-to-date symlink: /home/zhihuili/RM_prac/install/upv_maps_pkg/share/upv_maps_pkg/maps/coppeliasim/coppeliasim_map.pgm
[0.389s] -- Up-to-date symlink: /home/zhihuili/RM_prac/install/upv_maps_pkg/share/upv_maps_pkg/maps/coppeliasim/coppeliasim_map.yaml
[0.389s] -- Up-to-date symlink: /home/zhihuili/RM_prac/install/upv_maps_pkg/share/upv_maps_pkg/maps/coppeliasim/speed_mask_coppeliasim_map.pgm
[0.390s] -- Up-to-date symlink: /home/zhihuili/RM_prac/install/upv_maps_pkg/share/upv_maps_pkg/maps/coppeliasim/speed_mask_coppeliasim_map.yaml
[0.391s] -- Up-to-date symlink: /home/zhihuili/RM_prac/install/upv_maps_pkg/share/upv_maps_pkg/maps/disa/simulacion2_aula_map.pgm
[0.393s] -- Up-to-date symlink: /home/zhihuili/RM_prac/install/upv_maps_pkg/share/upv_maps_pkg/maps/disa/simulacion2_aula_map.yaml
[0.395s] -- Up-to-date symlink: /home/zhihuili/RM_prac/install/upv_maps_pkg/share/upv_maps_pkg/maps/disa/simulacion2_aula_room_map.pgm
[0.396s] -- Up-to-date symlink: /home/zhihuili/RM_prac/install/upv_maps_pkg/share/upv_maps_pkg/maps/disa/simulacion2_aula_room_map.yaml
[0.396s] -- Up-to-date symlink: /home/zhihuili/RM_prac/install/upv_maps_pkg/share/upv_maps_pkg/maps/disa/simulacion2_room_map.pgm
[0.396s] -- Up-to-date symlink: /home/zhihuili/RM_prac/install/upv_maps_pkg/share/upv_maps_pkg/maps/disa/simulacion2_room_map.yaml
[0.397s] -- Up-to-date symlink: /home/zhihuili/RM_prac/install/upv_maps_pkg/share/upv_maps_pkg/maps/etsinf/lab_map.pgm
[0.397s] -- Up-to-date symlink: /home/zhihuili/RM_prac/install/upv_maps_pkg/share/upv_maps_pkg/maps/etsinf/lab_map.yaml
[0.397s] -- Up-to-date symlink: /home/zhihuili/RM_prac/install/upv_maps_pkg/share/upv_maps_pkg/maps/etsinf/speed_mask_lab_map.pgm
[0.398s] -- Up-to-date symlink: /home/zhihuili/RM_prac/install/upv_maps_pkg/share/upv_maps_pkg/maps/etsinf/speed_mask_lab_map.yaml
[0.399s] -- Up-to-date symlink: /home/zhihuili/RM_prac/install/upv_maps_pkg/share/ament_index/resource_index/package_run_dependencies/upv_maps_pkg
[0.400s] -- Up-to-date symlink: /home/zhihuili/RM_prac/install/upv_maps_pkg/share/ament_index/resource_index/parent_prefix_path/upv_maps_pkg
[0.401s] -- Up-to-date symlink: /home/zhihuili/RM_prac/install/upv_maps_pkg/share/upv_maps_pkg/environment/ament_prefix_path.sh
[0.403s] -- Up-to-date symlink: /home/zhihuili/RM_prac/install/upv_maps_pkg/share/upv_maps_pkg/environment/ament_prefix_path.dsv
[0.403s] -- Up-to-date symlink: /home/zhihuili/RM_prac/install/upv_maps_pkg/share/upv_maps_pkg/environment/path.sh
[0.404s] -- Up-to-date symlink: /home/zhihuili/RM_prac/install/upv_maps_pkg/share/upv_maps_pkg/environment/path.dsv
[0.406s] -- Up-to-date symlink: /home/zhihuili/RM_prac/install/upv_maps_pkg/share/upv_maps_pkg/local_setup.bash
[0.406s] -- Up-to-date symlink: /home/zhihuili/RM_prac/install/upv_maps_pkg/share/upv_maps_pkg/local_setup.sh
[0.406s] -- Up-to-date symlink: /home/zhihuili/RM_prac/install/upv_maps_pkg/share/upv_maps_pkg/local_setup.zsh
[0.412s] -- Up-to-date symlink: /home/zhihuili/RM_prac/install/upv_maps_pkg/share/upv_maps_pkg/local_setup.dsv
[0.419s] -- Symlinking: /home/zhihuili/RM_prac/install/upv_maps_pkg/share/upv_maps_pkg/package.dsv
[0.435s] -- Up-to-date symlink: /home/zhihuili/RM_prac/install/upv_maps_pkg/share/ament_index/resource_index/packages/upv_maps_pkg
[0.435s] -- Up-to-date symlink: /home/zhihuili/RM_prac/install/upv_maps_pkg/share/upv_maps_pkg/cmake/upv_maps_pkgConfig.cmake
[0.435s] -- Up-to-date symlink: /home/zhihuili/RM_prac/install/upv_maps_pkg/share/upv_maps_pkg/cmake/upv_maps_pkgConfig-version.cmake
[0.435s] -- Up-to-date symlink: /home/zhihuili/RM_prac/install/upv_maps_pkg/share/upv_maps_pkg/package.xml
[0.585s] Invoked command in '/home/zhihuili/RM_prac/build/upv_maps_pkg' returned '0': CMAKE_PREFIX_PATH=${CMAKE_PREFIX_PATH}:/home/zhihuili/RM_prac/install/turtlebot3_dqn:/opt/ros/humble /usr/bin/cmake --install /home/zhihuili/RM_prac/build/upv_maps_pkg
